Archive member included to satisfy reference by file (symbol)

Generated_Source\PSoC6\pdl\middleware\ble\lib\cy_ble_stack_gcc_controller_ipc_cm0p.a(CyBleStackMgrIP_Interface.o)
                              .\CortexM0p\ARM_GCC_541\Debug\cy_ble.o (Cy_BLE_EnablePrivacyFeature)
Generated_Source\PSoC6\pdl\middleware\ble\lib\cy_ble_stack_gcc_controller_ipc_cm0p.a(CyBleStackMgr_PSoCHal.o)
                              Generated_Source\PSoC6\pdl\middleware\ble\lib\cy_ble_stack_gcc_controller_ipc_cm0p.a(CyBleStackMgrIP_Interface.o) (bt_config)
Generated_Source\PSoC6\pdl\middleware\ble\lib\cy_ble_stack_gcc_controller_ipc_cm0p.a(CyBleStackMgr_BleSSDriver.o)
                              Generated_Source\PSoC6\pdl\middleware\ble\lib\cy_ble_stack_gcc_controller_ipc_cm0p.a(CyBleStackMgrIP_Interface.o) (CyBleStackMgr_BleSSInit)
Generated_Source\PSoC6\pdl\middleware\ble\lib\cy_ble_stack_gcc_controller_ipc_cm0p.a(CyBleStackMgr_StackTaskHandler.o)
                              Generated_Source\PSoC6\pdl\middleware\ble\lib\cy_ble_stack_gcc_controller_ipc_cm0p.a(CyBleStackMgrIP_Interface.o) (CyBle_CreateBleStackTask)
Generated_Source\PSoC6\pdl\middleware\ble\lib\cy_ble_stack_gcc_controller_ipc_cm0p.a(config_bin.o)
                              Generated_Source\PSoC6\pdl\middleware\ble\lib\cy_ble_stack_gcc_controller_ipc_cm0p.a(CyBleStackMgr_PSoCHal.o) (bt_cfg_pdata)
Generated_Source\PSoC6\pdl\middleware\ble\lib\cy_ble_stack_gcc_controller_ipc_cm0p.a(BT_timer.o)
                              Generated_Source\PSoC6\pdl\middleware\ble\lib\cy_ble_stack_gcc_controller_ipc_cm0p.a(CyBleStackMgr_StackTaskHandler.o) (BT_timer_process_signals)
Generated_Source\PSoC6\pdl\middleware\ble\lib\cy_ble_stack_gcc_controller_ipc_cm0p.a(bt_os_common.o)
                              Generated_Source\PSoC6\pdl\middleware\ble\lib\cy_ble_stack_gcc_controller_ipc_cm0p.a(CyBleStackMgr_StackTaskHandler.o) (BT_ISROSQPost)
Generated_Source\PSoC6\pdl\middleware\ble\lib\cy_ble_stack_gcc_controller_ipc_cm0p.a(CyBleStackMgrIP_Pilo.o)
                              Generated_Source\PSoC6\pdl\middleware\ble\lib\cy_ble_stack_gcc_controller_ipc_cm0p.a(CyBleStackMgrIP_Interface.o) (CyPilo_InitCalibration)
Generated_Source\PSoC6\pdl\middleware\ble\lib\cy_ble_stack_gcc_controller_ipc_cm0p.a(mint_os.o)
                              Generated_Source\PSoC6\pdl\middleware\ble\lib\cy_ble_stack_gcc_controller_ipc_cm0p.a(CyBleStackMgrIP_Interface.o) (OS_init)
Generated_Source\PSoC6\pdl\middleware\ble\lib\cy_ble_stack_gcc_controller_ipc_cm0p.a(mint_os_queue.o)
                              Generated_Source\PSoC6\pdl\middleware\ble\lib\cy_ble_stack_gcc_controller_ipc_cm0p.a(mint_os.o) (OS_TOTAL_QUEUES)
Generated_Source\PSoC6\pdl\middleware\ble\lib\cy_ble_stack_gcc_controller_ipc_cm0p.a(mint_os_task.o)
                              Generated_Source\PSoC6\pdl\middleware\ble\lib\cy_ble_stack_gcc_controller_ipc_cm0p.a(mint_os.o) (idle_func_handler)
Generated_Source\PSoC6\pdl\middleware\ble\lib\cy_ble_stack_gcc_controller_ipc_cm0p.a(mint_buf_mgmt.o)
                              Generated_Source\PSoC6\pdl\middleware\ble\lib\cy_ble_stack_gcc_controller_ipc_cm0p.a(CyBleStackMgrIP_Interface.o) (mint_buf_mgmt_init)
Generated_Source\PSoC6\pdl\middleware\ble\lib\cy_ble_stack_gcc_controller_ipc_cm0p.a(transport_ipc.o)
                              Generated_Source\PSoC6\pdl\middleware\ble\lib\cy_ble_stack_gcc_controller_ipc_cm0p.a(CyBleStackMgr_PSoCHal.o) (CyBleController_HciIpcInit)
Generated_Source\PSoC6\pdl\middleware\ble\lib\cy_ble_stack_gcc_controller_ipc_cm0p.a(CyBleStackMgr_PSoCIPCHal.o)
                              Generated_Source\PSoC6\pdl\middleware\ble\lib\cy_ble_stack_gcc_controller_ipc_cm0p.a(CyBleStackMgrIP_Interface.o) (CyBleController_IPC_HAL_InitWithStaticMem)
Generated_Source\PSoC6\pdl\middleware\ble\lib\cy_ble_stack_gcc_controller_ipc_cm0p.a(CyBleControllerIP_Interface.o)
                              Generated_Source\PSoC6\pdl\middleware\ble\lib\cy_ble_stack_gcc_controller_ipc_cm0p.a(CyBleStackMgrIP_Interface.o) (CyBle_ControllerEnableDleFeature)
Generated_Source\PSoC6\pdl\middleware\ble\lib\cy_ble_stack_gcc_controller_ipc_cm0p.a(ll.o)
                              Generated_Source\PSoC6\pdl\middleware\ble\lib\cy_ble_stack_gcc_controller_ipc_cm0p.a(CyBleControllerIP_Interface.o) (ll_self_device_data)
Generated_Source\PSoC6\pdl\middleware\ble\lib\cy_ble_stack_gcc_controller_ipc_cm0p.a(ll_advertiser.o)
                              Generated_Source\PSoC6\pdl\middleware\ble\lib\cy_ble_stack_gcc_controller_ipc_cm0p.a(ll.o) (ll_adv_is_configured_connection_adv)
Generated_Source\PSoC6\pdl\middleware\ble\lib\cy_ble_stack_gcc_controller_ipc_cm0p.a(ll_connection.o)
                              Generated_Source\PSoC6\pdl\middleware\ble\lib\cy_ble_stack_gcc_controller_ipc_cm0p.a(ll.o) (bleSlDsmFix)
Generated_Source\PSoC6\pdl\middleware\ble\lib\cy_ble_stack_gcc_controller_ipc_cm0p.a(llh_api.o)
[...]
Memory Configuration

Name             Origin             Length             Attributes
ram              0x08000000         0x00024000         xrw
flash            0x10000000         0x00080000         xr
em_eeprom        0x14000000         0x00008000         xr
sflash_user_data 0x16000800         0x00000800         xr
sflash_nar       0x16001a00         0x00000200         xr
sflash_public_key 0x16005a00         0x00000c00         xr
sflash_toc_2     0x16007c00         0x00000200         xr
sflash_rtoc_2    0x16007e00         0x00000200         xr
xip              0x18000000         0x08000000         xr
efuse            0x90700000         0x00100000         r
*default*        0x00000000         0xffffffff

Linker script and memory map

LOAD c:/program files (x86)/cypress/psoc creator/4.2/psoc creator/import/gnu/arm/5.4.1/bin/../lib/gcc/arm-none-eabi/5.4.1/armv6-m/crti.o
LOAD c:/program files (x86)/cypress/psoc creator/4.2/psoc creator/import/gnu/arm/5.4.1/bin/../lib/gcc/arm-none-eabi/5.4.1/armv6-m/crtbegin.o
LOAD c:/program files (x86)/cypress/psoc creator/4.2/psoc creator/import/gnu/arm/5.4.1/bin/../lib/gcc/arm-none-eabi/5.4.1/../../../../arm-none-eabi/lib/armv6-m/crt0.o
START GROUP
LOAD Generated_Source\PSoC6\pdl\middleware\ble\lib\cy_ble_stack_gcc_radio_max_cm0p.a
LOAD Generated_Source\PSoC6\pdl\middleware\ble\lib\cy_ble_stack_gcc_controller_ipc_cm0p.a
LOAD .\CortexM0p\ARM_GCC_541\Debug\startup_psoc63_cm0plus.o
LOAD .\CortexM0p\ARM_GCC_541\Debug\main_cm0p.o
LOAD .\CortexM0p\ARM_GCC_541\Debug\system_psoc63_cm0plus.o
LOAD .\CortexM0p\ARM_GCC_541\Debug\cy_ipc_config.o
LOAD .\CortexM0p\ARM_GCC_541\Debug\cyfitter_sysint_cfg.o
LOAD .\CortexM0p\ARM_GCC_541\Debug\cyfitter_cfg.o
LOAD .\CortexM0p\ARM_GCC_541\Debug\cymetadata.o
LOAD .\CortexM0p\ARM_GCC_541\Debug\cy_sysint.o
LOAD .\CortexM0p\ARM_GCC_541\Debug\cy_ipc_drv.o
LOAD .\CortexM0p\ARM_GCC_541\Debug\cy_ipc_sema.o
LOAD .\CortexM0p\ARM_GCC_541\Debug\cy_ipc_pipe.o
LOAD .\CortexM0p\ARM_GCC_541\Debug\cy_sysclk.o
LOAD .\CortexM0p\ARM_GCC_541\Debug\cy_wdt.o
LOAD .\CortexM0p\ARM_GCC_541\Debug\cy_scb_common.o
LOAD .\CortexM0p\ARM_GCC_541\Debug\cy_scb_i2c.o
LOAD .\CortexM0p\ARM_GCC_541\Debug\cy_scb_ezi2c.o
LOAD .\CortexM0p\ARM_GCC_541\Debug\cy_scb_spi.o
LOAD .\CortexM0p\ARM_GCC_541\Debug\cy_scb_uart.o
LOAD .\CortexM0p\ARM_GCC_541\Debug\cy_efuse.o
LOAD .\CortexM0p\ARM_GCC_541\Debug\cy_flash.o
LOAD .\CortexM0p\ARM_GCC_541\Debug\cy_gpio.o
LOAD .\CortexM0p\ARM_GCC_541\Debug\cy_sysanalog.o
LOAD .\CortexM0p\ARM_GCC_541\Debug\cy_syspm.o
LOAD .\CortexM0p\ARM_GCC_541\Debug\cy_syslib.o
LOAD .\CortexM0p\ARM_GCC_541\Debug\cy_syslib_gcc.o
LOAD .\CortexM0p\ARM_GCC_541\Debug\cy_trigmux.o
LOAD .\CortexM0p\ARM_GCC_541\Debug\cy_systick.o
LOAD .\CortexM0p\ARM_GCC_541\Debug\cy_profile.o
LOAD .\CortexM0p\ARM_GCC_541\Debug\cy_prot.o
LOAD .\CortexM0p\ARM_GCC_541\Debug\cy_lvd.o
LOAD .\CortexM0p\ARM_GCC_541\Debug\cy_ble.o
LOAD .\CortexM0p\ARM_GCC_541\Debug\cy_ble_hal_int.o
LOAD .\CortexM0p\ARM_GCC_541\Debug\cy_ble_hal_pvt.o
LOAD .\CortexM0p\ARM_GCC_541\Debug\cy_ble_gap.o
LOAD .\CortexM0p\ARM_GCC_541\Debug\cy_ble_gatt.o
LOAD .\CortexM0p\ARM_GCC_541\Debug\cy_ble_event_handler.o
LOAD .\CortexM0p\ARM_GCC_541\Debug\cy_ble_ancs.o
LOAD .\CortexM0p\ARM_GCC_541\Debug\cy_ble_ans.o
LOAD .\CortexM0p\ARM_GCC_541\Debug\cy_ble_aios.o
LOAD .\CortexM0p\ARM_GCC_541\Debug\cy_ble_bas.o
LOAD .\CortexM0p\ARM_GCC_541\Debug\cy_ble_bcs.o
LOAD .\CortexM0p\ARM_GCC_541\Debug\cy_ble_bls.o
LOAD .\CortexM0p\ARM_GCC_541\Debug\cy_ble_bms.o
LOAD .\CortexM0p\ARM_GCC_541\Debug\cy_ble_bts.o
LOAD .\CortexM0p\ARM_GCC_541\Debug\cy_ble_cgms.o
LOAD .\CortexM0p\ARM_GCC_541\Debug\cy_ble_cps.o
LOAD .\CortexM0p\ARM_GCC_541\Debug\cy_ble_cscs.o
LOAD .\CortexM0p\ARM_GCC_541\Debug\cy_ble_cts.o
LOAD .\CortexM0p\ARM_GCC_541\Debug\cy_ble_custom.o
LOAD .\CortexM0p\ARM_GCC_541\Debug\cy_ble_dis.o
LOAD .\CortexM0p\ARM_GCC_541\Debug\cy_ble_ess.o
LOAD .\CortexM0p\ARM_GCC_541\Debug\cy_ble_gls.o
LOAD .\CortexM0p\ARM_GCC_541\Debug\cy_ble_hids.o
LOAD .\CortexM0p\ARM_GCC_541\Debug\cy_ble_hps.o
LOAD .\CortexM0p\ARM_GCC_541\Debug\cy_ble_hrs.o
LOAD .\CortexM0p\ARM_GCC_541\Debug\cy_ble_hts.o
LOAD .\CortexM0p\ARM_GCC_541\Debug\cy_ble_ias.o
LOAD .\CortexM0p\ARM_GCC_541\Debug\cy_ble_ips.o
LOAD .\CortexM0p\ARM_GCC_541\Debug\cy_ble_lls.o
LOAD .\CortexM0p\ARM_GCC_541\Debug\cy_ble_lns.o
LOAD .\CortexM0p\ARM_GCC_541\Debug\cy_ble_ndcs.o
LOAD .\CortexM0p\ARM_GCC_541\Debug\cy_ble_plxs.o
LOAD .\CortexM0p\ARM_GCC_541\Debug\cy_ble_pass.o
LOAD .\CortexM0p\ARM_GCC_541\Debug\cy_ble_rscs.o
LOAD .\CortexM0p\ARM_GCC_541\Debug\cy_ble_rtus.o
LOAD .\CortexM0p\ARM_GCC_541\Debug\cy_ble_scps.o
LOAD .\CortexM0p\ARM_GCC_541\Debug\cy_ble_tps.o
LOAD .\CortexM0p\ARM_GCC_541\Debug\cy_ble_uds.o
LOAD .\CortexM0p\ARM_GCC_541\Debug\cy_ble_wpts.o
LOAD .\CortexM0p\ARM_GCC_541\Debug\cy_ble_wss.o
LOAD .\CortexM0p\ARM_GCC_541\Debug\cy_ble_clk.o
LOAD .\CortexM0p\ARM_GCC_541\Debug\BLE.o
LOAD .\CortexM0p\ARM_GCC_541\Debug\BLE_config.o
LOAD .\CortexM0p\ARM_GCC_541\Debug\BLE_ias_config.o
LOAD .\CortexM0p\ARM_GCC_541\Debug\UART_DEBUG.o
END GROUP
START GROUP
LOAD c:/program files (x86)/cypress/psoc creator/4.2/psoc creator/import/gnu/arm/5.4.1/bin/../lib/gcc/arm-none-eabi/5.4.1/armv6-m\libgcc.a
LOAD c:/program files (x86)/cypress/psoc creator/4.2/psoc creator/import/gnu/arm/5.4.1/bin/../lib/gcc/arm-none-eabi/5.4.1/../../../../arm-none-eabi/lib/armv6-m\libg_nano.a
LOAD c:/program files (x86)/cypress/psoc creator/4.2/psoc creator/import/gnu/arm/5.4.1/bin/../lib/gcc/arm-none-eabi/5.4.1/../../../../arm-none-eabi/lib/armv6-m\libc_nano.a
END GROUP
START GROUP
LOAD c:/program files (x86)/cypress/psoc creator/4.2/psoc creator/import/gnu/arm/5.4.1/bin/../lib/gcc/arm-none-eabi/5.4.1/armv6-m\libgcc.a
LOAD c:/program files (x86)/cypress/psoc creator/4.2/psoc creator/import/gnu/arm/5.4.1/bin/../lib/gcc/arm-none-eabi/5.4.1/../../../../arm-none-eabi/lib/armv6-m\libc_nano.a
END GROUP
LOAD c:/program files (x86)/cypress/psoc creator/4.2/psoc creator/import/gnu/arm/5.4.1/bin/../lib/gcc/arm-none-eabi/5.4.1/armv6-m/crtend.o
LOAD c:/program files (x86)/cypress/psoc creator/4.2/psoc creator/import/gnu/arm/5.4.1/bin/../lib/gcc/arm-none-eabi/5.4.1/armv6-m/crtn.o
START GROUP
LOAD c:/program files (x86)/cypress/psoc creator/4.2/psoc creator/import/gnu/arm/5.4.1/bin/../lib/gcc/arm-none-eabi/5.4.1/armv6-m\libgcc.a
LOAD c:/program files (x86)/cypress/psoc creator/4.2/psoc creator/import/gnu/arm/5.4.1/bin/../lib/gcc/arm-none-eabi/5.4.1/../../../../arm-none-eabi/lib/armv6-m\libc.a
LOAD c:/program files (x86)/cypress/psoc creator/4.2/psoc creator/import/gnu/arm/5.4.1/bin/../lib/gcc/arm-none-eabi/5.4.1/../../../../arm-none-eabi/lib/armv6-m\libnosys.a
END GROUP
START GROUP
LOAD c:/program files (x86)/cypress/psoc creator/4.2/psoc creator/import/gnu/arm/5.4.1/bin/../lib/gcc/arm-none-eabi/5.4.1/armv6-m\libgcc.a
LOAD c:/program files (x86)/cypress/psoc creator/4.2/psoc creator/import/gnu/arm/5.4.1/bin/../lib/gcc/arm-none-eabi/5.4.1/../../../../arm-none-eabi/lib/armv6-m\libc.a
LOAD c:/program files (x86)/cypress/psoc creator/4.2/psoc creator/import/gnu/arm/5.4.1/bin/../lib/gcc/arm-none-eabi/5.4.1/../../../../arm-none-eabi/lib/armv6-m\libm.a
LOAD c:/program files (x86)/cypress/psoc creator/4.2/psoc creator/import/gnu/arm/5.4.1/bin/../lib/gcc/arm-none-eabi/5.4.1/../../../../arm-none-eabi/lib/armv6-m\libnosys.a
END GROUP

.cy_app_header
 *(.cy_app_header)

.text           0x10000000     0x7118
                0x10000000                . = ALIGN (0x4)
                0x10000000                __Vectors = .
 *(.vectors)
 .vectors       0x10000000       0xc0 .\CortexM0p\ARM_GCC_541\Debug\startup_psoc63_cm0plus.o
                0x100000c0                . = ALIGN (0x4)
                0x100000c0                __Vectors_End = .
                0x000000c0                __Vectors_Size = (__Vectors_End - __Vectors)
                0x100000c0                __end__ = .
                0x100000c0                . = ALIGN (0x4)
 *(.text*)
 .text          0x100000c0       0x60 c:/program files (x86)/cypress/psoc creator/4.2/psoc creator/import/gnu/arm/5.4.1/bin/../lib/gcc/arm-none-eabi/5.4.1/armv6-m/crtbegin.o
 .text          0x10000120       0x90 .\CortexM0p\ARM_GCC_541\Debug\startup_psoc63_cm0plus.o
                0x10000120                Cy_OnResetUser
                0x10000122                Cy_SaveIRQ
                0x1000012a                Cy_RestoreIRQ
                0x10000130                Reset_Handler
                0x10000190                SysTick_Handler
                0x10000190                PendSV_Handler
                0x10000190                NMI_Handler
                0x10000190                NvicMux19_IRQHandler
                0x10000190                NvicMux8_IRQHandler
                0x10000190                NvicMux27_IRQHandler
                0x10000190                NvicMux26_IRQHandler
                0x10000190                NvicMux17_IRQHandler
                0x10000190                NvicMux0_IRQHandler
                0x10000190                NvicMux25_IRQHandler
                0x10000190                NvicMux13_IRQHandler
                0x10000190                NvicMux11_IRQHandler
                0x10000190                NvicMux9_IRQHandler
                0x10000190                NvicMux18_IRQHandler
                0x10000190                NvicMux6_IRQHandler
                0x10000190                NvicMux10_IRQHandler
                0x10000190                NvicMux7_IRQHandler
                0x10000190                NvicMux2_IRQHandler
                0x10000190                NvicMux4_IRQHandler
                0x10000190                Default_Handler
                0x10000190                NvicMux30_IRQHandler
                0x10000190                NvicMux12_IRQHandler
                0x10000190                NvicMux5_IRQHandler
                0x10000190                NvicMux14_IRQHandler
                0x10000190                NvicMux3_IRQHandler
                0x10000190                SVC_Handler
                0x10000190                NvicMux1_IRQHandler
                0x10000190                NvicMux16_IRQHandler
                0x10000190                NvicMux29_IRQHandler
                0x10000190                NvicMux31_IRQHandler
                0x10000190                NvicMux21_IRQHandler
                0x10000190                NvicMux24_IRQHandler
                0x10000190                NvicMux20_IRQHandler
                0x10000190                NvicMux22_IRQHandler
                0x10000190                NvicMux15_IRQHandler
                0x10000190                NvicMux28_IRQHandler
                0x10000190                NvicMux23_IRQHandler
                0x10000194                HardFault_Handler
 .text.main     0x100001b0       0x74 .\CortexM0p\ARM_GCC_541\Debug\main_cm0p.o
                0x100001b0                main
 .text.SystemCoreClockUpdate
                0x10000224      0x1b0 .\CortexM0p\ARM_GCC_541\Debug\system_psoc63_cm0plus.o
                0x10000224                SystemCoreClockUpdate
 .text.SystemInit
                0x100003d4       0xa4 .\CortexM0p\ARM_GCC_541\Debug\system_psoc63_cm0plus.o
                0x100003d4                SystemInit
 .text.Cy_SysGetCM4Status
                0x10000478       0x10 .\CortexM0p\ARM_GCC_541\Debug\system_psoc63_cm0plus.o
                0x10000478                Cy_SysGetCM4Status
 .text.Cy_SysResetCM4
                0x10000488       0x34 .\CortexM0p\ARM_GCC_541\Debug\system_psoc63_cm0plus.o
                0x10000488                Cy_SysResetCM4
 .text.Cy_SysEnableCM4
                0x100004bc       0x4c .\CortexM0p\ARM_GCC_541\Debug\system_psoc63_cm0plus.o
                0x100004bc                Cy_SysEnableCM4
 .text.Cy_IPC_SystemPipeIsr
                0x10000508        0xc .\CortexM0p\ARM_GCC_541\Debug\cy_ipc_config.o
 .text.Cy_IPC_SystemSemaInit
                0x10000514       0x14 .\CortexM0p\ARM_GCC_541\Debug\cy_ipc_config.o
                0x10000514                Cy_IPC_SystemSemaInit
 .text.Cy_IPC_SystemPipeInit
                0x10000528       0x28 .\CortexM0p\ARM_GCC_541\Debug\cy_ipc_config.o
                0x10000528                Cy_IPC_SystemPipeInit
 .text.CyClockStartupError
                0x10000550        0x4 .\CortexM0p\ARM_GCC_541\Debug\cyfitter_cfg.o
 .text.ClockInit
                0x10000554      0x190 .\CortexM0p\ARM_GCC_541\Debug\cyfitter_cfg.o
 .text.Cy_SystemInit
                0x100006e4       0xd8 .\CortexM0p\ARM_GCC_541\Debug\cyfitter_cfg.o
                0x100006e4                Cy_SystemInit
 .text.Cy_SysInt_SetIntSource
                0x100007bc       0x88 .\CortexM0p\ARM_GCC_541\Debug\cy_sysint.o
                0x100007bc                Cy_SysInt_SetIntSource
 .text.Cy_SysInt_GetIntSource
                0x10000844       0x78 .\CortexM0p\ARM_GCC_541\Debug\cy_sysint.o
                0x10000844                Cy_SysInt_GetIntSource
 .text.Cy_SysInt_SetVector
                0x100008bc       0x44 .\CortexM0p\ARM_GCC_541\Debug\cy_sysint.o
                0x100008bc                Cy_SysInt_SetVector
 .text.Cy_SysInt_Init
                0x10000900       0xcc .\CortexM0p\ARM_GCC_541\Debug\cy_sysint.o
                0x10000900                Cy_SysInt_Init
 .text.Cy_IPC_Drv_LockRelease
                0x100009cc       0x34 .\CortexM0p\ARM_GCC_541\Debug\cy_ipc_drv.o
                0x100009cc                Cy_IPC_Drv_LockRelease
 .text.Cy_IPC_Drv_SendMsgWord
                0x10000a00       0x40 .\CortexM0p\ARM_GCC_541\Debug\cy_ipc_drv.o
                0x10000a00                Cy_IPC_Drv_SendMsgWord
 .text.Cy_IPC_Drv_ReadMsgWord
                0x10000a40       0x2c .\CortexM0p\ARM_GCC_541\Debug\cy_ipc_drv.o
                0x10000a40                Cy_IPC_Drv_ReadMsgWord
 .text.Cy_IPC_Sema_Init
                0x10000a6c       0xb8 .\CortexM0p\ARM_GCC_541\Debug\cy_ipc_sema.o
                0x10000a6c                Cy_IPC_Sema_Init
 .text.Cy_IPC_Sema_Set
                0x10000b24       0x8c .\CortexM0p\ARM_GCC_541\Debug\cy_ipc_sema.o
                0x10000b24                Cy_IPC_Sema_Set
 .text.Cy_IPC_Sema_Clear
                0x10000bb0       0x8c .\CortexM0p\ARM_GCC_541\Debug\cy_ipc_sema.o
                0x10000bb0                Cy_IPC_Sema_Clear
 .text.Cy_IPC_Sema_Status
                0x10000c3c       0x3c .\CortexM0p\ARM_GCC_541\Debug\cy_ipc_sema.o
                0x10000c3c                Cy_IPC_Sema_Status
 .text.Cy_IPC_Pipe_Config
                0x10000c78       0x14 .\CortexM0p\ARM_GCC_541\Debug\cy_ipc_pipe.o
                0x10000c78                Cy_IPC_Pipe_Config
 .text.Cy_IPC_Pipe_EndpointInit
                0x10000c8c       0xd0 .\CortexM0p\ARM_GCC_541\Debug\cy_ipc_pipe.o
                0x10000c8c                Cy_IPC_Pipe_EndpointInit
 .text.Cy_IPC_Pipe_Init
                0x10000d5c       0xcc .\CortexM0p\ARM_GCC_541\Debug\cy_ipc_pipe.o
                0x10000d5c                Cy_IPC_Pipe_Init
 .text.Cy_IPC_Pipe_SendMessage
                0x10000e28       0xd0 .\CortexM0p\ARM_GCC_541\Debug\cy_ipc_pipe.o
                0x10000e28                Cy_IPC_Pipe_SendMessage
 .text.Cy_IPC_Pipe_RegisterCallback
                0x10000ef8       0x64 .\CortexM0p\ARM_GCC_541\Debug\cy_ipc_pipe.o
                0x10000ef8                Cy_IPC_Pipe_RegisterCallback
 .text.Cy_IPC_Pipe_RegisterCallbackRel
                0x10000f5c       0x3c .\CortexM0p\ARM_GCC_541\Debug\cy_ipc_pipe.o
                0x10000f5c                Cy_IPC_Pipe_RegisterCallbackRel
 .text.Cy_IPC_Pipe_ExecCallback
                0x10000f98       0xc4 .\CortexM0p\ARM_GCC_541\Debug\cy_ipc_pipe.o
                0x10000f98                Cy_IPC_Pipe_ExecCallback
 .text.Cy_IPC_Pipe_ExecuteCallback
                0x1000105c       0x3c .\CortexM0p\ARM_GCC_541\Debug\cy_ipc_pipe.o
                0x1000105c                Cy_IPC_Pipe_ExecuteCallback
 .text.Cy_IPC_Pipe_EndpointPause
                0x10001098       0x60 .\CortexM0p\ARM_GCC_541\Debug\cy_ipc_pipe.o
                0x10001098                Cy_IPC_Pipe_EndpointPause
 .text.Cy_IPC_Pipe_EndpointResume
                0x100010f8       0x58 .\CortexM0p\ARM_GCC_541\Debug\cy_ipc_pipe.o
                0x100010f8                Cy_IPC_Pipe_EndpointResume
 .text.Cy_SysClk_ClkPathSetSource
                0x10001150       0x50 .\CortexM0p\ARM_GCC_541\Debug\cy_sysclk.o
                0x10001150                Cy_SysClk_ClkPathSetSource
 .text.Cy_SysClk_ClkPathGetSource
                0x100011a0       0x40 .\CortexM0p\ARM_GCC_541\Debug\cy_sysclk.o
                0x100011a0                Cy_SysClk_ClkPathGetSource
 .text.Cy_SysClk_FllManualConfigure
                0x100011e0      0x170 .\CortexM0p\ARM_GCC_541\Debug\cy_sysclk.o
                0x100011e0                Cy_SysClk_FllManualConfigure
 .text.Cy_SysClk_FllEnable
                0x10001350       0xcc .\CortexM0p\ARM_GCC_541\Debug\cy_sysclk.o
                0x10001350                Cy_SysClk_FllEnable
 .text.Cy_SysClk_StartClkMeasurementCounters
                0x1000141c      0x1b8 .\CortexM0p\ARM_GCC_541\Debug\cy_sysclk.o
                0x1000141c                Cy_SysClk_StartClkMeasurementCounters
 .text.Cy_SysClk_ClkMeasurementCountersGetFreq
                0x100015d4       0xdc .\CortexM0p\ARM_GCC_541\Debug\cy_sysclk.o
                0x100015d4                Cy_SysClk_ClkMeasurementCountersGetFreq
 .text.Cy_SCB_UART_Init
                0x100016b0      0x3bc .\CortexM0p\ARM_GCC_541\Debug\cy_scb_uart.o
                0x100016b0                Cy_SCB_UART_Init
 .text.Cy_Flash_GetRowNum
                0x10001a6c       0x4c .\CortexM0p\ARM_GCC_541\Debug\cy_flash.o
 .text.Cy_Flash_BoundsCheck
                0x10001ab8       0x1c .\CortexM0p\ARM_GCC_541\Debug\cy_flash.o
 .text.Cy_Flash_ProcessOpcode
                0x10001ad4       0xbc .\CortexM0p\ARM_GCC_541\Debug\cy_flash.o
 .text.Cy_Flash_OperationStatus
                0x10001b90       0x4c .\CortexM0p\ARM_GCC_541\Debug\cy_flash.o
 .text.Cy_Flash_Init
                0x10001bdc       0x14 .\CortexM0p\ARM_GCC_541\Debug\cy_flash.o
                0x10001bdc                Cy_Flash_Init
 .text.Cy_Flash_WriteRow
                0x10001bf0       0x84 .\CortexM0p\ARM_GCC_541\Debug\cy_flash.o
                0x10001bf0                Cy_Flash_WriteRow
 .text.Cy_Flash_IsOperationComplete
                0x10001c74        0x8 .\CortexM0p\ARM_GCC_541\Debug\cy_flash.o
                0x10001c74                Cy_Flash_IsOperationComplete
 .text.Cy_Flash_StartErase
                0x10001c7c       0x80 .\CortexM0p\ARM_GCC_541\Debug\cy_flash.o
                0x10001c7c                Cy_Flash_StartErase
 .text.Cy_Flash_StartProgram
                0x10001cfc       0x88 .\CortexM0p\ARM_GCC_541\Debug\cy_flash.o
                0x10001cfc                Cy_Flash_StartProgram
 .text.Cy_GPIO_Port_Init
                0x10001d84       0xb4 .\CortexM0p\ARM_GCC_541\Debug\cy_gpio.o
                0x10001d84                Cy_GPIO_Port_Init
 .text.SaveRegisters
                0x10001e38       0x54 .\CortexM0p\ARM_GCC_541\Debug\cy_syspm.o
 .text.RestoreRegisters
                0x10001e8c       0x54 .\CortexM0p\ARM_GCC_541\Debug\cy_syspm.o
 .text.SetReadMarginTrimUlp
                0x10001ee0       0x28 .\CortexM0p\ARM_GCC_541\Debug\cy_syspm.o
 .text.SetReadMarginTrimLp
                0x10001f08       0x28 .\CortexM0p\ARM_GCC_541\Debug\cy_syspm.o
 .text.SetWriteAssistTrimUlp
                0x10001f30       0x20 .\CortexM0p\ARM_GCC_541\Debug\cy_syspm.o
 .text.SetWriteAssistTrimLp
                0x10001f50       0x20 .\CortexM0p\ARM_GCC_541\Debug\cy_syspm.o
 .text.IsVoltageChangePossible
                0x10001f70       0x34 .\CortexM0p\ARM_GCC_541\Debug\cy_syspm.o
 .text.WriteVoltageBitForFlash
                0x10001fa4       0x78 .\CortexM0p\ARM_GCC_541\Debug\cy_syspm.o
 .text.Cy_SysPm_BuckSetVoltage1
                0x1000201c       0xac .\CortexM0p\ARM_GCC_541\Debug\cy_syspm.o
                0x1000201c                Cy_SysPm_BuckSetVoltage1
 .text.Cy_SysPm_BuckIsOutputEnabled
                0x100020c8       0x4c .\CortexM0p\ARM_GCC_541\Debug\cy_syspm.o
                0x100020c8                Cy_SysPm_BuckIsOutputEnabled
 .text.Cy_SysPm_BuckSetVoltage2
                0x10002114       0x4c .\CortexM0p\ARM_GCC_541\Debug\cy_syspm.o
                0x10002114                Cy_SysPm_BuckSetVoltage2
 .text.Cy_SysPm_LdoSetVoltage
                0x10002160       0xc8 .\CortexM0p\ARM_GCC_541\Debug\cy_syspm.o
                0x10002160                Cy_SysPm_LdoSetVoltage
 .text.Cy_SysPm_RegisterCallback
                0x10002228       0x7c .\CortexM0p\ARM_GCC_541\Debug\cy_syspm.o
                0x10002228                Cy_SysPm_RegisterCallback
 .text.Cy_SysPm_ExecuteCallback
                0x100022a4       0xc8 .\CortexM0p\ARM_GCC_541\Debug\cy_syspm.o
                0x100022a4                Cy_SysPm_ExecuteCallback
 .text.Cy_SysPm_Sleep
                0x1000236c       0x8c .\CortexM0p\ARM_GCC_541\Debug\cy_syspm.o
                0x1000236c                Cy_SysPm_Sleep
 .text.Cy_SysPm_DeepSleep
                0x100023f8      0x110 .\CortexM0p\ARM_GCC_541\Debug\cy_syspm.o
                0x100023f8                Cy_SysPm_DeepSleep
 .text.Cy_SysPm_IoUnfreeze
                0x10002508       0x2c .\CortexM0p\ARM_GCC_541\Debug\cy_syspm.o
                0x10002508                Cy_SysPm_IoUnfreeze
 .text.Cy_SysLib_DelayUs
                0x10002534       0x14 .\CortexM0p\ARM_GCC_541\Debug\cy_syslib.o
                0x10002534                Cy_SysLib_DelayUs
 .text.Cy_SysLib_Halt
                0x10002548        0x4 .\CortexM0p\ARM_GCC_541\Debug\cy_syslib.o
                0x10002548                Cy_SysLib_Halt
 .text.Cy_SysLib_AssertFailed
                0x1000254c       0x1c .\CortexM0p\ARM_GCC_541\Debug\cy_syslib.o
                0x1000254c                Cy_SysLib_AssertFailed
 .text.Cy_SysLib_ClearFlashCacheAndBuffer
                0x10002568        0xc .\CortexM0p\ARM_GCC_541\Debug\cy_syslib.o
                0x10002568                Cy_SysLib_ClearFlashCacheAndBuffer
 .text.Cy_SysLib_ResetBackupDomain
                0x10002574       0x20 .\CortexM0p\ARM_GCC_541\Debug\cy_syslib.o
                0x10002574                Cy_SysLib_ResetBackupDomain
 .text.Cy_SysLib_GetResetReason
                0x10002594       0x1c .\CortexM0p\ARM_GCC_541\Debug\cy_syslib.o
                0x10002594                Cy_SysLib_GetResetReason
 .text.Cy_SysLib_ProcessingFault
                0x100025b0        0x4 .\CortexM0p\ARM_GCC_541\Debug\cy_syslib.o
                0x100025b0                Cy_SysLib_ProcessingFault
 .text.Cy_SysLib_FaultHandler
                0x100025b4       0x30 .\CortexM0p\ARM_GCC_541\Debug\cy_syslib.o
                0x100025b4                Cy_SysLib_FaultHandler
 .text.Cy_SysLib_SetWaitStates
                0x100025e4       0x90 .\CortexM0p\ARM_GCC_541\Debug\cy_syslib.o
                0x100025e4                Cy_SysLib_SetWaitStates
 *fill*         0x10002674        0x4 
 .text          0x10002678       0x20 .\CortexM0p\ARM_GCC_541\Debug\cy_syslib_gcc.o
                0x10002678                Cy_SysLib_DelayCycles
                0x1000268a                Cy_SysLib_EnterCriticalSection
                0x10002692                Cy_SysLib_ExitCriticalSection
 .text.Cy_SysTick_SetClockSource
                0x10002698       0x34 .\CortexM0p\ARM_GCC_541\Debug\cy_systick.o
                0x10002698                Cy_SysTick_SetClockSource
 .text.Cy_Prot_GetActivePC
                0x100026cc       0x28 .\CortexM0p\ARM_GCC_541\Debug\cy_prot.o
                0x100026cc                Cy_Prot_GetActivePC
 .text.Cy_BLE_DeepSleepCallback
                0x100026f4       0xb4 .\CortexM0p\ARM_GCC_541\Debug\cy_ble.o
                0x100026f4                Cy_BLE_DeepSleepCallback
 .text.Cy_BLE_Init
                0x100027a8       0x20 .\CortexM0p\ARM_GCC_541\Debug\cy_ble.o
                0x100027a8                Cy_BLE_Init
 .text.Cy_BLE_Enable
                0x100027c8       0x68 .\CortexM0p\ARM_GCC_541\Debug\cy_ble.o
                0x100027c8                Cy_BLE_Enable
 .text.Cy_BLE_ConfigureExtPA
                0x10002830       0x10 .\CortexM0p\ARM_GCC_541\Debug\cy_ble.o
                0x10002830                Cy_BLE_ConfigureExtPA
 .text.Cy_BLE_BlessInterrupt
                0x10002840        0x8 .\CortexM0p\ARM_GCC_541\Debug\cy_ble_hal_int.o
                0x10002840                Cy_BLE_BlessInterrupt
 .text.Cy_BLE_IPC_CtrlMsgFlushRecvCallBack
                0x10002848       0x10 .\CortexM0p\ARM_GCC_541\Debug\cy_ble_hal_pvt.o
 .text.Cy_BLE_HAL_RadioCalibrationRead
                0x10002858       0x2c .\CortexM0p\ARM_GCC_541\Debug\cy_ble_hal_pvt.o
                0x10002858                Cy_BLE_HAL_RadioCalibrationRead
 .text.Cy_BLE_HAL_NvramWrite
                0x10002884      0x324 .\CortexM0p\ARM_GCC_541\Debug\cy_ble_hal_pvt.o
                0x10002884                Cy_BLE_HAL_NvramWrite
 .text.Cy_BLE_HAL_RadioCalibrationWrite
                0x10002ba8       0x2c .\CortexM0p\ARM_GCC_541\Debug\cy_ble_hal_pvt.o
                0x10002ba8                Cy_BLE_HAL_RadioCalibrationWrite
 .text.Cy_BLE_HAL_GetIcPackageType
                0x10002bd4        0x4 .\CortexM0p\ARM_GCC_541\Debug\cy_ble_hal_pvt.o
                0x10002bd4                Cy_BLE_HAL_GetIcPackageType
 .text.Cy_BLE_HAL_GetSiliconId
                0x10002bd8        0xc .\CortexM0p\ARM_GCC_541\Debug\cy_ble_hal_pvt.o
                0x10002bd8                Cy_BLE_HAL_GetSiliconId
 .text.Cy_BLE_HAL_IsDefinedTx5dbm
                0x10002be4        0x4 .\CortexM0p\ARM_GCC_541\Debug\cy_ble_hal_pvt.o
                0x10002be4                Cy_BLE_HAL_IsDefinedTx5dbm
 .text.Cy_BLE_HAL_DelayUs
                0x10002be8        0x8 .\CortexM0p\ARM_GCC_541\Debug\cy_ble_hal_pvt.o
                0x10002be8                Cy_BLE_HAL_DelayUs
 .text.Cy_BLE_HAL_LfClkGetSource
                0x10002bf0       0x14 .\CortexM0p\ARM_GCC_541\Debug\cy_ble_hal_pvt.o
                0x10002bf0                Cy_BLE_HAL_LfClkGetSource
 .text.Cy_BLE_HAL_ClkMeasurementCountersDone
                0x10002c04       0x14 .\CortexM0p\ARM_GCC_541\Debug\cy_ble_hal_pvt.o
                0x10002c04                Cy_BLE_HAL_ClkMeasurementCountersDone
 .text.Cy_BLE_HAL_ClkMeasurementCountersGetFreq
                0x10002c18        0x8 .\CortexM0p\ARM_GCC_541\Debug\cy_ble_hal_pvt.o
                0x10002c18                Cy_BLE_HAL_ClkMeasurementCountersGetFreq
 .text.Cy_BLE_HAL_StartClkMeasurementCounters
                0x10002c20       0x2c .\CortexM0p\ARM_GCC_541\Debug\cy_ble_hal_pvt.o
                0x10002c20                Cy_BLE_HAL_StartClkMeasurementCounters
 .text.Cy_BLE_HAL_TryPiloTrim
                0x10002c4c       0x78 .\CortexM0p\ARM_GCC_541\Debug\cy_ble_hal_pvt.o
                0x10002c4c                Cy_BLE_HAL_TryPiloTrim
 .text.Cy_BLE_HAL_PiloTrim
                0x10002cc4       0x14 .\CortexM0p\ARM_GCC_541\Debug\cy_ble_hal_pvt.o
                0x10002cc4                Cy_BLE_HAL_PiloTrim
 .text.Cy_BLE_HAL_BlessStart
                0x10002cd8       0x40 .\CortexM0p\ARM_GCC_541\Debug\cy_ble_hal_pvt.o
                0x10002cd8                Cy_BLE_HAL_BlessStart
 .text.Cy_BLE_HAL_GetIpBlockVersion
                0x10002d18        0x4 .\CortexM0p\ARM_GCC_541\Debug\cy_ble_hal_pvt.o
                0x10002d18                Cy_BLE_HAL_GetIpBlockVersion
 .text.Cy_BLE_HAL_EnterCriticalSection
                0x10002d1c        0x8 .\CortexM0p\ARM_GCC_541\Debug\cy_ble_hal_pvt.o
                0x10002d1c                Cy_BLE_HAL_EnterCriticalSection
 .text.Cy_BLE_HAL_ExitCriticalSection
                0x10002d24        0x8 .\CortexM0p\ARM_GCC_541\Debug\cy_ble_hal_pvt.o
                0x10002d24                Cy_BLE_HAL_ExitCriticalSection
 .text.Cy_BLE_HAL_SysPmSleep
                0x10002d2c        0x8 .\CortexM0p\ARM_GCC_541\Debug\cy_ble_hal_pvt.o
                0x10002d2c                Cy_BLE_HAL_SysPmSleep
 .text.Cy_BLE_HAL_SimoBuckSetVoltage2
                0x10002d34        0xc .\CortexM0p\ARM_GCC_541\Debug\cy_ble_hal_pvt.o
                0x10002d34                Cy_BLE_HAL_SimoBuckSetVoltage2
 .text.Cy_BLE_Ipc_Cypipe_Isr_Enable
                0x10002d40        0xc .\CortexM0p\ARM_GCC_541\Debug\cy_ble_hal_pvt.o
                0x10002d40                Cy_BLE_Ipc_Cypipe_Isr_Enable
 .text.Cy_BLE_HAL_EnableGlobalInterrupts
                0x10002d4c       0x2c .\CortexM0p\ARM_GCC_541\Debug\cy_ble_hal_pvt.o
                0x10002d4c                Cy_BLE_HAL_EnableGlobalInterrupts
 .text.Cy_BLE_Ipc_Cypipe_Isr_Disable
                0x10002d78        0xc .\CortexM0p\ARM_GCC_541\Debug\cy_ble_hal_pvt.o
                0x10002d78                Cy_BLE_Ipc_Cypipe_Isr_Disable
 .text.Cy_BLE_HAL_DisableGlobalInterrupts
                0x10002d84       0x34 .\CortexM0p\ARM_GCC_541\Debug\cy_ble_hal_pvt.o
                0x10002d84                Cy_BLE_HAL_DisableGlobalInterrupts
 .text.Cy_BLE_IPC_ControllerRegisterClientCallbacks
                0x10002db8       0x28 .\CortexM0p\ARM_GCC_541\Debug\cy_ble_hal_pvt.o
                0x10002db8                Cy_BLE_IPC_ControllerRegisterClientCallbacks
 .text.Cy_BLE_IPC_SendMessageToHost
                0x10002de0       0x20 .\CortexM0p\ARM_GCC_541\Debug\cy_ble_hal_pvt.o
                0x10002de0                Cy_BLE_IPC_SendMessageToHost
 .text.Cy_BLE_HAL_RcbRegRead
                0x10002e00       0x50 .\CortexM0p\ARM_GCC_541\Debug\cy_ble_clk.o
 .text.Cy_BLE_HAL_RcbRegWrite
                0x10002e50       0x4c .\CortexM0p\ARM_GCC_541\Debug\cy_ble_clk.o
 .text.Cy_BLE_HAL_MxdRadioEnableClocks
                0x10002e9c      0x21c .\CortexM0p\ARM_GCC_541\Debug\cy_ble_clk.o
 .text.Cy_BLE_HAL_EcoSetTrim
                0x100030b8       0x38 .\CortexM0p\ARM_GCC_541\Debug\cy_ble_clk.o
 .text.Cy_BLE_EcoStop
                0x100030f0       0x18 .\CortexM0p\ARM_GCC_541\Debug\cy_ble_clk.o
                0x100030f0                Cy_BLE_EcoStop
 .text.Cy_BLE_HAL_Init
                0x10003108       0x68 .\CortexM0p\ARM_GCC_541\Debug\cy_ble_clk.o
                0x10003108                Cy_BLE_HAL_Init
 .text.Cy_BLE_EcoStart
                0x10003170      0x23c .\CortexM0p\ARM_GCC_541\Debug\cy_ble_clk.o
                0x10003170                Cy_BLE_EcoStart
 .text.Cy_BLE_HAL_EcoGetFrequency
                0x100033ac        0xc .\CortexM0p\ARM_GCC_541\Debug\cy_ble_clk.o
                0x100033ac                Cy_BLE_HAL_EcoGetFrequency
 .text.Cy_BLE_HAL_IsEcoCpuClockSrc
                0x100033b8       0x20 .\CortexM0p\ARM_GCC_541\Debug\cy_ble_clk.o
                0x100033b8                Cy_BLE_HAL_IsEcoCpuClockSrc
 .text.Cy_BLE_HAL_IsWcoLfclkSrc
                0x100033d8       0x24 .\CortexM0p\ARM_GCC_541\Debug\cy_ble_clk.o
                0x100033d8                Cy_BLE_HAL_IsWcoLfclkSrc
 .text.Cy_BLE_Start
                0x100033fc       0x20 .\CortexM0p\ARM_GCC_541\Debug\BLE.o
                0x100033fc                Cy_BLE_Start
 .text          0x1000341c      0x114 c:/program files (x86)/cypress/psoc creator/4.2/psoc creator/import/gnu/arm/5.4.1/bin/../lib/gcc/arm-none-eabi/5.4.1/armv6-m\libgcc.a(_udivsi3.o)
                0x1000341c                __aeabi_uidiv
                0x1000341c                __udivsi3
                0x10003528                __aeabi_uidivmod
 .text          0x10003530      0x1d4 c:/program files (x86)/cypress/psoc creator/4.2/psoc creator/import/gnu/arm/5.4.1/bin/../lib/gcc/arm-none-eabi/5.4.1/armv6-m\libgcc.a(_divsi3.o)
                0x10003530                __divsi3
                0x10003530                __aeabi_idiv
                0x100036fc                __aeabi_idivmod
 .text          0x10003704        0x4 c:/program files (x86)/cypress/psoc creator/4.2/psoc creator/import/gnu/arm/5.4.1/bin/../lib/gcc/arm-none-eabi/5.4.1/armv6-m\libgcc.a(_dvmd_tls.o)
                0x10003704                __aeabi_idiv0
                0x10003704                __aeabi_ldiv0
 .text          0x10003708       0x40 c:/program files (x86)/cypress/psoc creator/4.2/psoc creator/import/gnu/arm/5.4.1/bin/../lib/gcc/arm-none-eabi/5.4.1/armv6-m\libgcc.a(_aeabi_uldivmod.o)
                0x10003708                __aeabi_uldivmod
 .text          0x10003748       0x58 c:/program files (x86)/cypress/psoc creator/4.2/psoc creator/import/gnu/arm/5.4.1/bin/../lib/gcc/arm-none-eabi/5.4.1/armv6-m\libgcc.a(_muldi3.o)
                0x10003748                __muldi3
                0x10003748                __aeabi_lmul
 .text          0x100037a0       0x3c c:/program files (x86)/cypress/psoc creator/4.2/psoc creator/import/gnu/arm/5.4.1/bin/../lib/gcc/arm-none-eabi/5.4.1/armv6-m\libgcc.a(_fixunsdfsi.o)
                0x100037a0                __aeabi_d2uiz
                0x100037a0                __fixunsdfsi
 .text          0x100037dc      0x180 c:/program files (x86)/cypress/psoc creator/4.2/psoc creator/import/gnu/arm/5.4.1/bin/../lib/gcc/arm-none-eabi/5.4.1/armv6-m\libgcc.a(_udivmoddi4.o)
                0x100037dc                __udivmoddi4
 .text          0x1000395c      0x62c c:/program files (x86)/cypress/psoc creator/4.2/psoc creator/import/gnu/arm/5.4.1/bin/../lib/gcc/arm-none-eabi/5.4.1/armv6-m\libgcc.a(divdf3.o)
                0x1000395c                __aeabi_ddiv
 .text          0x10003f88      0x4f4 c:/program files (x86)/cypress/psoc creator/4.2/psoc creator/import/gnu/arm/5.4.1/bin/../lib/gcc/arm-none-eabi/5.4.1/armv6-m\libgcc.a(muldf3.o)
                0x10003f88                __aeabi_dmul
 .text          0x1000447c      0x6a8 c:/program files (x86)/cypress/psoc creator/4.2/psoc creator/import/gnu/arm/5.4.1/bin/../lib/gcc/arm-none-eabi/5.4.1/armv6-m\libgcc.a(subdf3.o)
                0x1000447c                __aeabi_dsub
 .text          0x10004b24       0x6c c:/program files (x86)/cypress/psoc creator/4.2/psoc creator/import/gnu/arm/5.4.1/bin/../lib/gcc/arm-none-eabi/5.4.1/armv6-m\libgcc.a(fixdfsi.o)
                0x10004b24                __aeabi_d2iz
 .text          0x10004b90       0x70 c:/program files (x86)/cypress/psoc creator/4.2/psoc creator/import/gnu/arm/5.4.1/bin/../lib/gcc/arm-none-eabi/5.4.1/armv6-m\libgcc.a(floatunsidf.o)
                0x10004b90                __aeabi_ui2d
 .text          0x10004c00       0x7c c:/program files (x86)/cypress/psoc creator/4.2/psoc creator/import/gnu/arm/5.4.1/bin/../lib/gcc/arm-none-eabi/5.4.1/armv6-m\libgcc.a(_arm_cmpdf2.o)
                0x10004c00                __aeabi_cdrcmple
                0x10004c10                __aeabi_cdcmple
                0x10004c10                __aeabi_cdcmpeq
                0x10004c20                __aeabi_dcmpeq
                0x10004c2c                __aeabi_dcmplt
                0x10004c40                __aeabi_dcmple
                0x10004c54                __aeabi_dcmpgt
                0x10004c68                __aeabi_dcmpge
 .text          0x10004c7c       0x3c c:/program files (x86)/cypress/psoc creator/4.2/psoc creator/import/gnu/arm/5.4.1/bin/../lib/gcc/arm-none-eabi/5.4.1/armv6-m\libgcc.a(_clzsi2.o)
                0x10004c7c                __clzsi2
 .text          0x10004cb8       0x18 c:/program files (x86)/cypress/psoc creator/4.2/psoc creator/import/gnu/arm/5.4.1/bin/../lib/gcc/arm-none-eabi/5.4.1/armv6-m\libgcc.a(_clzdi2.o)
                0x10004cb8                __clzdi2
 .text          0x10004cd0       0x80 c:/program files (x86)/cypress/psoc creator/4.2/psoc creator/import/gnu/arm/5.4.1/bin/../lib/gcc/arm-none-eabi/5.4.1/armv6-m\libgcc.a(eqdf2.o)
                0x10004cd0                __nedf2
                0x10004cd0                __eqdf2
 .text          0x10004d50       0xc8 c:/program files (x86)/cypress/psoc creator/4.2/psoc creator/import/gnu/arm/5.4.1/bin/../lib/gcc/arm-none-eabi/5.4.1/armv6-m\libgcc.a(gedf2.o)
                0x10004d50                __gedf2
                0x10004d50                __gtdf2
 .text          0x10004e18       0xd4 c:/program files (x86)/cypress/psoc creator/4.2/psoc creator/import/gnu/arm/5.4.1/bin/../lib/gcc/arm-none-eabi/5.4.1/armv6-m\libgcc.a(ledf2.o)
                0x10004e18                __ledf2
                0x10004e18                __ltdf2
 .text.memcmp   0x10004eec       0x1e c:/program files (x86)/cypress/psoc creator/4.2/psoc creator/import/gnu/arm/5.4.1/bin/../lib/gcc/arm-none-eabi/5.4.1/../../../../arm-none-eabi/lib/armv6-m\libg_nano.a(lib_a-memcmp.o)
                0x10004eec                memcmp
 .text.memcpy   0x10004f0a       0x12 c:/program files (x86)/cypress/psoc creator/4.2/psoc creator/import/gnu/arm/5.4.1/bin/../lib/gcc/arm-none-eabi/5.4.1/../../../../arm-none-eabi/lib/armv6-m\libg_nano.a(lib_a-memcpy-stub.o)
                0x10004f0a                memcpy
 .text.memset   0x10004f1c       0x10 c:/program files (x86)/cypress/psoc creator/4.2/psoc creator/import/gnu/arm/5.4.1/bin/../lib/gcc/arm-none-eabi/5.4.1/../../../../arm-none-eabi/lib/armv6-m\libg_nano.a(lib_a-memset.o)
                0x10004f1c                memset
 .text.printf   0x10004f2c       0x34 c:/program files (x86)/cypress/psoc creator/4.2/psoc creator/import/gnu/arm/5.4.1/bin/../lib/gcc/arm-none-eabi/5.4.1/../../../../arm-none-eabi/lib/armv6-m\libg_nano.a(lib_a-printf.o)
                0x10004f2c                iprintf
                0x10004f2c                printf
 .text._puts_r  0x10004f60       0xc4 c:/program files (x86)/cypress/psoc creator/4.2/psoc creator/import/gnu/arm/5.4.1/bin/../lib/gcc/arm-none-eabi/5.4.1/../../../../arm-none-eabi/lib/armv6-m\libg_nano.a(lib_a-puts.o)
                0x10004f60                _puts_r
 .text.puts     0x10005024       0x14 c:/program files (x86)/cypress/psoc creator/4.2/psoc creator/import/gnu/arm/5.4.1/bin/../lib/gcc/arm-none-eabi/5.4.1/../../../../arm-none-eabi/lib/armv6-m\libg_nano.a(lib_a-puts.o)
                0x10005024                puts
 .text.strncpy  0x10005038       0x26 c:/program files (x86)/cypress/psoc creator/4.2/psoc creator/import/gnu/arm/5.4.1/bin/../lib/gcc/arm-none-eabi/5.4.1/../../../../arm-none-eabi/lib/armv6-m\libg_nano.a(lib_a-strncpy.o)
                0x10005038                strncpy
 *fill*         0x1000505e        0x2 
 .text.__swbuf_r
                0x10005060       0xb0 c:/program files (x86)/cypress/psoc creator/4.2/psoc creator/import/gnu/arm/5.4.1/bin/../lib/gcc/arm-none-eabi/5.4.1/../../../../arm-none-eabi/lib/armv6-m\libg_nano.a(lib_a-wbuf.o)
                0x10005060                __swbuf_r
 .text.__swsetup_r
                0x10005110       0xec c:/program files (x86)/cypress/psoc creator/4.2/psoc creator/import/gnu/arm/5.4.1/bin/../lib/gcc/arm-none-eabi/5.4.1/../../../../arm-none-eabi/lib/armv6-m\libg_nano.a(lib_a-wsetup.o)
                0x10005110                __swsetup_r
 .text.__sflush_r
                0x100051fc      0x10c c:/program files (x86)/cypress/psoc creator/4.2/psoc creator/import/gnu/arm/5.4.1/bin/../lib/gcc/arm-none-eabi/5.4.1/../../../../arm-none-eabi/lib/armv6-m\libg_nano.a(lib_a-fflush.o)
                0x100051fc                __sflush_r
 .text._fflush_r
                0x10005308       0x58 c:/program files (x86)/cypress/psoc creator/4.2/psoc creator/import/gnu/arm/5.4.1/bin/../lib/gcc/arm-none-eabi/5.4.1/../../../../arm-none-eabi/lib/armv6-m\libg_nano.a(lib_a-fflush.o)
                0x10005308                _fflush_r
 .text._cleanup_r
                0x10005360       0x10 c:/program files (x86)/cypress/psoc creator/4.2/psoc creator/import/gnu/arm/5.4.1/bin/../lib/gcc/arm-none-eabi/5.4.1/../../../../arm-none-eabi/lib/armv6-m\libg_nano.a(lib_a-findfp.o)
                0x10005360                _cleanup_r
 .text.std.isra.0
                0x10005370       0x48 c:/program files (x86)/cypress/psoc creator/4.2/psoc creator/import/gnu/arm/5.4.1/bin/../lib/gcc/arm-none-eabi/5.4.1/../../../../arm-none-eabi/lib/armv6-m\libg_nano.a(lib_a-findfp.o)
 .text.__sfmoreglue
                0x100053b8       0x2c c:/program files (x86)/cypress/psoc creator/4.2/psoc creator/import/gnu/arm/5.4.1/bin/../lib/gcc/arm-none-eabi/5.4.1/../../../../arm-none-eabi/lib/armv6-m\libg_nano.a(lib_a-findfp.o)
                0x100053b8                __sfmoreglue
 .text.__sinit  0x100053e4       0x68 c:/program files (x86)/cypress/psoc creator/4.2/psoc creator/import/gnu/arm/5.4.1/bin/../lib/gcc/arm-none-eabi/5.4.1/../../../../arm-none-eabi/lib/armv6-m\libg_nano.a(lib_a-findfp.o)
                0x100053e4                __sinit
 .text.__sfp    0x1000544c       0x7c c:/program files (x86)/cypress/psoc creator/4.2/psoc creator/import/gnu/arm/5.4.1/bin/../lib/gcc/arm-none-eabi/5.4.1/../../../../arm-none-eabi/lib/armv6-m\libg_nano.a(lib_a-findfp.o)
                0x1000544c                __sfp
 .text._fwalk_reent
                0x100054c8       0x42 c:/program files (x86)/cypress/psoc creator/4.2/psoc creator/import/gnu/arm/5.4.1/bin/../lib/gcc/arm-none-eabi/5.4.1/../../../../arm-none-eabi/lib/armv6-m\libg_nano.a(lib_a-fwalk.o)
                0x100054c8                _fwalk_reent
 *fill*         0x1000550a        0x2 
 .text.__swhatbuf_r
                0x1000550c       0x4c c:/program files (x86)/cypress/psoc creator/4.2/psoc creator/import/gnu/arm/5.4.1/bin/../lib/gcc/arm-none-eabi/5.4.1/../../../../arm-none-eabi/lib/armv6-m\libg_nano.a(lib_a-makebuf.o)
                0x1000550c                __swhatbuf_r
 .text.__smakebuf_r
                0x10005558       0x7c c:/program files (x86)/cypress/psoc creator/4.2/psoc creator/import/gnu/arm/5.4.1/bin/../lib/gcc/arm-none-eabi/5.4.1/../../../../arm-none-eabi/lib/armv6-m\libg_nano.a(lib_a-makebuf.o)
                0x10005558                __smakebuf_r
 .text._free_r  0x100055d4       0x98 c:/program files (x86)/cypress/psoc creator/4.2/psoc creator/import/gnu/arm/5.4.1/bin/../lib/gcc/arm-none-eabi/5.4.1/../../../../arm-none-eabi/lib/armv6-m\libg_nano.a(lib_a-nano-freer.o)
                0x100055d4                _free_r
 .text._malloc_r
                0x1000566c       0xc0 c:/program files (x86)/cypress/psoc creator/4.2/psoc creator/import/gnu/arm/5.4.1/bin/../lib/gcc/arm-none-eabi/5.4.1/../../../../arm-none-eabi/lib/armv6-m\libg_nano.a(lib_a-nano-mallocr.o)
                0x1000566c                _malloc_r
 .text.__sfputc_r
                0x1000572c       0x2a c:/program files (x86)/cypress/psoc creator/4.2/psoc creator/import/gnu/arm/5.4.1/bin/../lib/gcc/arm-none-eabi/5.4.1/../../../../arm-none-eabi/lib/armv6-m\libg_nano.a(lib_a-nano-vfprintf.o)
 .text.__sfputs_r
                0x10005756       0x24 c:/program files (x86)/cypress/psoc creator/4.2/psoc creator/import/gnu/arm/5.4.1/bin/../lib/gcc/arm-none-eabi/5.4.1/../../../../arm-none-eabi/lib/armv6-m\libg_nano.a(lib_a-nano-vfprintf.o)
                0x10005756                __sfputs_r
 *fill*         0x1000577a        0x2 
 .text._vfprintf_r
                0x1000577c      0x238 c:/program files (x86)/cypress/psoc creator/4.2/psoc creator/import/gnu/arm/5.4.1/bin/../lib/gcc/arm-none-eabi/5.4.1/../../../../arm-none-eabi/lib/armv6-m\libg_nano.a(lib_a-nano-vfprintf.o)
                0x1000577c                _vfprintf_r
                0x1000577c                _vfiprintf_r
 .text._printf_common
                0x100059b4       0xdc c:/program files (x86)/cypress/psoc creator/4.2/psoc creator/import/gnu/arm/5.4.1/bin/../lib/gcc/arm-none-eabi/5.4.1/../../../../arm-none-eabi/lib/armv6-m\libg_nano.a(lib_a-nano-vfprintf_i.o)
                0x100059b4                _printf_common
 .text._printf_i
                0x10005a90      0x244 c:/program files (x86)/cypress/psoc creator/4.2/psoc creator/import/gnu/arm/5.4.1/bin/../lib/gcc/arm-none-eabi/5.4.1/../../../../arm-none-eabi/lib/armv6-m\libg_nano.a(lib_a-nano-vfprintf_i.o)
                0x10005a90                _printf_i
 .text._sbrk_r  0x10005cd4       0x24 c:/program files (x86)/cypress/psoc creator/4.2/psoc creator/import/gnu/arm/5.4.1/bin/../lib/gcc/arm-none-eabi/5.4.1/../../../../arm-none-eabi/lib/armv6-m\libg_nano.a(lib_a-sbrkr.o)
                0x10005cd4                _sbrk_r
 .text.__sread  0x10005cf8       0x28 c:/program files (x86)/cypress/psoc creator/4.2/psoc creator/import/gnu/arm/5.4.1/bin/../lib/gcc/arm-none-eabi/5.4.1/../../../../arm-none-eabi/lib/armv6-m\libg_nano.a(lib_a-stdio.o)
                0x10005cf8                __sread
 .text.__swrite
                0x10005d20       0x38 c:/program files (x86)/cypress/psoc creator/4.2/psoc creator/import/gnu/arm/5.4.1/bin/../lib/gcc/arm-none-eabi/5.4.1/../../../../arm-none-eabi/lib/armv6-m\libg_nano.a(lib_a-stdio.o)
                0x10005d20                __swrite
 .text.__sseek  0x10005d58       0x2c c:/program files (x86)/cypress/psoc creator/4.2/psoc creator/import/gnu/arm/5.4.1/bin/../lib/gcc/arm-none-eabi/5.4.1/../../../../arm-none-eabi/lib/armv6-m\libg_nano.a(lib_a-stdio.o)
                0x10005d58                __sseek
 .text.__sclose
                0x10005d84        0xc c:/program files (x86)/cypress/psoc creator/4.2/psoc creator/import/gnu/arm/5.4.1/bin/../lib/gcc/arm-none-eabi/5.4.1/../../../../arm-none-eabi/lib/armv6-m\libg_nano.a(lib_a-stdio.o)
                0x10005d84                __sclose
 .text._write_r
                0x10005d90       0x28 c:/program files (x86)/cypress/psoc creator/4.2/psoc creator/import/gnu/arm/5.4.1/bin/../lib/gcc/arm-none-eabi/5.4.1/../../../../arm-none-eabi/lib/armv6-m\libg_nano.a(lib_a-writer.o)
                0x10005d90                _write_r
 .text._close_r
                0x10005db8       0x24 c:/program files (x86)/cypress/psoc creator/4.2/psoc creator/import/gnu/arm/5.4.1/bin/../lib/gcc/arm-none-eabi/5.4.1/../../../../arm-none-eabi/lib/armv6-m\libg_nano.a(lib_a-closer.o)
                0x10005db8                _close_r
 .text._fstat_r
                0x10005ddc       0x24 c:/program files (x86)/cypress/psoc creator/4.2/psoc creator/import/gnu/arm/5.4.1/bin/../lib/gcc/arm-none-eabi/5.4.1/../../../../arm-none-eabi/lib/armv6-m\libg_nano.a(lib_a-fstatr.o)
                0x10005ddc                _fstat_r
 .text._isatty_r
                0x10005e00       0x24 c:/program files (x86)/cypress/psoc creator/4.2/psoc creator/import/gnu/arm/5.4.1/bin/../lib/gcc/arm-none-eabi/5.4.1/../../../../arm-none-eabi/lib/armv6-m\libg_nano.a(lib_a-isattyr.o)
                0x10005e00                _isatty_r
 .text._lseek_r
                0x10005e24       0x28 c:/program files (x86)/cypress/psoc creator/4.2/psoc creator/import/gnu/arm/5.4.1/bin/../lib/gcc/arm-none-eabi/5.4.1/../../../../arm-none-eabi/lib/armv6-m\libg_nano.a(lib_a-lseekr.o)
                0x10005e24                _lseek_r
 .text.memchr   0x10005e4c       0x16 c:/program files (x86)/cypress/psoc creator/4.2/psoc creator/import/gnu/arm/5.4.1/bin/../lib/gcc/arm-none-eabi/5.4.1/../../../../arm-none-eabi/lib/armv6-m\libg_nano.a(lib_a-memchr-stub.o)
                0x10005e4c                memchr
 .text.__malloc_lock
                0x10005e62        0x2 c:/program files (x86)/cypress/psoc creator/4.2/psoc creator/import/gnu/arm/5.4.1/bin/../lib/gcc/arm-none-eabi/5.4.1/../../../../arm-none-eabi/lib/armv6-m\libg_nano.a(lib_a-mlock.o)
                0x10005e62                __malloc_lock
 .text.__malloc_unlock
                0x10005e64        0x2 c:/program files (x86)/cypress/psoc creator/4.2/psoc creator/import/gnu/arm/5.4.1/bin/../lib/gcc/arm-none-eabi/5.4.1/../../../../arm-none-eabi/lib/armv6-m\libg_nano.a(lib_a-mlock.o)
                0x10005e64                __malloc_unlock
 *fill*         0x10005e66        0x2 
 .text._read_r  0x10005e68       0x28 c:/program files (x86)/cypress/psoc creator/4.2/psoc creator/import/gnu/arm/5.4.1/bin/../lib/gcc/arm-none-eabi/5.4.1/../../../../arm-none-eabi/lib/armv6-m\libg_nano.a(lib_a-readr.o)
                0x10005e68                _read_r
 .text._close   0x10005e90       0x10 c:/program files (x86)/cypress/psoc creator/4.2/psoc creator/import/gnu/arm/5.4.1/bin/../lib/gcc/arm-none-eabi/5.4.1/../../../../arm-none-eabi/lib/armv6-m\libnosys.a(close.o)
                0x10005e90                _close
 .text._fstat   0x10005ea0       0x10 c:/program files (x86)/cypress/psoc creator/4.2/psoc creator/import/gnu/arm/5.4.1/bin/../lib/gcc/arm-none-eabi/5.4.1/../../../../arm-none-eabi/lib/armv6-m\libnosys.a(fstat.o)
                0x10005ea0                _fstat
 .text._isatty  0x10005eb0       0x10 c:/program files (x86)/cypress/psoc creator/4.2/psoc creator/import/gnu/arm/5.4.1/bin/../lib/gcc/arm-none-eabi/5.4.1/../../../../arm-none-eabi/lib/armv6-m\libnosys.a(isatty.o)
                0x10005eb0                _isatty
 .text._lseek   0x10005ec0       0x10 c:/program files (x86)/cypress/psoc creator/4.2/psoc creator/import/gnu/arm/5.4.1/bin/../lib/gcc/arm-none-eabi/5.4.1/../../../../arm-none-eabi/lib/armv6-m\libnosys.a(lseek.o)
                0x10005ec0                _lseek
 .text._read    0x10005ed0       0x10 c:/program files (x86)/cypress/psoc creator/4.2/psoc creator/import/gnu/arm/5.4.1/bin/../lib/gcc/arm-none-eabi/5.4.1/../../../../arm-none-eabi/lib/armv6-m\libnosys.a(read.o)
                0x10005ed0                _read
 .text._sbrk    0x10005ee0       0x1c c:/program files (x86)/cypress/psoc creator/4.2/psoc creator/import/gnu/arm/5.4.1/bin/../lib/gcc/arm-none-eabi/5.4.1/../../../../arm-none-eabi/lib/armv6-m\libnosys.a(sbrk.o)
                0x10005ee0                _sbrk
 .text._write   0x10005efc       0x10 c:/program files (x86)/cypress/psoc creator/4.2/psoc creator/import/gnu/arm/5.4.1/bin/../lib/gcc/arm-none-eabi/5.4.1/../../../../arm-none-eabi/lib/armv6-m\libnosys.a(write.o)
                0x10005efc                _write
 *(.init)
 .init          0x10005f0c        0x4 c:/program files (x86)/cypress/psoc creator/4.2/psoc creator/import/gnu/arm/5.4.1/bin/../lib/gcc/arm-none-eabi/5.4.1/armv6-m/crti.o
                0x10005f0c                _init
 .init          0x10005f10        0x8 c:/program files (x86)/cypress/psoc creator/4.2/psoc creator/import/gnu/arm/5.4.1/bin/../lib/gcc/arm-none-eabi/5.4.1/armv6-m/crtn.o
 *(.fini)
 .fini          0x10005f18        0x4 c:/program files (x86)/cypress/psoc creator/4.2/psoc creator/import/gnu/arm/5.4.1/bin/../lib/gcc/arm-none-eabi/5.4.1/armv6-m/crti.o
                0x10005f18                _fini
 .fini          0x10005f1c        0x8 c:/program files (x86)/cypress/psoc creator/4.2/psoc creator/import/gnu/arm/5.4.1/bin/../lib/gcc/arm-none-eabi/5.4.1/armv6-m/crtn.o
 *fill*         0x10005f24        0x4 
 .fini.__stub   0x10005f28       0x30 linker stubs
 *crtbegin.o(.ctors)
 *crtbegin?.o(.ctors)
 *(EXCLUDE_FILE(*crtend.o *crtend?.o) .ctors)
 *(SORT(.ctors.*))
 *(.ctors)
 *crtbegin.o(.dtors)
 *crtbegin?.o(.dtors)
 *(EXCLUDE_FILE(*crtend.o *crtend?.o) .dtors)
 *(SORT(.dtors.*))
 *(.dtors)
 *(.rodata .rodata.* .constdata .constdata.* .conststring .conststring.*)
 .rodata.str1.4
                0x10005f58       0x90 .\CortexM0p\ARM_GCC_541\Debug\main_cm0p.o
 .rodata        0x10005fe8       0x34 .\CortexM0p\ARM_GCC_541\Debug\cy_ipc_config.o
 .rodata        0x1000601c        0x8 .\CortexM0p\ARM_GCC_541\Debug\cyfitter_sysint_cfg.o
                0x1000601c                BLE_bless_isr_cfg
 .rodata        0x10006024       0x5c .\CortexM0p\ARM_GCC_541\Debug\cyfitter_cfg.o
 .rodata        0x10006080       0x40 .\CortexM0p\ARM_GCC_541\Debug\cy_sysint.o
 .rodata.str1.4
                0x100060c0       0x41 .\CortexM0p\ARM_GCC_541\Debug\cy_sysint.o
 *fill*         0x10006101        0x3 
 .rodata.str1.4
                0x10006104       0x7f .\CortexM0p\ARM_GCC_541\Debug\cy_ipc_drv.o
 *fill*         0x10006183        0x1 
 .rodata.str1.4
                0x10006184       0x3f .\CortexM0p\ARM_GCC_541\Debug\cy_ipc_sema.o
 *fill*         0x100061c3        0x1 
 .rodata.str1.4
                0x100061c4       0x40 .\CortexM0p\ARM_GCC_541\Debug\cy_ipc_pipe.o
                                 0x7f (size before relaxing)
 .rodata.str1.4
                0x10006204       0x85 .\CortexM0p\ARM_GCC_541\Debug\cy_sysclk.o
 *fill*         0x10006289        0x3 
 .rodata.str1.4
                0x1000628c       0xc4 .\CortexM0p\ARM_GCC_541\Debug\cy_scb_uart.o
 .rodata.str1.4
                0x10006350       0x7d .\CortexM0p\ARM_GCC_541\Debug\cy_gpio.o
 *fill*         0x100063cd        0x3 
 .rodata.str1.4
                0x100063d0       0x3f .\CortexM0p\ARM_GCC_541\Debug\cy_syspm.o
 *fill*         0x1000640f        0x1 
 .rodata.str1.4
                0x10006410       0x3d .\CortexM0p\ARM_GCC_541\Debug\cy_prot.o
 *fill*         0x1000644d        0x3 
 .rodata.str1.4
                0x10006450       0x3c .\CortexM0p\ARM_GCC_541\Debug\cy_ble_hal_pvt.o
                                 0x3b (size before relaxing)
 .rodata        0x1000648c       0x6c .\CortexM0p\ARM_GCC_541\Debug\cy_ble_clk.o
 .rodata        0x100064f8       0x40 .\CortexM0p\ARM_GCC_541\Debug\UART_DEBUG.o
                0x100064f8                UART_DEBUG_config
 .constdata     0x10006538       0x48 Generated_Source\PSoC6\pdl\middleware\ble\lib\cy_ble_stack_gcc_controller_ipc_cm0p.a(config_bin.o)
                0x10006538                bt_cfg_pdata
 .constdata     0x10006580       0x10 Generated_Source\PSoC6\pdl\middleware\ble\lib\cy_ble_stack_gcc_controller_ipc_cm0p.a(ll_connection.o)
                0x10006580                g_slave_clock_accuracy
 .constdata     0x10006590       0xd0 Generated_Source\PSoC6\pdl\middleware\ble\lib\cy_ble_stack_gcc_controller_ipc_cm0p.a(ll_pdu.o)
                0x10006590                enc_valid_pdu_list
                0x10006598                fp_ll_pdu_handlers
                0x100065fc                fp_ll_pdu_ack_handlers
 .constdata     0x10006660       0x88 Generated_Source\PSoC6\pdl\middleware\ble\lib\cy_ble_stack_gcc_controller_ipc_cm0p.a(ll_privacy.o)
 .constdata     0x100066e8       0x40 Generated_Source\PSoC6\pdl\middleware\ble\lib\cy_ble_stack_gcc_controller_ipc_cm0p.a(ll_dle.o)
 .constdata     0x10006728       0x50 Generated_Source\PSoC6\pdl\middleware\ble\lib\cy_ble_stack_gcc_controller_ipc_cm0p.a(ll_phy_update.o)
 .constdata     0x10006778       0x84 Generated_Source\PSoC6\pdl\middleware\ble\lib\cy_ble_stack_gcc_controller_ipc_cm0p.a(lec_hci_le_commands.o)
 .constdata     0x100067fc      0x3f6 Generated_Source\PSoC6\pdl\middleware\ble\lib\cy_ble_stack_gcc_controller_ipc_cm0p.a(lec_hci_le_commands.o)
 *fill*         0x10006bf2        0x2 
 .constdata     0x10006bf4       0x84 Generated_Source\PSoC6\pdl\middleware\ble\lib\cy_ble_stack_gcc_controller_ipc_cm0p.a(lec_hci_le_commands.o)
 .constdata     0x10006c78       0x84 Generated_Source\PSoC6\pdl\middleware\ble\lib\cy_ble_stack_gcc_controller_ipc_cm0p.a(lec_hci_le_commands.o)
 .constdata     0x10006cfc       0x21 Generated_Source\PSoC6\pdl\middleware\ble\lib\cy_ble_stack_gcc_controller_ipc_cm0p.a(lec_hci_le_commands.o)
 .constdata     0x10006d1d       0x40 Generated_Source\PSoC6\pdl\middleware\ble\lib\cy_ble_stack_gcc_controller_ipc_cm0p.a(lec_hci_le_common_commands.o)
                0x10006d1d                Cu8_hci_le_supported_commands_array
 *fill*         0x10006d5d        0x3 
 .constdata     0x10006d60       0xcc Generated_Source\PSoC6\pdl\middleware\ble\lib\cy_ble_stack_gcc_controller_ipc_cm0p.a(lec_hci_le_privacy.o)
 .constdata     0x10006e2c        0xc Generated_Source\PSoC6\pdl\middleware\ble\lib\cy_ble_stack_gcc_controller_ipc_cm0p.a(lec_hci_le_privacy.o)
 .constdata     0x10006e38       0x60 Generated_Source\PSoC6\pdl\middleware\ble\lib\cy_ble_stack_gcc_controller_ipc_cm0p.a(lec_hci_le_dle.o)
 .constdata     0x10006e98       0x78 Generated_Source\PSoC6\pdl\middleware\ble\lib\cy_ble_stack_gcc_controller_ipc_cm0p.a(lec_hci_le_phy_update.o)
 .conststring   0x10006f10       0x87 Generated_Source\PSoC6\pdl\middleware\ble\lib\cy_ble_stack_gcc_controller_ipc_cm0p.a(drbg.o)
 *fill*         0x10006f97        0x1 
 .constdata     0x10006f98       0x60 Generated_Source\PSoC6\pdl\middleware\ble\lib\cy_ble_stack_gcc_radio_max_cm0p.a(CyBlessVer3.o)
                0x10006f98                rssiMap
 .rodata        0x10006ff8       0x40 c:/program files (x86)/cypress/psoc creator/4.2/psoc creator/import/gnu/arm/5.4.1/bin/../lib/gcc/arm-none-eabi/5.4.1/armv6-m\libgcc.a(divdf3.o)
 .rodata        0x10007038       0x40 c:/program files (x86)/cypress/psoc creator/4.2/psoc creator/import/gnu/arm/5.4.1/bin/../lib/gcc/arm-none-eabi/5.4.1/armv6-m\libgcc.a(muldf3.o)
 .rodata.str1.1
                0x10007078        0x2 c:/program files (x86)/cypress/psoc creator/4.2/psoc creator/import/gnu/arm/5.4.1/bin/../lib/gcc/arm-none-eabi/5.4.1/../../../../arm-none-eabi/lib/armv6-m\libg_nano.a(lib_a-impure.o)
 *fill*         0x1000707a        0x2 
 .rodata._global_impure_ptr
                0x1000707c        0x4 c:/program files (x86)/cypress/psoc creator/4.2/psoc creator/import/gnu/arm/5.4.1/bin/../lib/gcc/arm-none-eabi/5.4.1/../../../../arm-none-eabi/lib/armv6-m\libg_nano.a(lib_a-impure.o)
                0x1000707c                _global_impure_ptr
 .rodata.__sf_fake_stdin
                0x10007080       0x20 c:/program files (x86)/cypress/psoc creator/4.2/psoc creator/import/gnu/arm/5.4.1/bin/../lib/gcc/arm-none-eabi/5.4.1/../../../../arm-none-eabi/lib/armv6-m\libg_nano.a(lib_a-findfp.o)
                0x10007080                __sf_fake_stdin
 .rodata.__sf_fake_stdout
                0x100070a0       0x20 c:/program files (x86)/cypress/psoc creator/4.2/psoc creator/import/gnu/arm/5.4.1/bin/../lib/gcc/arm-none-eabi/5.4.1/../../../../arm-none-eabi/lib/armv6-m\libg_nano.a(lib_a-findfp.o)
                0x100070a0                __sf_fake_stdout
 .rodata.__sf_fake_stderr
                0x100070c0       0x20 c:/program files (x86)/cypress/psoc creator/4.2/psoc creator/import/gnu/arm/5.4.1/bin/../lib/gcc/arm-none-eabi/5.4.1/../../../../arm-none-eabi/lib/armv6-m\libg_nano.a(lib_a-findfp.o)
                0x100070c0                __sf_fake_stderr
 .rodata.str1.1
                0x100070e0       0x11 c:/program files (x86)/cypress/psoc creator/4.2/psoc creator/import/gnu/arm/5.4.1/bin/../lib/gcc/arm-none-eabi/5.4.1/../../../../arm-none-eabi/lib/armv6-m\libg_nano.a(lib_a-nano-vfprintf.o)
 .rodata.str1.1
                0x100070f1       0x22 c:/program files (x86)/cypress/psoc creator/4.2/psoc creator/import/gnu/arm/5.4.1/bin/../lib/gcc/arm-none-eabi/5.4.1/../../../../arm-none-eabi/lib/armv6-m\libg_nano.a(lib_a-nano-vfprintf_i.o)
 *(.eh_frame*)
 *fill*         0x10007113        0x1 
 .eh_frame      0x10007114        0x0 c:/program files (x86)/cypress/psoc creator/4.2/psoc creator/import/gnu/arm/5.4.1/bin/../lib/gcc/arm-none-eabi/5.4.1/armv6-m/crtbegin.o
 .eh_frame      0x10007114        0x4 c:/program files (x86)/cypress/psoc creator/4.2/psoc creator/import/gnu/arm/5.4.1/bin/../lib/gcc/arm-none-eabi/5.4.1/armv6-m/crtend.o

.glue_7         0x10007118        0x0
 .glue_7        0x10007118        0x0 linker stubs

.glue_7t        0x10007118        0x0
 .glue_7t       0x10007118        0x0 linker stubs

.vfp11_veneer   0x10007118        0x0
 .vfp11_veneer  0x10007118        0x0 linker stubs

.v4_bx          0x10007118        0x0
 .v4_bx         0x10007118        0x0 linker stubs

.iplt           0x10007118        0x0
 .iplt          0x10007118        0x0 c:/program files (x86)/cypress/psoc creator/4.2/psoc creator/import/gnu/arm/5.4.1/bin/../lib/gcc/arm-none-eabi/5.4.1/armv6-m/crtbegin.o

i.CyBleStackMgr_Init
                0x10007118       0xe8
 i.CyBleStackMgr_Init
                0x10007118       0xe8 Generated_Source\PSoC6\pdl\middleware\ble\lib\cy_ble_stack_gcc_controller_ipc_cm0p.a(CyBleStackMgrIP_Interface.o)
                0x10007118                CyBleStackMgr_Init

i.CyBleStackMgr_ProcessBleEvents
                0x10007200       0x2c
 i.CyBleStackMgr_ProcessBleEvents
                0x10007200       0x2c Generated_Source\PSoC6\pdl\middleware\ble\lib\cy_ble_stack_gcc_controller_ipc_cm0p.a(CyBleStackMgrIP_Interface.o)
                0x10007200                CyBleStackMgr_ProcessBleEvents

i.CyBleStackMgr_Shutdown
                0x1000722c       0x28
 i.CyBleStackMgr_Shutdown
                0x1000722c       0x28 Generated_Source\PSoC6\pdl\middleware\ble\lib\cy_ble_stack_gcc_controller_ipc_cm0p.a(CyBleStackMgrIP_Interface.o)
                0x1000722c                CyBleStackMgr_Shutdown

i.CyBle_GetHeapConfig
                0x10007254        0x8
 i.CyBle_GetHeapConfig
                0x10007254        0x8 Generated_Source\PSoC6\pdl\middleware\ble\lib\cy_ble_stack_gcc_controller_ipc_cm0p.a(CyBleStackMgrIP_Interface.o)
                0x10007254                CyBle_GetHeapConfig

i.CyBle_GetHeapMemory
                0x1000725c       0x3c
 i.CyBle_GetHeapMemory
                0x1000725c       0x3c Generated_Source\PSoC6\pdl\middleware\ble\lib\cy_ble_stack_gcc_controller_ipc_cm0p.a(CyBleStackMgrIP_Interface.o)
                0x1000725c                CyBle_GetHeapMemory

i.CyBle_StackGetConfigPtr
                0x10007298        0x8
 i.CyBle_StackGetConfigPtr
                0x10007298        0x8 Generated_Source\PSoC6\pdl\middleware\ble\lib\cy_ble_stack_gcc_controller_ipc_cm0p.a(CyBleStackMgrIP_Interface.o)
                0x10007298                CyBle_StackGetConfigPtr

i.Cy_BLE_EnablePrivacyFeature
                0x100072a0        0x8
 i.Cy_BLE_EnablePrivacyFeature
                0x100072a0        0x8 Generated_Source\PSoC6\pdl\middleware\ble\lib\cy_ble_stack_gcc_controller_ipc_cm0p.a(CyBleStackMgrIP_Interface.o)
                0x100072a0                Cy_BLE_EnablePrivacyFeature

i.Cy_BLE_GetStackLibraryVersion
                0x100072a8       0x24
 i.Cy_BLE_GetStackLibraryVersion
                0x100072a8       0x24 Generated_Source\PSoC6\pdl\middleware\ble\lib\cy_ble_stack_gcc_controller_ipc_cm0p.a(CyBleStackMgrIP_Interface.o)
                0x100072a8                Cy_BLE_GetStackLibraryVersion

i.Cy_BLE_ProcessEvents
                0x100072cc        0x8
 i.Cy_BLE_ProcessEvents
                0x100072cc        0x8 Generated_Source\PSoC6\pdl\middleware\ble\lib\cy_ble_stack_gcc_controller_ipc_cm0p.a(CyBleStackMgrIP_Interface.o)
                0x100072cc                Cy_BLE_ProcessEvents

i.Cy_BLE_StackEnterLPM
                0x100072d4        0x8
 i.Cy_BLE_StackEnterLPM
                0x100072d4        0x8 Generated_Source\PSoC6\pdl\middleware\ble\lib\cy_ble_stack_gcc_controller_ipc_cm0p.a(CyBleStackMgrIP_Interface.o)
                0x100072d4                Cy_BLE_StackEnterLPM

i.Cy_BLE_StackGetBleSsState
                0x100072dc        0x8
 i.Cy_BLE_StackGetBleSsState
                0x100072dc        0x8 Generated_Source\PSoC6\pdl\middleware\ble\lib\cy_ble_stack_gcc_controller_ipc_cm0p.a(CyBleStackMgrIP_Interface.o)
                0x100072dc                Cy_BLE_StackGetBleSsState

i.Cy_BLE_StackInit
                0x100072e4       0x58
 i.Cy_BLE_StackInit
                0x100072e4       0x58 Generated_Source\PSoC6\pdl\middleware\ble\lib\cy_ble_stack_gcc_controller_ipc_cm0p.a(CyBleStackMgrIP_Interface.o)
                0x100072e4                Cy_BLE_StackInit

i.Cy_BLE_StackSetFeatureConfig
                0x1000733c       0x54
 i.Cy_BLE_StackSetFeatureConfig
                0x1000733c       0x54 Generated_Source\PSoC6\pdl\middleware\ble\lib\cy_ble_stack_gcc_controller_ipc_cm0p.a(CyBleStackMgrIP_Interface.o)
                0x1000733c                Cy_BLE_StackSetFeatureConfig

i.ble_stack_idle_task_callback
                0x10007390        0x2
 i.ble_stack_idle_task_callback
                0x10007390        0x2 Generated_Source\PSoC6\pdl\middleware\ble\lib\cy_ble_stack_gcc_controller_ipc_cm0p.a(CyBleStackMgrIP_Interface.o)
                0x10007390                ble_stack_idle_task_callback

i.CyBleStackMgr_GetTime
                0x10007394       0x28
 i.CyBleStackMgr_GetTime
                0x10007394       0x28 Generated_Source\PSoC6\pdl\middleware\ble\lib\cy_ble_stack_gcc_controller_ipc_cm0p.a(CyBleStackMgr_PSoCHal.o)
                0x10007394                CyBleStackMgr_GetTime

i.CyBleStackMgr_HalInit
                0x100073bc       0x1c
 i.CyBleStackMgr_HalInit
                0x100073bc       0x1c Generated_Source\PSoC6\pdl\middleware\ble\lib\cy_ble_stack_gcc_controller_ipc_cm0p.a(CyBleStackMgr_PSoCHal.o)
                0x100073bc                CyBleStackMgr_HalInit

i.CyBleStackMgr_HalIntrEnable
                0x100073d8        0x8
 i.CyBleStackMgr_HalIntrEnable
                0x100073d8        0x8 Generated_Source\PSoC6\pdl\middleware\ble\lib\cy_ble_stack_gcc_controller_ipc_cm0p.a(CyBleStackMgr_PSoCHal.o)
                0x100073d8                CyBleStackMgr_HalIntrEnable

i.CyBleStackMgr_HciPortInit
                0x100073e0       0x18
 i.CyBleStackMgr_HciPortInit
                0x100073e0       0x18 Generated_Source\PSoC6\pdl\middleware\ble\lib\cy_ble_stack_gcc_controller_ipc_cm0p.a(CyBleStackMgr_PSoCHal.o)
                0x100073e0                CyBleStackMgr_HciPortInit

i.CyBleStackMgr_HciPortReset
                0x100073f8        0x8
 i.CyBleStackMgr_HciPortReset
                0x100073f8        0x8 Generated_Source\PSoC6\pdl\middleware\ble\lib\cy_ble_stack_gcc_controller_ipc_cm0p.a(CyBleStackMgr_PSoCHal.o)
                0x100073f8                CyBleStackMgr_HciPortReset

i.CyBleStackMgr_HciPortWrite
                0x10007400        0x8
 i.CyBleStackMgr_HciPortWrite
                0x10007400        0x8 Generated_Source\PSoC6\pdl\middleware\ble\lib\cy_ble_stack_gcc_controller_ipc_cm0p.a(CyBleStackMgr_PSoCHal.o)
                0x10007400                CyBleStackMgr_HciPortWrite

i.CyBleStackMgr_TimerStart
                0x10007408       0x20
 i.CyBleStackMgr_TimerStart
                0x10007408       0x20 Generated_Source\PSoC6\pdl\middleware\ble\lib\cy_ble_stack_gcc_controller_ipc_cm0p.a(CyBleStackMgr_PSoCHal.o)
                0x10007408                CyBleStackMgr_TimerStart

i.CyBleStackMgr_TimerStop
                0x10007428       0x18
 i.CyBleStackMgr_TimerStop
                0x10007428       0x18 Generated_Source\PSoC6\pdl\middleware\ble\lib\cy_ble_stack_gcc_controller_ipc_cm0p.a(CyBleStackMgr_PSoCHal.o)
                0x10007428                CyBleStackMgr_TimerStop

i.CyBleStackMgr_isTimerRunning
                0x10007440        0xc
 i.CyBleStackMgr_isTimerRunning
                0x10007440        0xc Generated_Source\PSoC6\pdl\middleware\ble\lib\cy_ble_stack_gcc_controller_ipc_cm0p.a(CyBleStackMgr_PSoCHal.o)
                0x10007440                CyBleStackMgr_isTimerRunning

i.CyBleStackMgr_BleSSFifoRead
                0x1000744c       0x3c
 i.CyBleStackMgr_BleSSFifoRead
                0x1000744c       0x3c Generated_Source\PSoC6\pdl\middleware\ble\lib\cy_ble_stack_gcc_controller_ipc_cm0p.a(CyBleStackMgr_BleSSDriver.o)
                0x1000744c                CyBleStackMgr_BleSSFifoRead

i.CyBleStackMgr_BleSSFifoWrite
                0x10007488       0x30
 i.CyBleStackMgr_BleSSFifoWrite
                0x10007488       0x30 Generated_Source\PSoC6\pdl\middleware\ble\lib\cy_ble_stack_gcc_controller_ipc_cm0p.a(CyBleStackMgr_BleSSDriver.o)
                0x10007488                CyBleStackMgr_BleSSFifoWrite

i.CyBleStackMgr_BleSSInit
                0x100074b8       0x70
 i.CyBleStackMgr_BleSSInit
                0x100074b8       0x70 Generated_Source\PSoC6\pdl\middleware\ble\lib\cy_ble_stack_gcc_controller_ipc_cm0p.a(CyBleStackMgr_BleSSDriver.o)
                0x100074b8                CyBleStackMgr_BleSSInit

i.CyBleStackMgr_BleSSMemRead
                0x10007528       0x30
 i.CyBleStackMgr_BleSSMemRead
                0x10007528       0x30 Generated_Source\PSoC6\pdl\middleware\ble\lib\cy_ble_stack_gcc_controller_ipc_cm0p.a(CyBleStackMgr_BleSSDriver.o)
                0x10007528                CyBleStackMgr_BleSSMemRead

i.CyBleStackMgr_BleSSMemWrite
                0x10007558       0x34
 i.CyBleStackMgr_BleSSMemWrite
                0x10007558       0x34 Generated_Source\PSoC6\pdl\middleware\ble\lib\cy_ble_stack_gcc_controller_ipc_cm0p.a(CyBleStackMgr_BleSSDriver.o)
                0x10007558                CyBleStackMgr_BleSSMemWrite

i.CyBleStackMgr_BleSSMemWriteFields
                0x1000758c       0x70
 i.CyBleStackMgr_BleSSMemWriteFields
                0x1000758c       0x70 Generated_Source\PSoC6\pdl\middleware\ble\lib\cy_ble_stack_gcc_controller_ipc_cm0p.a(CyBleStackMgr_BleSSDriver.o)
                0x1000758c                CyBleStackMgr_BleSSMemWriteFields

i.CyBleStackMgr_BleSSReset
                0x100075fc       0x2c
 i.CyBleStackMgr_BleSSReset
                0x100075fc       0x2c Generated_Source\PSoC6\pdl\middleware\ble\lib\cy_ble_stack_gcc_controller_ipc_cm0p.a(CyBleStackMgr_BleSSDriver.o)
                0x100075fc                CyBleStackMgr_BleSSReset

i.CyBleStackMgr_BleSSShutdown
                0x10007628       0x34
 i.CyBleStackMgr_BleSSShutdown
                0x10007628       0x34 Generated_Source\PSoC6\pdl\middleware\ble\lib\cy_ble_stack_gcc_controller_ipc_cm0p.a(CyBleStackMgr_BleSSDriver.o)
                0x10007628                CyBleStackMgr_BleSSShutdown

i.CyBleStackMgr_GenericIface
                0x1000765c       0x58
 i.CyBleStackMgr_GenericIface
                0x1000765c       0x58 Generated_Source\PSoC6\pdl\middleware\ble\lib\cy_ble_stack_gcc_controller_ipc_cm0p.a(CyBleStackMgr_BleSSDriver.o)
                0x1000765c                CyBleStackMgr_GenericIface

i.CyBleStackMgr_HandleBleSSIntr
                0x100076b4       0x70
 i.CyBleStackMgr_HandleBleSSIntr
                0x100076b4       0x70 Generated_Source\PSoC6\pdl\middleware\ble\lib\cy_ble_stack_gcc_controller_ipc_cm0p.a(CyBleStackMgr_BleSSDriver.o)
                0x100076b4                CyBleStackMgr_HandleBleSSIntr

i.CyBle_ControllerGetBleClockCfgParam
                0x10007724       0x20
 i.CyBle_ControllerGetBleClockCfgParam
                0x10007724       0x20 Generated_Source\PSoC6\pdl\middleware\ble\lib\cy_ble_stack_gcc_controller_ipc_cm0p.a(CyBleStackMgr_BleSSDriver.o)
                0x10007724                CyBle_ControllerGetBleClockCfgParam

i.CyBle_ControllerGetTxPowerLevel
                0x10007744       0x3c
 i.CyBle_ControllerGetTxPowerLevel
                0x10007744       0x3c Generated_Source\PSoC6\pdl\middleware\ble\lib\cy_ble_stack_gcc_controller_ipc_cm0p.a(CyBleStackMgr_BleSSDriver.o)
                0x10007744                CyBle_ControllerGetTxPowerLevel

i.CyBle_ControllerSetBleClockCfgParam
                0x10007780       0x30
 i.CyBle_ControllerSetBleClockCfgParam
                0x10007780       0x30 Generated_Source\PSoC6\pdl\middleware\ble\lib\cy_ble_stack_gcc_controller_ipc_cm0p.a(CyBleStackMgr_BleSSDriver.o)
                0x10007780                CyBle_ControllerSetBleClockCfgParam

i.CyBle_ControllerSetDcxoLdoTrim
                0x100077b0       0x1c
 i.CyBle_ControllerSetDcxoLdoTrim
                0x100077b0       0x1c Generated_Source\PSoC6\pdl\middleware\ble\lib\cy_ble_stack_gcc_controller_ipc_cm0p.a(CyBleStackMgr_BleSSDriver.o)
                0x100077b0                CyBle_ControllerSetDcxoLdoTrim

i.CyBle_ControllerSetTxPowerLevel
                0x100077cc       0x20
 i.CyBle_ControllerSetTxPowerLevel
                0x100077cc       0x20 Generated_Source\PSoC6\pdl\middleware\ble\lib\cy_ble_stack_gcc_controller_ipc_cm0p.a(CyBleStackMgr_BleSSDriver.o)
                0x100077cc                CyBle_ControllerSetTxPowerLevel

i.CyBle_EnterDsmMode
                0x100077ec       0x34
 i.CyBle_EnterDsmMode
                0x100077ec       0x34 Generated_Source\PSoC6\pdl\middleware\ble\lib\cy_ble_stack_gcc_controller_ipc_cm0p.a(CyBleStackMgr_BleSSDriver.o)
                0x100077ec                CyBle_EnterDsmMode

i.CyBle_ExitDsmMode
                0x10007820       0x34
 i.CyBle_ExitDsmMode
                0x10007820       0x34 Generated_Source\PSoC6\pdl\middleware\ble\lib\cy_ble_stack_gcc_controller_ipc_cm0p.a(CyBleStackMgr_BleSSDriver.o)
                0x10007820                CyBle_ExitDsmMode

i.CyBle_GetBleSsOperationalMode
                0x10007854        0xc
 i.CyBle_GetBleSsOperationalMode
                0x10007854        0xc Generated_Source\PSoC6\pdl\middleware\ble\lib\cy_ble_stack_gcc_controller_ipc_cm0p.a(CyBleStackMgr_BleSSDriver.o)
                0x10007854                CyBle_GetBleSsOperationalMode

i.CyBle_GetEventCloseState
                0x10007860       0x10
 i.CyBle_GetEventCloseState
                0x10007860       0x10 Generated_Source\PSoC6\pdl\middleware\ble\lib\cy_ble_stack_gcc_controller_ipc_cm0p.a(CyBleStackMgr_BleSSDriver.o)
                0x10007860                CyBle_GetEventCloseState

i.CyBle_GetLpMode
                0x10007870       0x1c
 i.CyBle_GetLpMode
                0x10007870       0x1c Generated_Source\PSoC6\pdl\middleware\ble\lib\cy_ble_stack_gcc_controller_ipc_cm0p.a(CyBleStackMgr_BleSSDriver.o)
                0x10007870                CyBle_GetLpMode

i.CyBle_GetTxGainMode
                0x1000788c        0xe
 i.CyBle_GetTxGainMode
                0x1000788c        0xe Generated_Source\PSoC6\pdl\middleware\ble\lib\cy_ble_stack_gcc_controller_ipc_cm0p.a(CyBleStackMgr_BleSSDriver.o)
                0x1000788c                CyBle_GetTxGainMode

i.CyBle_SetAutoWakeUp
                0x1000789c        0xc
 i.CyBle_SetAutoWakeUp
                0x1000789c        0xc Generated_Source\PSoC6\pdl\middleware\ble\lib\cy_ble_stack_gcc_controller_ipc_cm0p.a(CyBleStackMgr_BleSSDriver.o)
                0x1000789c                CyBle_SetAutoWakeUp

i.CyBle_SetBleSsOperationalMode
                0x100078a8       0x20
 i.CyBle_SetBleSsOperationalMode
                0x100078a8       0x20 Generated_Source\PSoC6\pdl\middleware\ble\lib\cy_ble_stack_gcc_controller_ipc_cm0p.a(CyBleStackMgr_BleSSDriver.o)
                0x100078a8                CyBle_SetBleSsOperationalMode

i.CyBle_SetEventCloseState
                0x100078c8        0xc
 i.CyBle_SetEventCloseState
                0x100078c8        0xc Generated_Source\PSoC6\pdl\middleware\ble\lib\cy_ble_stack_gcc_controller_ipc_cm0p.a(CyBleStackMgr_BleSSDriver.o)
                0x100078c8                CyBle_SetEventCloseState

i.CyBle_CheckBleStackTaskStatus
                0x100078d4        0x4
 i.CyBle_CheckBleStackTaskStatus
                0x100078d4        0x4 Generated_Source\PSoC6\pdl\middleware\ble\lib\cy_ble_stack_gcc_controller_ipc_cm0p.a(CyBleStackMgr_StackTaskHandler.o)
                0x100078d4                CyBle_CheckBleStackTaskStatus

i.CyBle_CreateBleStackTask
                0x100078d8       0x30
 i.CyBle_CreateBleStackTask
                0x100078d8       0x30 Generated_Source\PSoC6\pdl\middleware\ble\lib\cy_ble_stack_gcc_controller_ipc_cm0p.a(CyBleStackMgr_StackTaskHandler.o)
                0x100078d8                CyBle_CreateBleStackTask

i.CyBle_SignalBleStackTask
                0x10007908       0x44
 i.CyBle_SignalBleStackTask
                0x10007908       0x44 Generated_Source\PSoC6\pdl\middleware\ble\lib\cy_ble_stack_gcc_controller_ipc_cm0p.a(CyBleStackMgr_StackTaskHandler.o)
                0x10007908                CyBle_SignalBleStackTask

i.CyBle_StackTaskHandler
                0x1000794c       0x26
 i.CyBle_StackTaskHandler
                0x1000794c       0x26 Generated_Source\PSoC6\pdl\middleware\ble\lib\cy_ble_stack_gcc_controller_ipc_cm0p.a(CyBleStackMgr_StackTaskHandler.o)
                0x1000794c                CyBle_StackTaskHandler

i.IsStackTaskFree
                0x10007974       0x10
 i.IsStackTaskFree
                0x10007974       0x10 Generated_Source\PSoC6\pdl\middleware\ble\lib\cy_ble_stack_gcc_controller_ipc_cm0p.a(CyBleStackMgr_StackTaskHandler.o)
                0x10007974                IsStackTaskFree

i.BT_start_timer
                0x10007984       0xe4
 i.BT_start_timer
                0x10007984       0xe4 Generated_Source\PSoC6\pdl\middleware\ble\lib\cy_ble_stack_gcc_controller_ipc_cm0p.a(BT_timer.o)
                0x10007984                BT_start_timer

i.BT_start_timer_controller
                0x10007a68       0x28
 i.BT_start_timer_controller
                0x10007a68       0x28 Generated_Source\PSoC6\pdl\middleware\ble\lib\cy_ble_stack_gcc_controller_ipc_cm0p.a(BT_timer.o)
                0x10007a68                BT_start_timer_controller

i.BT_start_timer_pilo
                0x10007a90       0x28
 i.BT_start_timer_pilo
                0x10007a90       0x28 Generated_Source\PSoC6\pdl\middleware\ble\lib\cy_ble_stack_gcc_controller_ipc_cm0p.a(BT_timer.o)
                0x10007a90                BT_start_timer_pilo

i.BT_stop_timer
                0x10007ab8       0xa0
 i.BT_stop_timer
                0x10007ab8       0xa0 Generated_Source\PSoC6\pdl\middleware\ble\lib\cy_ble_stack_gcc_controller_ipc_cm0p.a(BT_timer.o)
                0x10007ab8                BT_stop_timer

i.BT_stop_timer_controller
                0x10007b58       0x28
 i.BT_stop_timer_controller
                0x10007b58       0x28 Generated_Source\PSoC6\pdl\middleware\ble\lib\cy_ble_stack_gcc_controller_ipc_cm0p.a(BT_timer.o)
                0x10007b58                BT_stop_timer_controller

i.BT_stop_timer_pilo
                0x10007b80       0x28
 i.BT_stop_timer_pilo
                0x10007b80       0x28 Generated_Source\PSoC6\pdl\middleware\ble\lib\cy_ble_stack_gcc_controller_ipc_cm0p.a(BT_timer.o)
                0x10007b80                BT_stop_timer_pilo

i.BT_timer_process_signals
                0x10007ba8       0xd4
 i.BT_timer_process_signals
                0x10007ba8       0xd4 Generated_Source\PSoC6\pdl\middleware\ble\lib\cy_ble_stack_gcc_controller_ipc_cm0p.a(BT_timer.o)
                0x10007ba8                BT_timer_process_signals

i.timer_allocated_entity
                0x10007c7c       0x34
 i.timer_allocated_entity
                0x10007c7c       0x34 Generated_Source\PSoC6\pdl\middleware\ble\lib\cy_ble_stack_gcc_controller_ipc_cm0p.a(BT_timer.o)
                0x10007c7c                timer_allocated_entity

i.timer_init    0x10007cb0       0x30
 i.timer_init   0x10007cb0       0x30 Generated_Source\PSoC6\pdl\middleware\ble\lib\cy_ble_stack_gcc_controller_ipc_cm0p.a(BT_timer.o)
                0x10007cb0                timer_init

i.timer_update_offsets
                0x10007ce0       0x34
 i.timer_update_offsets
                0x10007ce0       0x34 Generated_Source\PSoC6\pdl\middleware\ble\lib\cy_ble_stack_gcc_controller_ipc_cm0p.a(BT_timer.o)

i.BT_ISROSQPost
                0x10007d14        0xa
 i.BT_ISROSQPost
                0x10007d14        0xa Generated_Source\PSoC6\pdl\middleware\ble\lib\cy_ble_stack_gcc_controller_ipc_cm0p.a(bt_os_common.o)
                0x10007d14                BT_ISROSQPost

i.BT_OSQPost    0x10007d1e        0xa
 i.BT_OSQPost   0x10007d1e        0xa Generated_Source\PSoC6\pdl\middleware\ble\lib\cy_ble_stack_gcc_controller_ipc_cm0p.a(bt_os_common.o)
                0x10007d1e                BT_OSQPost

i.BT_thread_create
                0x10007d28       0x30
 i.BT_thread_create
                0x10007d28       0x30 Generated_Source\PSoC6\pdl\middleware\ble\lib\cy_ble_stack_gcc_controller_ipc_cm0p.a(bt_os_common.o)
                0x10007d28                BT_thread_create

i.pf_timer_handle_tick
                0x10007d58       0x20
 i.pf_timer_handle_tick
                0x10007d58       0x20 Generated_Source\PSoC6\pdl\middleware\ble\lib\cy_ble_stack_gcc_controller_ipc_cm0p.a(bt_os_common.o)
                0x10007d58                pf_timer_handle_tick

i.CyPilo_ApplyTrim
                0x10007d78       0x88
 i.CyPilo_ApplyTrim
                0x10007d78       0x88 Generated_Source\PSoC6\pdl\middleware\ble\lib\cy_ble_stack_gcc_controller_ipc_cm0p.a(CyBleStackMgrIP_Pilo.o)

i.CyPilo_DSMExitCalibration
                0x10007e00       0x14
 i.CyPilo_DSMExitCalibration
                0x10007e00       0x14 Generated_Source\PSoC6\pdl\middleware\ble\lib\cy_ble_stack_gcc_controller_ipc_cm0p.a(CyBleStackMgrIP_Pilo.o)
                0x10007e00                CyPilo_DSMExitCalibration

i.CyPilo_GetState
                0x10007e14        0xc
 i.CyPilo_GetState
                0x10007e14        0xc Generated_Source\PSoC6\pdl\middleware\ble\lib\cy_ble_stack_gcc_controller_ipc_cm0p.a(CyBleStackMgrIP_Pilo.o)
                0x10007e14                CyPilo_GetState

i.CyPilo_InitCalibration
                0x10007e20       0x18
 i.CyPilo_InitCalibration
                0x10007e20       0x18 Generated_Source\PSoC6\pdl\middleware\ble\lib\cy_ble_stack_gcc_controller_ipc_cm0p.a(CyBleStackMgrIP_Pilo.o)
                0x10007e20                CyPilo_InitCalibration

i.CyPilo_PeriodicCalibTimeout
                0x10007e38       0x24
 i.CyPilo_PeriodicCalibTimeout
                0x10007e38       0x24 Generated_Source\PSoC6\pdl\middleware\ble\lib\cy_ble_stack_gcc_controller_ipc_cm0p.a(CyBleStackMgrIP_Pilo.o)

i.CyPilo_RetryCalibration
                0x10007e5c       0x20
 i.CyPilo_RetryCalibration
                0x10007e5c       0x20 Generated_Source\PSoC6\pdl\middleware\ble\lib\cy_ble_stack_gcc_controller_ipc_cm0p.a(CyBleStackMgrIP_Pilo.o)

i.CyPilo_SetCalibInterval
                0x10007e7c        0xc
 i.CyPilo_SetCalibInterval
                0x10007e7c        0xc Generated_Source\PSoC6\pdl\middleware\ble\lib\cy_ble_stack_gcc_controller_ipc_cm0p.a(CyBleStackMgrIP_Pilo.o)
                0x10007e7c                CyPilo_SetCalibInterval

i.CyPilo_SetState
                0x10007e88        0xc
 i.CyPilo_SetState
                0x10007e88        0xc Generated_Source\PSoC6\pdl\middleware\ble\lib\cy_ble_stack_gcc_controller_ipc_cm0p.a(CyBleStackMgrIP_Pilo.o)
                0x10007e88                CyPilo_SetState

i.CyPilo_ShutdownCalibration
                0x10007e94       0x1c
 i.CyPilo_ShutdownCalibration
                0x10007e94       0x1c Generated_Source\PSoC6\pdl\middleware\ble\lib\cy_ble_stack_gcc_controller_ipc_cm0p.a(CyBleStackMgrIP_Pilo.o)
                0x10007e94                CyPilo_ShutdownCalibration

i.CyPilo_StopPeriodicTimer
                0x10007eb0       0x10
 i.CyPilo_StopPeriodicTimer
                0x10007eb0       0x10 Generated_Source\PSoC6\pdl\middleware\ble\lib\cy_ble_stack_gcc_controller_ipc_cm0p.a(CyBleStackMgrIP_Pilo.o)
                0x10007eb0                CyPilo_StopPeriodicTimer

i.CyPilo_TriggerCalibration
                0x10007ec0       0x54
 i.CyPilo_TriggerCalibration
                0x10007ec0       0x54 Generated_Source\PSoC6\pdl\middleware\ble\lib\cy_ble_stack_gcc_controller_ipc_cm0p.a(CyBleStackMgrIP_Pilo.o)
                0x10007ec0                CyPilo_TriggerCalibration

i.CyPilo_UpdateCalibInterval
                0x10007f14       0x34
 i.CyPilo_UpdateCalibInterval
                0x10007f14       0x34 Generated_Source\PSoC6\pdl\middleware\ble\lib\cy_ble_stack_gcc_controller_ipc_cm0p.a(CyBleStackMgrIP_Pilo.o)
                0x10007f14                CyPilo_UpdateCalibInterval

i.OS_init       0x10007f48       0x64
 i.OS_init      0x10007f48       0x64 Generated_Source\PSoC6\pdl\middleware\ble\lib\cy_ble_stack_gcc_controller_ipc_cm0p.a(mint_os.o)
                0x10007f48                OS_init

i.OS_shutdown   0x10007fac        0x4
 i.OS_shutdown  0x10007fac        0x4 Generated_Source\PSoC6\pdl\middleware\ble\lib\cy_ble_stack_gcc_controller_ipc_cm0p.a(mint_os.o)
                0x10007fac                OS_shutdown

i.mintos_malloc
                0x10007fb0       0x34
 i.mintos_malloc
                0x10007fb0       0x34 Generated_Source\PSoC6\pdl\middleware\ble\lib\cy_ble_stack_gcc_controller_ipc_cm0p.a(mint_os.o)
                0x10007fb0                mintos_malloc

i.OS_create_queue
                0x10007fe4       0x64
 i.OS_create_queue
                0x10007fe4       0x64 Generated_Source\PSoC6\pdl\middleware\ble\lib\cy_ble_stack_gcc_controller_ipc_cm0p.a(mint_os_queue.o)
                0x10007fe4                OS_create_queue

i.OS_enqueue_item
                0x10008048       0x8c
 i.OS_enqueue_item
                0x10008048       0x8c Generated_Source\PSoC6\pdl\middleware\ble\lib\cy_ble_stack_gcc_controller_ipc_cm0p.a(mint_os_queue.o)
                0x10008048                OS_enqueue_item

i.OS_queue_get_num_of_items
                0x100080d4       0x28
 i.OS_queue_get_num_of_items
                0x100080d4       0x28 Generated_Source\PSoC6\pdl\middleware\ble\lib\cy_ble_stack_gcc_controller_ipc_cm0p.a(mint_os_queue.o)
                0x100080d4                OS_queue_get_num_of_items

i.OS_queue_mgmt_init
                0x100080fc       0x40
 i.OS_queue_mgmt_init
                0x100080fc       0x40 Generated_Source\PSoC6\pdl\middleware\ble\lib\cy_ble_stack_gcc_controller_ipc_cm0p.a(mint_os_queue.o)
                0x100080fc                OS_queue_mgmt_init

i.OS_remove_item
                0x1000813c       0xa0
 i.OS_remove_item
                0x1000813c       0xa0 Generated_Source\PSoC6\pdl\middleware\ble\lib\cy_ble_stack_gcc_controller_ipc_cm0p.a(mint_os_queue.o)
                0x1000813c                OS_remove_item

i.OS_create_task
                0x100081dc       0x88
 i.OS_create_task
                0x100081dc       0x88 Generated_Source\PSoC6\pdl\middleware\ble\lib\cy_ble_stack_gcc_controller_ipc_cm0p.a(mint_os_task.o)
                0x100081dc                OS_create_task

i.OS_is_task_free
                0x10008264       0x30
 i.OS_is_task_free
                0x10008264       0x30 Generated_Source\PSoC6\pdl\middleware\ble\lib\cy_ble_stack_gcc_controller_ipc_cm0p.a(mint_os_task.o)
                0x10008264                OS_is_task_free

i.OS_isr_send_signal_to_task
                0x10008294        0xc
 i.OS_isr_send_signal_to_task
                0x10008294        0xc Generated_Source\PSoC6\pdl\middleware\ble\lib\cy_ble_stack_gcc_controller_ipc_cm0p.a(mint_os_task.o)
                0x10008294                OS_isr_send_signal_to_task

i.OS_scheduler  0x100082a0       0x64
 i.OS_scheduler
                0x100082a0       0x64 Generated_Source\PSoC6\pdl\middleware\ble\lib\cy_ble_stack_gcc_controller_ipc_cm0p.a(mint_os_task.o)
                0x100082a0                OS_scheduler

i.OS_send_signal_to_task
                0x10008304        0xc
 i.OS_send_signal_to_task
                0x10008304        0xc Generated_Source\PSoC6\pdl\middleware\ble\lib\cy_ble_stack_gcc_controller_ipc_cm0p.a(mint_os_task.o)
                0x10008304                OS_send_signal_to_task

i.OS_send_signal_to_task_context
                0x10008310       0x3c
 i.OS_send_signal_to_task_context
                0x10008310       0x3c Generated_Source\PSoC6\pdl\middleware\ble\lib\cy_ble_stack_gcc_controller_ipc_cm0p.a(mint_os_task.o)

i.OS_task_mgmt_init
                0x1000834c       0x50
 i.OS_task_mgmt_init
                0x1000834c       0x50 Generated_Source\PSoC6\pdl\middleware\ble\lib\cy_ble_stack_gcc_controller_ipc_cm0p.a(mint_os_task.o)
                0x1000834c                OS_task_mgmt_init

i.mint_buf_mgmt_allocate_buffer
                0x1000839c       0x4c
 i.mint_buf_mgmt_allocate_buffer
                0x1000839c       0x4c Generated_Source\PSoC6\pdl\middleware\ble\lib\cy_ble_stack_gcc_controller_ipc_cm0p.a(mint_buf_mgmt.o)
                0x1000839c                mint_buf_mgmt_allocate_buffer

i.mint_buf_mgmt_create_pool
                0x100083e8       0xd4
 i.mint_buf_mgmt_create_pool
                0x100083e8       0xd4 Generated_Source\PSoC6\pdl\middleware\ble\lib\cy_ble_stack_gcc_controller_ipc_cm0p.a(mint_buf_mgmt.o)
                0x100083e8                mint_buf_mgmt_create_pool

i.mint_buf_mgmt_free_buffer
                0x100084bc       0xa4
 i.mint_buf_mgmt_free_buffer
                0x100084bc       0xa4 Generated_Source\PSoC6\pdl\middleware\ble\lib\cy_ble_stack_gcc_controller_ipc_cm0p.a(mint_buf_mgmt.o)
                0x100084bc                mint_buf_mgmt_free_buffer

i.mint_buf_mgmt_init
                0x10008560       0x44
 i.mint_buf_mgmt_init
                0x10008560       0x44 Generated_Source\PSoC6\pdl\middleware\ble\lib\cy_ble_stack_gcc_controller_ipc_cm0p.a(mint_buf_mgmt.o)
                0x10008560                mint_buf_mgmt_init

i.mint_buf_mgmt_malloc
                0x100085a4       0x28
 i.mint_buf_mgmt_malloc
                0x100085a4       0x28 Generated_Source\PSoC6\pdl\middleware\ble\lib\cy_ble_stack_gcc_controller_ipc_cm0p.a(mint_buf_mgmt.o)
                0x100085a4                mint_buf_mgmt_malloc

i.mint_buf_mgmt_pl_init
                0x100085cc       0x4c
 i.mint_buf_mgmt_pl_init
                0x100085cc       0x4c Generated_Source\PSoC6\pdl\middleware\ble\lib\cy_ble_stack_gcc_controller_ipc_cm0p.a(mint_buf_mgmt.o)
                0x100085cc                mint_buf_mgmt_pl_init

i.mint_buf_mgmt_reset_pool
                0x10008618       0x70
 i.mint_buf_mgmt_reset_pool
                0x10008618       0x70 Generated_Source\PSoC6\pdl\middleware\ble\lib\cy_ble_stack_gcc_controller_ipc_cm0p.a(mint_buf_mgmt.o)
                0x10008618                mint_buf_mgmt_reset_pool

i.mint_buf_mgmt_stack_init
                0x10008688       0x24
 i.mint_buf_mgmt_stack_init
                0x10008688       0x24 Generated_Source\PSoC6\pdl\middleware\ble\lib\cy_ble_stack_gcc_controller_ipc_cm0p.a(mint_buf_mgmt.o)
                0x10008688                mint_buf_mgmt_stack_init

i.mint_buf_mgmt_stack_pop
                0x100086ac       0x36
 i.mint_buf_mgmt_stack_pop
                0x100086ac       0x36 Generated_Source\PSoC6\pdl\middleware\ble\lib\cy_ble_stack_gcc_controller_ipc_cm0p.a(mint_buf_mgmt.o)
                0x100086ac                mint_buf_mgmt_stack_pop

i.mint_buf_mgmt_stack_push
                0x100086e2       0x36
 i.mint_buf_mgmt_stack_push
                0x100086e2       0x36 Generated_Source\PSoC6\pdl\middleware\ble\lib\cy_ble_stack_gcc_controller_ipc_cm0p.a(mint_buf_mgmt.o)
                0x100086e2                mint_buf_mgmt_stack_push

i.mint_buf_mgmt_stack_reset
                0x10008718       0x1e
 i.mint_buf_mgmt_stack_reset
                0x10008718       0x1e Generated_Source\PSoC6\pdl\middleware\ble\lib\cy_ble_stack_gcc_controller_ipc_cm0p.a(mint_buf_mgmt.o)
                0x10008718                mint_buf_mgmt_stack_reset

i.mint_buf_mgmt_stack_search_item
                0x10008736       0x30
 i.mint_buf_mgmt_stack_search_item
                0x10008736       0x30 Generated_Source\PSoC6\pdl\middleware\ble\lib\cy_ble_stack_gcc_controller_ipc_cm0p.a(mint_buf_mgmt.o)
                0x10008736                mint_buf_mgmt_stack_search_item

i.CyBleController_HciIpcExtractPacket
                0x10008768       0x84
 i.CyBleController_HciIpcExtractPacket
                0x10008768       0x84 Generated_Source\PSoC6\pdl\middleware\ble\lib\cy_ble_stack_gcc_controller_ipc_cm0p.a(transport_ipc.o)
                0x10008768                CyBleController_HciIpcExtractPacket

i.CyBleController_HciIpcInit
                0x100087ec       0x10
 i.CyBleController_HciIpcInit
                0x100087ec       0x10 Generated_Source\PSoC6\pdl\middleware\ble\lib\cy_ble_stack_gcc_controller_ipc_cm0p.a(transport_ipc.o)
                0x100087ec                CyBleController_HciIpcInit

i.CyBleController_HciIpcMsgCompleteReceive
                0x100087fc       0x20
 i.CyBleController_HciIpcMsgCompleteReceive
                0x100087fc       0x20 Generated_Source\PSoC6\pdl\middleware\ble\lib\cy_ble_stack_gcc_controller_ipc_cm0p.a(transport_ipc.o)
                0x100087fc                CyBleController_HciIpcMsgCompleteReceive

i.CyBleController_HciIpcMsgReceive
                0x1000881c       0xb4
 i.CyBleController_HciIpcMsgReceive
                0x1000881c       0xb4 Generated_Source\PSoC6\pdl\middleware\ble\lib\cy_ble_stack_gcc_controller_ipc_cm0p.a(transport_ipc.o)
                0x1000881c                CyBleController_HciIpcMsgReceive

i.CyBleController_HciIpcSend
                0x100088d0       0x16
 i.CyBleController_HciIpcSend
                0x100088d0       0x16 Generated_Source\PSoC6\pdl\middleware\ble\lib\cy_ble_stack_gcc_controller_ipc_cm0p.a(transport_ipc.o)
                0x100088d0                CyBleController_HciIpcSend

i.CyBleController_IpcSendStackInitHWError
                0x100088e6        0x8
 i.CyBleController_IpcSendStackInitHWError
                0x100088e6        0x8 Generated_Source\PSoC6\pdl\middleware\ble\lib\cy_ble_stack_gcc_controller_ipc_cm0p.a(transport_ipc.o)
                0x100088e6                CyBleController_IpcSendStackInitHWError

i.CyBleController_IPC_HAL_Init
                0x100088f0       0x40
 i.CyBleController_IPC_HAL_Init
                0x100088f0       0x40 Generated_Source\PSoC6\pdl\middleware\ble\lib\cy_ble_stack_gcc_controller_ipc_cm0p.a(CyBleStackMgr_PSoCIPCHal.o)
                0x100088f0                CyBleController_IPC_HAL_Init

i.CyBleController_IPC_HAL_InitWithStaticMem
                0x10008930       0x10
 i.CyBleController_IPC_HAL_InitWithStaticMem
                0x10008930       0x10 Generated_Source\PSoC6\pdl\middleware\ble\lib\cy_ble_stack_gcc_controller_ipc_cm0p.a(CyBleStackMgr_PSoCIPCHal.o)
                0x10008930                CyBleController_IPC_HAL_InitWithStaticMem

i.CyBleController_IPC_HAL_IsQueueEmpty
                0x10008940       0x24
 i.CyBleController_IPC_HAL_IsQueueEmpty
                0x10008940       0x24 Generated_Source\PSoC6\pdl\middleware\ble\lib\cy_ble_stack_gcc_controller_ipc_cm0p.a(CyBleStackMgr_PSoCIPCHal.o)
                0x10008940                CyBleController_IPC_HAL_IsQueueEmpty

i.CyBleController_IPC_HAL_PipeReleaseCallback
                0x10008964       0x1c
 i.CyBleController_IPC_HAL_PipeReleaseCallback
                0x10008964       0x1c Generated_Source\PSoC6\pdl\middleware\ble\lib\cy_ble_stack_gcc_controller_ipc_cm0p.a(CyBleStackMgr_PSoCIPCHal.o)

i.CyBleController_IPC_HAL_ProcessMsgQ
                0x10008980       0x40
 i.CyBleController_IPC_HAL_ProcessMsgQ
                0x10008980       0x40 Generated_Source\PSoC6\pdl\middleware\ble\lib\cy_ble_stack_gcc_controller_ipc_cm0p.a(CyBleStackMgr_PSoCIPCHal.o)
                0x10008980                CyBleController_IPC_HAL_ProcessMsgQ

i.CyBleController_IPC_HAL_PushMessage
                0x100089c0       0x4c
 i.CyBleController_IPC_HAL_PushMessage
                0x100089c0       0x4c Generated_Source\PSoC6\pdl\middleware\ble\lib\cy_ble_stack_gcc_controller_ipc_cm0p.a(CyBleStackMgr_PSoCIPCHal.o)

i.CyBleController_IPC_HAL_Reset
                0x10008a0c        0x2
 i.CyBleController_IPC_HAL_Reset
                0x10008a0c        0x2 Generated_Source\PSoC6\pdl\middleware\ble\lib\cy_ble_stack_gcc_controller_ipc_cm0p.a(CyBleStackMgr_PSoCIPCHal.o)
                0x10008a0c                CyBleController_IPC_HAL_Reset

i.CyBleController_IPC_HAL_SendEnqueue