Archive member included to satisfy reference by file (symbol)

Generated_Source\PSoC6\pdl\middleware\ble\lib\cy_ble_stack_gcc_host_ipc_cm4.a(CyBleStackMgrIP_Interface.o)
                              .\CortexM4\ARM_GCC_541\Debug\cy_ble.o (Cy_BLE_EnablePrivacyFeature)
Generated_Source\PSoC6\pdl\middleware\ble\lib\cy_ble_stack_gcc_host_ipc_cm4.a(BT_os.o)
                              Generated_Source\PSoC6\pdl\middleware\ble\lib\cy_ble_stack_gcc_host_ipc_cm4.a(CyBleStackMgrIP_Interface.o) (cyBleStackMemoryConfig)
Generated_Source\PSoC6\pdl\middleware\ble\lib\cy_ble_stack_gcc_host_ipc_cm4.a(CyBleStackMgr_StackTaskHandler.o)
                              Generated_Source\PSoC6\pdl\middleware\ble\lib\cy_ble_stack_gcc_host_ipc_cm4.a(CyBleStackMgrIP_Interface.o) (CyBle_CreateBleStackTask)
Generated_Source\PSoC6\pdl\middleware\ble\lib\cy_ble_stack_gcc_host_ipc_cm4.a(storage_pl.o)
                              Generated_Source\PSoC6\pdl\middleware\ble\lib\cy_ble_stack_gcc_host_ipc_cm4.a(CyBleStackMgrIP_Interface.o) (storage_manager_init)
Generated_Source\PSoC6\pdl\middleware\ble\lib\cy_ble_stack_gcc_host_ipc_cm4.a(mint_os.o)
                              Generated_Source\PSoC6\pdl\middleware\ble\lib\cy_ble_stack_gcc_host_ipc_cm4.a(CyBleStackMgrIP_Interface.o) (OS_init)
Generated_Source\PSoC6\pdl\middleware\ble\lib\cy_ble_stack_gcc_host_ipc_cm4.a(mint_os_queue.o)
                              Generated_Source\PSoC6\pdl\middleware\ble\lib\cy_ble_stack_gcc_host_ipc_cm4.a(mint_os.o) (OS_TOTAL_QUEUES)
Generated_Source\PSoC6\pdl\middleware\ble\lib\cy_ble_stack_gcc_host_ipc_cm4.a(mint_os_task.o)
                              Generated_Source\PSoC6\pdl\middleware\ble\lib\cy_ble_stack_gcc_host_ipc_cm4.a(mint_os.o) (idle_func_handler)
Generated_Source\PSoC6\pdl\middleware\ble\lib\cy_ble_stack_gcc_host_ipc_cm4.a(mint_buf_mgmt.o)
                              Generated_Source\PSoC6\pdl\middleware\ble\lib\cy_ble_stack_gcc_host_ipc_cm4.a(BT_os.o) (mint_buf_mgmt_allocate_buffer)
Generated_Source\PSoC6\pdl\middleware\ble\lib\cy_ble_stack_gcc_host_ipc_cm4.a(transport_ipc.o)
                              Generated_Source\PSoC6\pdl\middleware\ble\lib\cy_ble_stack_gcc_host_ipc_cm4.a(CyBleStackMgr_StackTaskHandler.o) (CyBleHost_HciIpcFreePktBuffer)
Generated_Source\PSoC6\pdl\middleware\ble\lib\cy_ble_stack_gcc_host_ipc_cm4.a(CyBleStackMgr_PSoCIPCHal.o)
                              Generated_Source\PSoC6\pdl\middleware\ble\lib\cy_ble_stack_gcc_host_ipc_cm4.a(transport_ipc.o) (CyBleHost_IPC_HAL_InitWithStaticMem)
Generated_Source\PSoC6\pdl\middleware\ble\lib\cy_ble_stack_gcc_host_ipc_cm4.a(host_main.o)
                              Generated_Source\PSoC6\pdl\middleware\ble\lib\cy_ble_stack_gcc_host_ipc_cm4.a(CyBleStackMgrIP_Interface.o) (CyBle_HostInit)
Generated_Source\PSoC6\pdl\middleware\ble\lib\cy_ble_stack_gcc_host_ipc_cm4.a(att_api.o)
                              Generated_Source\PSoC6\pdl\middleware\ble\lib\cy_ble_stack_gcc_host_ipc_cm4.a(host_main.o) (BT_att_register)
Generated_Source\PSoC6\pdl\middleware\ble\lib\cy_ble_stack_gcc_host_ipc_cm4.a(att_init.o)
                              Generated_Source\PSoC6\pdl\middleware\ble\lib\cy_ble_stack_gcc_host_ipc_cm4.a(att_api.o) (att_connections)
Generated_Source\PSoC6\pdl\middleware\ble\lib\cy_ble_stack_gcc_host_ipc_cm4.a(att_internal.o)
                              Generated_Source\PSoC6\pdl\middleware\ble\lib\cy_ble_stack_gcc_host_ipc_cm4.a(att_api.o) (att_get_fsm_event)
Generated_Source\PSoC6\pdl\middleware\ble\lib\cy_ble_stack_gcc_host_ipc_cm4.a(BT_common.o)
                              Generated_Source\PSoC6\pdl\middleware\ble\lib\cy_ble_stack_gcc_host_ipc_cm4.a(host_main.o) (BT_bluetooth_off)
Generated_Source\PSoC6\pdl\middleware\ble\lib\cy_ble_stack_gcc_host_ipc_cm4.a(device_queue.o)
                              Generated_Source\PSoC6\pdl\middleware\ble\lib\cy_ble_stack_gcc_host_ipc_cm4.a(host_main.o) (CyBle_DeviceQueueHeapDeInit)
Generated_Source\PSoC6\pdl\middleware\ble\lib\cy_ble_stack_gcc_host_ipc_cm4.a(l2cap.o)
                              Generated_Source\PSoC6\pdl\middleware\ble\lib\cy_ble_stack_gcc_host_ipc_cm4.a(host_main.o) (CyBle_L2capCB)
Generated_Source\PSoC6\pdl\middleware\ble\lib\cy_ble_stack_gcc_host_ipc_cm4.a(l2cap_disconnect.o)
                              Generated_Source\PSoC6\pdl\middleware\ble\lib\cy_ble_stack_gcc_host_ipc_cm4.a(l2cap.o) (l2ca_disconnect_req)
Generated_Source\PSoC6\pdl\middleware\ble\lib\cy_ble_stack_gcc_host_ipc_cm4.a(l2cap_init.o)
                              Generated_Source\PSoC6\pdl\middleware\ble\lib\cy_ble_stack_gcc_host_ipc_cm4.a(l2cap_disconnect.o) (l2cap_fixed_channel)
Generated_Source\PSoC6\pdl\middleware\ble\lib\cy_ble_stack_gcc_host_ipc_cm4.a(l2cap_utils.o)
                              Generated_Source\PSoC6\pdl\middleware\ble\lib\cy_ble_stack_gcc_host_ipc_cm4.a(l2cap_disconnect.o) (l2cap_buffer_dequeue)
Generated_Source\PSoC6\pdl\middleware\ble\lib\cy_ble_stack_gcc_host_ipc_cm4.a(l2cap_lmp.o)
[...]
Memory Configuration

Name             Origin             Length             Attributes
ram              0x08024000         0x00023800         xrw
flash            0x10080000         0x00080000         xr
em_eeprom        0x14000000         0x00008000         xr
sflash_user_data 0x16000800         0x00000800         xr
sflash_nar       0x16001a00         0x00000200         xr
sflash_public_key 0x16005a00         0x00000c00         xr
sflash_toc_2     0x16007c00         0x00000200         xr
sflash_rtoc_2    0x16007e00         0x00000200         xr
xip              0x18000000         0x08000000         xr
efuse            0x90700000         0x00100000         r
*default*        0x00000000         0xffffffff

Linker script and memory map

LOAD c:/program files (x86)/cypress/psoc creator/4.2/psoc creator/import/gnu/arm/5.4.1/bin/../lib/gcc/arm-none-eabi/5.4.1/armv7e-m/softfp/crti.o
LOAD c:/program files (x86)/cypress/psoc creator/4.2/psoc creator/import/gnu/arm/5.4.1/bin/../lib/gcc/arm-none-eabi/5.4.1/armv7e-m/softfp/crtbegin.o
LOAD c:/program files (x86)/cypress/psoc creator/4.2/psoc creator/import/gnu/arm/5.4.1/bin/../lib/gcc/arm-none-eabi/5.4.1/../../../../arm-none-eabi/lib/armv7e-m/softfp/crt0.o
START GROUP
LOAD Generated_Source\PSoC6\pdl\middleware\ble\lib\cy_ble_stack_gcc_host_ipc_cm4.a
LOAD .\CortexM4\ARM_GCC_541\Debug\startup_psoc63_cm4.o
LOAD .\CortexM4\ARM_GCC_541\Debug\ble_task.o
LOAD .\CortexM4\ARM_GCC_541\Debug\status_led_task.o
LOAD .\CortexM4\ARM_GCC_541\Debug\debug.o
LOAD .\CortexM4\ARM_GCC_541\Debug\main_cm4.o
LOAD .\CortexM4\ARM_GCC_541\Debug\system_psoc63_cm4.o
LOAD .\CortexM4\ARM_GCC_541\Debug\ias.o
LOAD .\CortexM4\ARM_GCC_541\Debug\cy_ipc_config.o
LOAD .\CortexM4\ARM_GCC_541\Debug\cyfitter_sysint_cfg.o
LOAD .\CortexM4\ARM_GCC_541\Debug\cymetadata.o
LOAD .\CortexM4\ARM_GCC_541\Debug\cy_sysint.o
LOAD .\CortexM4\ARM_GCC_541\Debug\cy_ipc_drv.o
LOAD .\CortexM4\ARM_GCC_541\Debug\cy_ipc_sema.o
LOAD .\CortexM4\ARM_GCC_541\Debug\cy_ipc_pipe.o
LOAD .\CortexM4\ARM_GCC_541\Debug\cy_sysclk.o
LOAD .\CortexM4\ARM_GCC_541\Debug\cy_wdt.o
LOAD .\CortexM4\ARM_GCC_541\Debug\cy_scb_common.o
LOAD .\CortexM4\ARM_GCC_541\Debug\cy_scb_i2c.o
LOAD .\CortexM4\ARM_GCC_541\Debug\cy_scb_ezi2c.o
LOAD .\CortexM4\ARM_GCC_541\Debug\cy_scb_spi.o
LOAD .\CortexM4\ARM_GCC_541\Debug\cy_scb_uart.o
LOAD .\CortexM4\ARM_GCC_541\Debug\cy_efuse.o
LOAD .\CortexM4\ARM_GCC_541\Debug\cy_flash.o
LOAD .\CortexM4\ARM_GCC_541\Debug\cy_gpio.o
LOAD .\CortexM4\ARM_GCC_541\Debug\cy_sysanalog.o
LOAD .\CortexM4\ARM_GCC_541\Debug\cy_syspm.o
LOAD .\CortexM4\ARM_GCC_541\Debug\cy_syslib.o
LOAD .\CortexM4\ARM_GCC_541\Debug\cy_syslib_gcc.o
LOAD .\CortexM4\ARM_GCC_541\Debug\cy_trigmux.o
LOAD .\CortexM4\ARM_GCC_541\Debug\cy_systick.o
LOAD .\CortexM4\ARM_GCC_541\Debug\cy_profile.o
LOAD .\CortexM4\ARM_GCC_541\Debug\cy_prot.o
LOAD .\CortexM4\ARM_GCC_541\Debug\cy_lvd.o
LOAD .\CortexM4\ARM_GCC_541\Debug\cy_ble.o
LOAD .\CortexM4\ARM_GCC_541\Debug\cy_ble_hal_int.o
LOAD .\CortexM4\ARM_GCC_541\Debug\cy_ble_hal_pvt.o
LOAD .\CortexM4\ARM_GCC_541\Debug\cy_ble_gap.o
LOAD .\CortexM4\ARM_GCC_541\Debug\cy_ble_gatt.o
LOAD .\CortexM4\ARM_GCC_541\Debug\cy_ble_event_handler.o
LOAD .\CortexM4\ARM_GCC_541\Debug\cy_ble_ancs.o
LOAD .\CortexM4\ARM_GCC_541\Debug\cy_ble_ans.o
LOAD .\CortexM4\ARM_GCC_541\Debug\cy_ble_aios.o
LOAD .\CortexM4\ARM_GCC_541\Debug\cy_ble_bas.o
LOAD .\CortexM4\ARM_GCC_541\Debug\cy_ble_bcs.o
LOAD .\CortexM4\ARM_GCC_541\Debug\cy_ble_bls.o
LOAD .\CortexM4\ARM_GCC_541\Debug\cy_ble_bms.o
LOAD .\CortexM4\ARM_GCC_541\Debug\cy_ble_bts.o
LOAD .\CortexM4\ARM_GCC_541\Debug\cy_ble_cgms.o
LOAD .\CortexM4\ARM_GCC_541\Debug\cy_ble_cps.o
LOAD .\CortexM4\ARM_GCC_541\Debug\cy_ble_cscs.o
LOAD .\CortexM4\ARM_GCC_541\Debug\cy_ble_cts.o
LOAD .\CortexM4\ARM_GCC_541\Debug\cy_ble_custom.o
LOAD .\CortexM4\ARM_GCC_541\Debug\cy_ble_dis.o
LOAD .\CortexM4\ARM_GCC_541\Debug\cy_ble_ess.o
LOAD .\CortexM4\ARM_GCC_541\Debug\cy_ble_gls.o
LOAD .\CortexM4\ARM_GCC_541\Debug\cy_ble_hids.o
LOAD .\CortexM4\ARM_GCC_541\Debug\cy_ble_hps.o
LOAD .\CortexM4\ARM_GCC_541\Debug\cy_ble_hrs.o
LOAD .\CortexM4\ARM_GCC_541\Debug\cy_ble_hts.o
LOAD .\CortexM4\ARM_GCC_541\Debug\cy_ble_ias.o
LOAD .\CortexM4\ARM_GCC_541\Debug\cy_ble_ips.o
LOAD .\CortexM4\ARM_GCC_541\Debug\cy_ble_lls.o
LOAD .\CortexM4\ARM_GCC_541\Debug\cy_ble_lns.o
LOAD .\CortexM4\ARM_GCC_541\Debug\cy_ble_ndcs.o
LOAD .\CortexM4\ARM_GCC_541\Debug\cy_ble_plxs.o
LOAD .\CortexM4\ARM_GCC_541\Debug\cy_ble_pass.o
LOAD .\CortexM4\ARM_GCC_541\Debug\cy_ble_rscs.o
LOAD .\CortexM4\ARM_GCC_541\Debug\cy_ble_rtus.o
LOAD .\CortexM4\ARM_GCC_541\Debug\cy_ble_scps.o
LOAD .\CortexM4\ARM_GCC_541\Debug\cy_ble_tps.o
LOAD .\CortexM4\ARM_GCC_541\Debug\cy_ble_uds.o
LOAD .\CortexM4\ARM_GCC_541\Debug\cy_ble_wpts.o
LOAD .\CortexM4\ARM_GCC_541\Debug\cy_ble_wss.o
LOAD .\CortexM4\ARM_GCC_541\Debug\cy_ble_clk.o
LOAD .\CortexM4\ARM_GCC_541\Debug\croutine.o
LOAD .\CortexM4\ARM_GCC_541\Debug\event_groups.o
LOAD .\CortexM4\ARM_GCC_541\Debug\list.o
LOAD .\CortexM4\ARM_GCC_541\Debug\queue.o
LOAD .\CortexM4\ARM_GCC_541\Debug\tasks.o
LOAD .\CortexM4\ARM_GCC_541\Debug\timers.o
LOAD .\CortexM4\ARM_GCC_541\Debug\stream_buffer.o
LOAD .\CortexM4\ARM_GCC_541\Debug\port.o
LOAD .\CortexM4\ARM_GCC_541\Debug\heap_1.o
LOAD .\CortexM4\ARM_GCC_541\Debug\BLE.o
LOAD .\CortexM4\ARM_GCC_541\Debug\BLE_config.o
LOAD .\CortexM4\ARM_GCC_541\Debug\BLE_ias_config.o
LOAD .\CortexM4\ARM_GCC_541\Debug\UART_DEBUG.o
END GROUP
START GROUP
LOAD c:/program files (x86)/cypress/psoc creator/4.2/psoc creator/import/gnu/arm/5.4.1/bin/../lib/gcc/arm-none-eabi/5.4.1/armv7e-m/softfp\libgcc.a
LOAD c:/program files (x86)/cypress/psoc creator/4.2/psoc creator/import/gnu/arm/5.4.1/bin/../lib/gcc/arm-none-eabi/5.4.1/../../../../arm-none-eabi/lib/armv7e-m/softfp\libg_nano.a
LOAD c:/program files (x86)/cypress/psoc creator/4.2/psoc creator/import/gnu/arm/5.4.1/bin/../lib/gcc/arm-none-eabi/5.4.1/../../../../arm-none-eabi/lib/armv7e-m/softfp\libc_nano.a
END GROUP
START GROUP
LOAD c:/program files (x86)/cypress/psoc creator/4.2/psoc creator/import/gnu/arm/5.4.1/bin/../lib/gcc/arm-none-eabi/5.4.1/armv7e-m/softfp\libgcc.a
LOAD c:/program files (x86)/cypress/psoc creator/4.2/psoc creator/import/gnu/arm/5.4.1/bin/../lib/gcc/arm-none-eabi/5.4.1/../../../../arm-none-eabi/lib/armv7e-m/softfp\libc_nano.a
END GROUP
LOAD c:/program files (x86)/cypress/psoc creator/4.2/psoc creator/import/gnu/arm/5.4.1/bin/../lib/gcc/arm-none-eabi/5.4.1/armv7e-m/softfp/crtend.o
LOAD c:/program files (x86)/cypress/psoc creator/4.2/psoc creator/import/gnu/arm/5.4.1/bin/../lib/gcc/arm-none-eabi/5.4.1/armv7e-m/softfp/crtn.o
START GROUP
LOAD c:/program files (x86)/cypress/psoc creator/4.2/psoc creator/import/gnu/arm/5.4.1/bin/../lib/gcc/arm-none-eabi/5.4.1/armv7e-m/softfp\libgcc.a
LOAD c:/program files (x86)/cypress/psoc creator/4.2/psoc creator/import/gnu/arm/5.4.1/bin/../lib/gcc/arm-none-eabi/5.4.1/../../../../arm-none-eabi/lib/armv7e-m/softfp\libc.a
LOAD c:/program files (x86)/cypress/psoc creator/4.2/psoc creator/import/gnu/arm/5.4.1/bin/../lib/gcc/arm-none-eabi/5.4.1/../../../../arm-none-eabi/lib/armv7e-m/softfp\libnosys.a
END GROUP
START GROUP
LOAD c:/program files (x86)/cypress/psoc creator/4.2/psoc creator/import/gnu/arm/5.4.1/bin/../lib/gcc/arm-none-eabi/5.4.1/armv7e-m/softfp\libgcc.a
LOAD c:/program files (x86)/cypress/psoc creator/4.2/psoc creator/import/gnu/arm/5.4.1/bin/../lib/gcc/arm-none-eabi/5.4.1/../../../../arm-none-eabi/lib/armv7e-m/softfp\libc.a
LOAD c:/program files (x86)/cypress/psoc creator/4.2/psoc creator/import/gnu/arm/5.4.1/bin/../lib/gcc/arm-none-eabi/5.4.1/../../../../arm-none-eabi/lib/armv7e-m/softfp\libm.a
LOAD c:/program files (x86)/cypress/psoc creator/4.2/psoc creator/import/gnu/arm/5.4.1/bin/../lib/gcc/arm-none-eabi/5.4.1/../../../../arm-none-eabi/lib/armv7e-m/softfp\libnosys.a
END GROUP

.text           0x10080000     0x55c0
                0x10080000                . = ALIGN (0x4)
                0x10080000                __Vectors = .
 *(.vectors)
 .vectors       0x10080000      0x28c .\CortexM4\ARM_GCC_541\Debug\startup_psoc63_cm4.o
                0x1008028c                . = ALIGN (0x4)
                0x1008028c                __Vectors_End = .
                0x0000028c                __Vectors_Size = (__Vectors_End - __Vectors)
                0x1008028c                __end__ = .
                0x1008028c                . = ALIGN (0x4)
 *(.text*)
 .text          0x1008028c       0x5c c:/program files (x86)/cypress/psoc creator/4.2/psoc creator/import/gnu/arm/5.4.1/bin/../lib/gcc/arm-none-eabi/5.4.1/armv7e-m/softfp/crtbegin.o
 .text          0x100802e8       0x94 .\CortexM4\ARM_GCC_541\Debug\startup_psoc63_cm4.o
                0x100802e8                Cy_OnResetUser
                0x100802ea                Cy_SaveIRQ
                0x100802f2                Cy_RestoreIRQ
                0x100802f8                Reset_Handler
                0x1008035c                tcpwm_1_interrupts_11_IRQHandler
                0x1008035c                cpuss_interrupts_ipc_0_IRQHandler
                0x1008035c                tcpwm_1_interrupts_15_IRQHandler
                0x1008035c                ioss_interrupts_gpio_13_IRQHandler
                0x1008035c                tcpwm_1_interrupts_13_IRQHandler
                0x1008035c                cpuss_interrupts_dw1_8_IRQHandler
                0x1008035c                tcpwm_0_interrupts_0_IRQHandler
                0x1008035c                cpuss_interrupt_fm_IRQHandler
                0x1008035c                cpuss_interrupts_ipc_7_IRQHandler
                0x1008035c                tcpwm_1_interrupts_14_IRQHandler
                0x1008035c                cpuss_interrupts_dw0_11_IRQHandler
                0x1008035c                tcpwm_1_interrupts_9_IRQHandler
                0x1008035c                cpuss_interrupts_cm0_cti_1_IRQHandler
                0x1008035c                tcpwm_1_interrupts_22_IRQHandler
                0x1008035c                cpuss_interrupts_dw0_4_IRQHandler
                0x1008035c                NMI_Handler
                0x1008035c                cpuss_interrupts_dw1_12_IRQHandler
                0x1008035c                tcpwm_1_interrupts_12_IRQHandler
                0x1008035c                smif_interrupt_IRQHandler
                0x1008035c                tcpwm_1_interrupts_2_IRQHandler
                0x1008035c                cpuss_interrupts_ipc_13_IRQHandler
                0x1008035c                udb_interrupts_11_IRQHandler
                0x1008035c                tcpwm_1_interrupts_18_IRQHandler
                0x1008035c                cpuss_interrupts_ipc_6_IRQHandler
                0x1008035c                tcpwm_0_interrupts_2_IRQHandler
                0x1008035c                cpuss_interrupts_dw0_13_IRQHandler
                0x1008035c                udb_interrupts_2_IRQHandler
                0x1008035c                cpuss_interrupts_dw1_7_IRQHandler
                0x1008035c                ioss_interrupts_gpio_1_IRQHandler
                0x1008035c                ioss_interrupts_gpio_7_IRQHandler
                0x1008035c                scb_5_interrupt_IRQHandler
                0x1008035c                udb_interrupts_6_IRQHandler
                0x1008035c                cpuss_interrupts_fault_1_IRQHandler
                0x1008035c                cpuss_interrupts_ipc_4_IRQHandler
                0x1008035c                cpuss_interrupts_ipc_5_IRQHandler
                0x1008035c                cpuss_interrupts_dw1_10_IRQHandler
                0x1008035c                udb_interrupts_0_IRQHandler
                0x1008035c                tcpwm_1_interrupts_6_IRQHandler
                0x1008035c                scb_4_interrupt_IRQHandler
                0x1008035c                pass_interrupt_dacs_IRQHandler
                0x1008035c                ioss_interrupts_gpio_2_IRQHandler
                0x1008035c                cpuss_interrupts_dw1_9_IRQHandler
                0x1008035c                cpuss_interrupts_dw1_13_IRQHandler
                0x1008035c                scb_2_interrupt_IRQHandler
                0x1008035c                cpuss_interrupts_cm0_cti_0_IRQHandler
                0x1008035c                udb_interrupts_5_IRQHandler
                0x1008035c                srss_interrupt_IRQHandler
                0x1008035c                udb_interrupts_12_IRQHandler
                0x1008035c                scb_0_interrupt_IRQHandler
                0x1008035c                csd_interrupt_IRQHandler
                0x1008035c                udb_interrupts_1_IRQHandler
                0x1008035c                profile_interrupt_IRQHandler
                0x1008035c                tcpwm_1_interrupts_1_IRQHandler
                0x1008035c                cpuss_interrupts_ipc_12_IRQHandler
                0x1008035c                tcpwm_1_interrupts_3_IRQHandler
                0x1008035c                tcpwm_0_interrupts_7_IRQHandler
                0x1008035c                cpuss_interrupts_dw1_1_IRQHandler
                0x1008035c                cpuss_interrupts_dw1_0_IRQHandler
                0x1008035c                cpuss_interrupts_dw0_9_IRQHandler
                0x1008035c                DebugMon_Handler
                0x1008035c                tcpwm_1_interrupts_23_IRQHandler
                0x1008035c                cpuss_interrupts_dw0_5_IRQHandler
                0x1008035c                tcpwm_1_interrupts_20_IRQHandler
                0x1008035c                ioss_interrupt_gpio_IRQHandler
                0x1008035c                tcpwm_0_interrupts_1_IRQHandler
                0x1008035c                ioss_interrupts_gpio_8_IRQHandler
                0x1008035c                tcpwm_0_interrupts_6_IRQHandler
                0x1008035c                scb_7_interrupt_IRQHandler
                0x1008035c                tcpwm_1_interrupts_7_IRQHandler
                0x1008035c                cpuss_interrupts_ipc_11_IRQHandler
                0x1008035c                udb_interrupts_13_IRQHandler
                0x1008035c                cpuss_interrupts_dw0_15_IRQHandler
                0x1008035c                udb_interrupts_7_IRQHandler
                0x1008035c                cpuss_interrupts_dw1_6_IRQHandler
                0x1008035c                cpuss_interrupt_crypto_IRQHandler
                0x1008035c                scb_1_interrupt_IRQHandler
                0x1008035c                Default_Handler
                0x1008035c                usb_interrupt_hi_IRQHandler
                0x1008035c                tcpwm_1_interrupts_0_IRQHandler
                0x1008035c                udb_interrupts_9_IRQHandler
                0x1008035c                audioss_interrupt_pdm_IRQHandler
                0x1008035c                srss_interrupt_mcwdt_0_IRQHandler
                0x1008035c                scb_3_interrupt_IRQHandler
                0x1008035c                pass_interrupt_ctbs_IRQHandler
                0x1008035c                udb_interrupts_8_IRQHandler
                0x1008035c                ioss_interrupts_gpio_3_IRQHandler
                0x1008035c                scb_6_interrupt_IRQHandler
                0x1008035c                cpuss_interrupts_cm4_cti_0_IRQHandler
                0x1008035c                cpuss_interrupts_dw1_3_IRQHandler
                0x1008035c                pass_interrupt_sar_IRQHandler
                0x1008035c                ioss_interrupts_gpio_0_IRQHandler
                0x1008035c                ioss_interrupts_gpio_14_IRQHandler
                0x1008035c                tcpwm_0_interrupts_4_IRQHandler
                0x1008035c                udb_interrupts_3_IRQHandler
                0x1008035c                tcpwm_0_interrupts_5_IRQHandler
                0x1008035c                cpuss_interrupts_ipc_15_IRQHandler
                0x1008035c                cpuss_interrupts_cm4_cti_1_IRQHandler
                0x1008035c                scb_8_interrupt_IRQHandler
                0x1008035c                srss_interrupt_mcwdt_1_IRQHandler
                0x1008035c                cpuss_interrupts_dw1_2_IRQHandler
                0x1008035c                cpuss_interrupts_dw1_5_IRQHandler
                0x1008035c                cpuss_interrupts_ipc_1_IRQHandler
                0x1008035c                cpuss_interrupts_dw0_0_IRQHandler
                0x1008035c                ioss_interrupts_gpio_12_IRQHandler
                0x1008035c                cpuss_interrupts_ipc_3_IRQHandler
                0x1008035c                tcpwm_1_interrupts_17_IRQHandler
                0x1008035c                srss_interrupt_backup_IRQHandler
                0x1008035c                bless_interrupt_IRQHandler
                0x1008035c                cpuss_interrupts_ipc_10_IRQHandler
                0x1008035c                cpuss_interrupts_ipc_9_IRQHandler
                0x1008035c                cpuss_interrupts_dw0_14_IRQHandler
                0x1008035c                tcpwm_1_interrupts_4_IRQHandler
                0x1008035c                tcpwm_0_interrupts_3_IRQHandler
                0x1008035c                cpuss_interrupts_dw1_15_IRQHandler
                0x1008035c                ioss_interrupts_gpio_10_IRQHandler
                0x1008035c                udb_interrupts_10_IRQHandler
                0x1008035c                cpuss_interrupts_dw0_8_IRQHandler
                0x1008035c                ioss_interrupts_gpio_11_IRQHandler
                0x1008035c                cpuss_interrupts_ipc_14_IRQHandler
                0x1008035c                ioss_interrupts_gpio_5_IRQHandler
                0x1008035c                ioss_interrupts_gpio_4_IRQHandler
                0x1008035c                tcpwm_1_interrupts_8_IRQHandler
                0x1008035c                cpuss_interrupts_dw1_14_IRQHandler
                0x1008035c                usb_interrupt_med_IRQHandler
                0x1008035c                cpuss_interrupts_dw0_2_IRQHandler
                0x1008035c                udb_interrupts_4_IRQHandler
                0x1008035c                tcpwm_1_interrupts_10_IRQHandler
                0x1008035c                cpuss_interrupts_fault_0_IRQHandler
                0x1008035c                cpuss_interrupts_dw0_12_IRQHandler
                0x1008035c                ioss_interrupts_gpio_6_IRQHandler
                0x1008035c                tcpwm_1_interrupts_21_IRQHandler
                0x1008035c                tcpwm_1_interrupts_16_IRQHandler
                0x1008035c                cpuss_interrupts_dw1_4_IRQHandler
                0x1008035c                udb_interrupts_15_IRQHandler
                0x1008035c                cpuss_interrupts_dw1_11_IRQHandler
                0x1008035c                cpuss_interrupts_dw0_6_IRQHandler
                0x1008035c                ioss_interrupt_vdd_IRQHandler
                0x1008035c                cpuss_interrupts_dw0_7_IRQHandler
                0x1008035c                audioss_interrupt_i2s_IRQHandler
                0x1008035c                tcpwm_1_interrupts_5_IRQHandler
                0x1008035c                cpuss_interrupts_ipc_2_IRQHandler
                0x1008035c                cpuss_interrupts_dw0_10_IRQHandler
                0x1008035c                tcpwm_1_interrupts_19_IRQHandler
                0x1008035c                cpuss_interrupts_dw0_1_IRQHandler
                0x1008035c                lpcomp_interrupt_IRQHandler
                0x1008035c                ioss_interrupts_gpio_9_IRQHandler
                0x1008035c                usb_interrupt_lo_IRQHandler
                0x1008035c                cpuss_interrupts_ipc_8_IRQHandler
                0x1008035c                udb_interrupts_14_IRQHandler
                0x1008035c                cpuss_interrupts_dw0_3_IRQHandler
                0x10080360                UsageFault_Handler
                0x10080360                HardFault_Handler
                0x10080360                MemManage_Handler
                0x10080360                BusFault_Handler
 .text.AppCallBack
                0x1008037c      0x1c0 .\CortexM4\ARM_GCC_541\Debug\ble_task.o
                0x1008037c                AppCallBack
 .text.Task_Ble
                0x1008053c       0x20 .\CortexM4\ARM_GCC_541\Debug\ble_task.o
                0x1008053c                Task_Ble
 .text.StatusLedGreenTimerCallback
                0x1008055c        0xc .\CortexM4\ARM_GCC_541\Debug\status_led_task.o
 .text.Task_StatusLed
                0x10080568       0xa4 .\CortexM4\ARM_GCC_541\Debug\status_led_task.o
                0x10080568                Task_StatusLed
 .text._write   0x1008060c       0x28 .\CortexM4\ARM_GCC_541\Debug\debug.o
                0x1008060c                _write
 .text.main     0x10080634       0xa8 .\CortexM4\ARM_GCC_541\Debug\main_cm4.o
                0x10080634                main
 .text.Cy_SystemInit
                0x100806dc        0x4 .\CortexM4\ARM_GCC_541\Debug\system_psoc63_cm4.o
                0x100806dc                Cy_SystemInit
 .text.SystemCoreClockUpdate
                0x100806e0      0x190 .\CortexM4\ARM_GCC_541\Debug\system_psoc63_cm4.o
                0x100806e0                SystemCoreClockUpdate
 .text.SystemInit
                0x10080870       0x48 .\CortexM4\ARM_GCC_541\Debug\system_psoc63_cm4.o
                0x10080870                SystemInit
 .text.Cy_SystemInitFpuEnable
                0x100808b8       0x28 .\CortexM4\ARM_GCC_541\Debug\system_psoc63_cm4.o
                0x100808b8                Cy_SystemInitFpuEnable
 .text.IasSetAlertLevel
                0x100808e0        0xc .\CortexM4\ARM_GCC_541\Debug\ias.o
                0x100808e0                IasSetAlertLevel
 .text.Cy_IPC_SystemPipeIsr
                0x100808ec        0xc .\CortexM4\ARM_GCC_541\Debug\cy_ipc_config.o
 .text.Cy_IPC_SystemSemaInit
                0x100808f8       0x10 .\CortexM4\ARM_GCC_541\Debug\cy_ipc_config.o
                0x100808f8                Cy_IPC_SystemSemaInit
 .text.Cy_IPC_SystemPipeInit
                0x10080908       0x24 .\CortexM4\ARM_GCC_541\Debug\cy_ipc_config.o
                0x10080908                Cy_IPC_SystemPipeInit
 .text.Cy_SysInt_SetVector
                0x1008092c       0x44 .\CortexM4\ARM_GCC_541\Debug\cy_sysint.o
                0x1008092c                Cy_SysInt_SetVector
 .text.Cy_SysInt_Init
                0x10080970       0x7c .\CortexM4\ARM_GCC_541\Debug\cy_sysint.o
                0x10080970                Cy_SysInt_Init
 .text.Cy_IPC_Drv_LockRelease
                0x100809ec       0x30 .\CortexM4\ARM_GCC_541\Debug\cy_ipc_drv.o
                0x100809ec                Cy_IPC_Drv_LockRelease
 .text.Cy_IPC_Drv_SendMsgWord
                0x10080a1c       0x3c .\CortexM4\ARM_GCC_541\Debug\cy_ipc_drv.o
                0x10080a1c                Cy_IPC_Drv_SendMsgWord
 .text.Cy_IPC_Drv_ReadMsgWord
                0x10080a58       0x2c .\CortexM4\ARM_GCC_541\Debug\cy_ipc_drv.o
                0x10080a58                Cy_IPC_Drv_ReadMsgWord
 .text.Cy_IPC_Sema_Init
                0x10080a84       0xb0 .\CortexM4\ARM_GCC_541\Debug\cy_ipc_sema.o
                0x10080a84                Cy_IPC_Sema_Init
 .text.Cy_IPC_Sema_Clear
                0x10080b34       0x88 .\CortexM4\ARM_GCC_541\Debug\cy_ipc_sema.o
                0x10080b34                Cy_IPC_Sema_Clear
 .text.Cy_IPC_Sema_Status
                0x10080bbc       0x40 .\CortexM4\ARM_GCC_541\Debug\cy_ipc_sema.o
                0x10080bbc                Cy_IPC_Sema_Status
 .text.Cy_IPC_Pipe_Config
                0x10080bfc       0x10 .\CortexM4\ARM_GCC_541\Debug\cy_ipc_pipe.o
                0x10080bfc                Cy_IPC_Pipe_Config
 .text.Cy_IPC_Pipe_EndpointInit
                0x10080c0c       0xc8 .\CortexM4\ARM_GCC_541\Debug\cy_ipc_pipe.o
                0x10080c0c                Cy_IPC_Pipe_EndpointInit
 .text.Cy_IPC_Pipe_Init
                0x10080cd4       0xc4 .\CortexM4\ARM_GCC_541\Debug\cy_ipc_pipe.o
                0x10080cd4                Cy_IPC_Pipe_Init
 .text.Cy_IPC_Pipe_SendMessage
                0x10080d98       0xc0 .\CortexM4\ARM_GCC_541\Debug\cy_ipc_pipe.o
                0x10080d98                Cy_IPC_Pipe_SendMessage
 .text.Cy_IPC_Pipe_RegisterCallback
                0x10080e58       0x60 .\CortexM4\ARM_GCC_541\Debug\cy_ipc_pipe.o
                0x10080e58                Cy_IPC_Pipe_RegisterCallback
 .text.Cy_IPC_Pipe_RegisterCallbackRel
                0x10080eb8       0x3c .\CortexM4\ARM_GCC_541\Debug\cy_ipc_pipe.o
                0x10080eb8                Cy_IPC_Pipe_RegisterCallbackRel
 .text.Cy_IPC_Pipe_ExecCallback
                0x10080ef4       0xb0 .\CortexM4\ARM_GCC_541\Debug\cy_ipc_pipe.o
                0x10080ef4                Cy_IPC_Pipe_ExecCallback
 .text.Cy_IPC_Pipe_ExecuteCallback
                0x10080fa4       0x3c .\CortexM4\ARM_GCC_541\Debug\cy_ipc_pipe.o
                0x10080fa4                Cy_IPC_Pipe_ExecuteCallback
 .text.Cy_IPC_Pipe_EndpointPause
                0x10080fe0       0x60 .\CortexM4\ARM_GCC_541\Debug\cy_ipc_pipe.o
                0x10080fe0                Cy_IPC_Pipe_EndpointPause
 .text.Cy_IPC_Pipe_EndpointResume
                0x10081040       0x58 .\CortexM4\ARM_GCC_541\Debug\cy_ipc_pipe.o
                0x10081040                Cy_IPC_Pipe_EndpointResume
 .text.Cy_SCB_Write
                0x10081098       0x28 .\CortexM4\ARM_GCC_541\Debug\cy_scb_common.o
                0x10081098                Cy_SCB_Write
 .text.Cy_SCB_UART_Init
                0x100810c0      0x370 .\CortexM4\ARM_GCC_541\Debug\cy_scb_uart.o
                0x100810c0                Cy_SCB_UART_Init
 .text.Cy_Flash_ProcessOpcode
                0x10081430       0xac .\CortexM4\ARM_GCC_541\Debug\cy_flash.o
 .text.Cy_Flash_OperationStatus
                0x100814dc       0x44 .\CortexM4\ARM_GCC_541\Debug\cy_flash.o
 .text.Cy_Flash_Init
                0x10081520       0x4c .\CortexM4\ARM_GCC_541\Debug\cy_flash.o
                0x10081520                Cy_Flash_Init
 .text.Cy_SysPm_RegisterCallback
                0x1008156c       0x70 .\CortexM4\ARM_GCC_541\Debug\cy_syspm.o
                0x1008156c                Cy_SysPm_RegisterCallback
 .text.Cy_SysPm_UnregisterCallback
                0x100815dc       0x60 .\CortexM4\ARM_GCC_541\Debug\cy_syspm.o
                0x100815dc                Cy_SysPm_UnregisterCallback
 .text.Cy_SysPm_ExecuteCallback
                0x1008163c       0xc0 .\CortexM4\ARM_GCC_541\Debug\cy_syspm.o
                0x1008163c                Cy_SysPm_ExecuteCallback
 .text.Cy_SysPm_IoFreeze
                0x100816fc       0x34 .\CortexM4\ARM_GCC_541\Debug\cy_syspm.o
                0x100816fc                Cy_SysPm_IoFreeze
 .text.Cy_SysPm_Hibernate
                0x10081730       0x6c .\CortexM4\ARM_GCC_541\Debug\cy_syspm.o
                0x10081730                Cy_SysPm_Hibernate
 .text.Cy_SysLib_Delay
                0x1008179c       0x30 .\CortexM4\ARM_GCC_541\Debug\cy_syslib.o
                0x1008179c                Cy_SysLib_Delay
 .text.Cy_SysLib_Halt
                0x100817cc        0x4 .\CortexM4\ARM_GCC_541\Debug\cy_syslib.o
                0x100817cc                Cy_SysLib_Halt
 .text.Cy_SysLib_AssertFailed
                0x100817d0       0x1c .\CortexM4\ARM_GCC_541\Debug\cy_syslib.o
                0x100817d0                Cy_SysLib_AssertFailed
 .text.Cy_SysLib_ProcessingFault
                0x100817ec        0x4 .\CortexM4\ARM_GCC_541\Debug\cy_syslib.o
                0x100817ec                Cy_SysLib_ProcessingFault
 .text.Cy_SysLib_FaultHandler
                0x100817f0       0xa4 .\CortexM4\ARM_GCC_541\Debug\cy_syslib.o
                0x100817f0                Cy_SysLib_FaultHandler
 *fill*         0x10081894        0x4 
 .text          0x10081898       0x20 .\CortexM4\ARM_GCC_541\Debug\cy_syslib_gcc.o
                0x10081898                Cy_SysLib_DelayCycles
                0x100818aa                Cy_SysLib_EnterCriticalSection
                0x100818b2                Cy_SysLib_ExitCriticalSection
 .text.Cy_BLE_DeepSleepCallback
                0x100818b8       0x8c .\CortexM4\ARM_GCC_541\Debug\cy_ble.o
                0x100818b8                Cy_BLE_DeepSleepCallback
 .text.Cy_BLE_SleepCallback
                0x10081944       0x68 .\CortexM4\ARM_GCC_541\Debug\cy_ble.o
                0x10081944                Cy_BLE_SleepCallback
 .text.Cy_BLE_UnregisterHostPMCallbacks
                0x100819ac       0x18 .\CortexM4\ARM_GCC_541\Debug\cy_ble.o
                0x100819ac                Cy_BLE_UnregisterHostPMCallbacks
 .text.Cy_BLE_Init
                0x100819c4       0x58 .\CortexM4\ARM_GCC_541\Debug\cy_ble.o
                0x100819c4                Cy_BLE_Init
 .text.Cy_BLE_Enable
                0x10081a1c      0x100 .\CortexM4\ARM_GCC_541\Debug\cy_ble.o
                0x10081a1c                Cy_BLE_Enable
 .text.Cy_BLE_Disable
                0x10081b1c        0x8 .\CortexM4\ARM_GCC_541\Debug\cy_ble.o
                0x10081b1c                Cy_BLE_Disable
 .text.Cy_BLE_IPC_HostMsgFlushRecvCallBack
                0x10081b24       0x1c .\CortexM4\ARM_GCC_541\Debug\cy_ble_hal_pvt.o
 .text.Cy_BLE_IPC_HostMsgRecvCallBack
                0x10081b40       0x1c .\CortexM4\ARM_GCC_541\Debug\cy_ble_hal_pvt.o
 .text.Cy_BLE_HAL_BlockCalcCRC8
                0x10081b5c       0x34 .\CortexM4\ARM_GCC_541\Debug\cy_ble_hal_pvt.o
                0x10081b5c                Cy_BLE_HAL_BlockCalcCRC8
 .text.Cy_BLE_HAL_CalcCRC8
                0x10081b90        0xc .\CortexM4\ARM_GCC_541\Debug\cy_ble_hal_pvt.o
                0x10081b90                Cy_BLE_HAL_CalcCRC8
 .text.Cy_BLE_HAL_EnterCriticalSection
                0x10081b9c        0x8 .\CortexM4\ARM_GCC_541\Debug\cy_ble_hal_pvt.o
                0x10081b9c                Cy_BLE_HAL_EnterCriticalSection
 .text.Cy_BLE_HAL_ExitCriticalSection
                0x10081ba4        0x8 .\CortexM4\ARM_GCC_541\Debug\cy_ble_hal_pvt.o
                0x10081ba4                Cy_BLE_HAL_ExitCriticalSection
 .text.Cy_BLE_Ipc_Cypipe_Isr_Enable
                0x10081bac        0xc .\CortexM4\ARM_GCC_541\Debug\cy_ble_hal_pvt.o
                0x10081bac                Cy_BLE_Ipc_Cypipe_Isr_Enable
 .text.Cy_BLE_HAL_EnableGlobalInterrupts
                0x10081bb8        0x8 .\CortexM4\ARM_GCC_541\Debug\cy_ble_hal_pvt.o
                0x10081bb8                Cy_BLE_HAL_EnableGlobalInterrupts
 .text.Cy_BLE_Ipc_Cypipe_Isr_Disable
                0x10081bc0        0xc .\CortexM4\ARM_GCC_541\Debug\cy_ble_hal_pvt.o
                0x10081bc0                Cy_BLE_Ipc_Cypipe_Isr_Disable
 .text.Cy_BLE_HAL_DisableGlobalInterrupts
                0x10081bcc        0x8 .\CortexM4\ARM_GCC_541\Debug\cy_ble_hal_pvt.o
                0x10081bcc                Cy_BLE_HAL_DisableGlobalInterrupts
 .text.Cy_BLE_IPC_HostRegisterClientCallbacks
                0x10081bd4       0x34 .\CortexM4\ARM_GCC_541\Debug\cy_ble_hal_pvt.o
                0x10081bd4                Cy_BLE_IPC_HostRegisterClientCallbacks
 .text.Cy_BLE_IPC_SendMessageToController
                0x10081c08       0x20 .\CortexM4\ARM_GCC_541\Debug\cy_ble_hal_pvt.o
                0x10081c08                Cy_BLE_IPC_SendMessageToController
 .text.Cy_BLE_HAL_EccHeapInit
                0x10081c28        0x4 .\CortexM4\ARM_GCC_541\Debug\cy_ble_hal_pvt.o
                0x10081c28                Cy_BLE_HAL_EccHeapInit
 .text.Cy_BLE_HAL_EccHeapDeInit
                0x10081c2c        0x4 .\CortexM4\ARM_GCC_541\Debug\cy_ble_hal_pvt.o
                0x10081c2c                Cy_BLE_HAL_EccHeapDeInit
 .text.Cy_BLE_HAL_EccGetFeatureHeapReq
                0x10081c30        0x4 .\CortexM4\ARM_GCC_541\Debug\cy_ble_hal_pvt.o
                0x10081c30                Cy_BLE_HAL_EccGetFeatureHeapReq
 .text.Cy_BLE_HAL_PairingLocalPublicKeyHandler
                0x10081c34        0x8 .\CortexM4\ARM_GCC_541\Debug\cy_ble_hal_pvt.o
                0x10081c34                Cy_BLE_HAL_PairingLocalPublicKeyHandler
 .text.Cy_BLE_HAL_PairingRemoteKeyHandler
                0x10081c3c        0x8 .\CortexM4\ARM_GCC_541\Debug\cy_ble_hal_pvt.o
                0x10081c3c                Cy_BLE_HAL_PairingRemoteKeyHandler
 .text.Cy_BLE_HAL_PairingDhkeyHandler
                0x10081c44        0x8 .\CortexM4\ARM_GCC_541\Debug\cy_ble_hal_pvt.o
                0x10081c44                Cy_BLE_HAL_PairingDhkeyHandler
 .text.Cy_BLE_HAL_PairingDhkeyCheckHandler
                0x10081c4c        0x8 .\CortexM4\ARM_GCC_541\Debug\cy_ble_hal_pvt.o
                0x10081c4c                Cy_BLE_HAL_PairingDhkeyCheckHandler
 .text.Cy_BLE_HAL_PairingKeypressNotificationHandler
                0x10081c54        0x8 .\CortexM4\ARM_GCC_541\Debug\cy_ble_hal_pvt.o
                0x10081c54                Cy_BLE_HAL_PairingKeypressNotificationHandler
 .text.Cy_BLE_HAL_PairingRandHandler
                0x10081c5c        0x8 .\CortexM4\ARM_GCC_541\Debug\cy_ble_hal_pvt.o
                0x10081c5c                Cy_BLE_HAL_PairingRandHandler
 .text.Cy_BLE_HAL_PairingConfirmHandler
                0x10081c64        0x8 .\CortexM4\ARM_GCC_541\Debug\cy_ble_hal_pvt.o
                0x10081c64                Cy_BLE_HAL_PairingConfirmHandler
 .text.Cy_BLE_HAL_PairingLrConfirmingHandler
                0x10081c6c        0x8 .\CortexM4\ARM_GCC_541\Debug\cy_ble_hal_pvt.o
                0x10081c6c                Cy_BLE_HAL_PairingLrConfirmingHandler
 .text.Cy_BLE_HAL_PairingScTbxLocalPubkeyGenerateComplete
                0x10081c74        0x8 .\CortexM4\ARM_GCC_541\Debug\cy_ble_hal_pvt.o
                0x10081c74                Cy_BLE_HAL_PairingScTbxLocalPubkeyGenerateComplete
 .text.Cy_BLE_HAL_PairingScTbxGenerateLocalP256PublicKey
                0x10081c7c        0x8 .\CortexM4\ARM_GCC_541\Debug\cy_ble_hal_pvt.o
                0x10081c7c                Cy_BLE_HAL_PairingScTbxGenerateLocalP256PublicKey
 .text.Cy_BLE_HAL_SeSmpScUserPasskeyHandler
                0x10081c84        0x8 .\CortexM4\ARM_GCC_541\Debug\cy_ble_hal_pvt.o
                0x10081c84                Cy_BLE_HAL_SeSmpScUserPasskeyHandler
 .text.Cy_BLE_HAL_EccPointMult
                0x10081c8c        0x4 .\CortexM4\ARM_GCC_541\Debug\cy_ble_hal_pvt.o
                0x10081c8c                Cy_BLE_HAL_EccPointMult
 .text.Cy_BLE_ServiceInit
                0x10081c90       0x10 .\CortexM4\ARM_GCC_541\Debug\cy_ble_gap.o
                0x10081c90                Cy_BLE_ServiceInit
 .text.Cy_BLE_GAPP_StartAdvertisement
                0x10081ca0      0x120 .\CortexM4\ARM_GCC_541\Debug\cy_ble_gap.o
                0x10081ca0                Cy_BLE_GAPP_StartAdvertisement
 .text.Cy_BLE_ChangeAdDeviceAddress
                0x10081dc0       0x5c .\CortexM4\ARM_GCC_541\Debug\cy_ble_gap.o
                0x10081dc0                Cy_BLE_ChangeAdDeviceAddress
 .text.Cy_BLE_GATTS_WriteAttributeValueCCCD
                0x10081e1c       0x6c .\CortexM4\ARM_GCC_541\Debug\cy_ble_gatt.o
                0x10081e1c                Cy_BLE_GATTS_WriteAttributeValueCCCD
 .text.Cy_BLE_GATTS_WriteEventHandler
                0x10081e88       0x84 .\CortexM4\ARM_GCC_541\Debug\cy_ble_gatt.o
                0x10081e88                Cy_BLE_GATTS_WriteEventHandler
 .text.Cy_BLE_GATTS_ReadAttributeValueCCCDReqHandler
                0x10081f0c       0x58 .\CortexM4\ARM_GCC_541\Debug\cy_ble_gatt.o
                0x10081f0c                Cy_BLE_GATTS_ReadAttributeValueCCCDReqHandler
 .text.Cy_BLE_SendWriteResponse
                0x10081f64       0x44 .\CortexM4\ARM_GCC_541\Debug\cy_ble_event_handler.o
 .text.Cy_BLE_RegisterServiceEventHandler
                0x10081fa8       0x5c .\CortexM4\ARM_GCC_541\Debug\cy_ble_event_handler.o
                0x10081fa8                Cy_BLE_RegisterServiceEventHandler
 .text.Cy_BLE_InvokeServiceEventHandler
                0x10082004       0x38 .\CortexM4\ARM_GCC_541\Debug\cy_ble_event_handler.o
                0x10082004                Cy_BLE_InvokeServiceEventHandler
 .text.Cy_BLE_IsDeviceAddressValid
                0x1008203c       0x20 .\CortexM4\ARM_GCC_541\Debug\cy_ble_event_handler.o
                0x1008203c                Cy_BLE_IsDeviceAddressValid
 .text.Cy_BLE_EventHandler
                0x1008205c      0x6e0 .\CortexM4\ARM_GCC_541\Debug\cy_ble_event_handler.o
                0x1008205c                Cy_BLE_EventHandler
 .text.Cy_BLE_IASS_WriteCmdEventHandler
                0x1008273c       0x80 .\CortexM4\ARM_GCC_541\Debug\cy_ble_ias.o
 .text.Cy_BLE_IASS_DisconnectEventHandler
                0x100827bc       0x3c .\CortexM4\ARM_GCC_541\Debug\cy_ble_ias.o
 .text.Cy_BLE_IAS_EventHandler
                0x100827f8       0x30 .\CortexM4\ARM_GCC_541\Debug\cy_ble_ias.o
 .text.Cy_BLE_IAS_Init
                0x10082828       0x2c .\CortexM4\ARM_GCC_541\Debug\cy_ble_ias.o
                0x10082828                Cy_BLE_IAS_Init
 .text.vListInitialise
                0x10082854       0x18 .\CortexM4\ARM_GCC_541\Debug\list.o
                0x10082854                vListInitialise
 .text.vListInitialiseItem
                0x1008286c        0x8 .\CortexM4\ARM_GCC_541\Debug\list.o
                0x1008286c                vListInitialiseItem
 .text.vListInsertEnd
                0x10082874       0x18 .\CortexM4\ARM_GCC_541\Debug\list.o
                0x10082874                vListInsertEnd
 .text.vListInsert
                0x1008288c       0x34 .\CortexM4\ARM_GCC_541\Debug\list.o
                0x1008288c                vListInsert
 .text.uxListRemove
                0x100828c0       0x28 .\CortexM4\ARM_GCC_541\Debug\list.o
                0x100828c0                uxListRemove
 .text.prvIsQueueFull
                0x100828e8       0x20 .\CortexM4\ARM_GCC_541\Debug\queue.o
 .text.prvIsQueueEmpty
                0x10082908       0x1c .\CortexM4\ARM_GCC_541\Debug\queue.o
 .text.prvCopyDataToQueue
                0x10082924       0x54 .\CortexM4\ARM_GCC_541\Debug\queue.o
 .text.prvCopyDataFromQueue
                0x10082978       0x24 .\CortexM4\ARM_GCC_541\Debug\queue.o
 .text.prvUnlockQueue
                0x1008299c       0x68 .\CortexM4\ARM_GCC_541\Debug\queue.o
 .text.xQueueGenericReset
                0x10082a04       0x80 .\CortexM4\ARM_GCC_541\Debug\queue.o
                0x10082a04                xQueueGenericReset
 .text.prvInitialiseNewQueue
                0x10082a84       0x1c .\CortexM4\ARM_GCC_541\Debug\queue.o
 .text.xQueueGenericCreate
                0x10082aa0       0x4c .\CortexM4\ARM_GCC_541\Debug\queue.o
                0x10082aa0                xQueueGenericCreate
 .text.xQueueGenericSend
                0x10082aec      0x190 .\CortexM4\ARM_GCC_541\Debug\queue.o
                0x10082aec                xQueueGenericSend
 .text.xQueueGenericSendFromISR
                0x10082c7c       0xe4 .\CortexM4\ARM_GCC_541\Debug\queue.o
                0x10082c7c                xQueueGenericSendFromISR
 .text.xQueueReceive
                0x10082d60      0x158 .\CortexM4\ARM_GCC_541\Debug\queue.o
                0x10082d60                xQueueReceive
 .text.vQueueAddToRegistry
                0x10082eb8       0x28 .\CortexM4\ARM_GCC_541\Debug\queue.o
                0x10082eb8                vQueueAddToRegistry
 .text.vQueueWaitForMessageRestricted
                0x10082ee0       0x4c .\CortexM4\ARM_GCC_541\Debug\queue.o
                0x10082ee0                vQueueWaitForMessageRestricted
 .text.prvResetNextTaskUnblockTime
                0x10082f2c       0x2c .\CortexM4\ARM_GCC_541\Debug\tasks.o
 .text.prvDeleteTCB
                0x10082f58       0x14 .\CortexM4\ARM_GCC_541\Debug\tasks.o
 .text.prvInitialiseNewTask
                0x10082f6c       0xa0 .\CortexM4\ARM_GCC_541\Debug\tasks.o
 .text.prvInitialiseTaskLists
                0x1008300c       0x58 .\CortexM4\ARM_GCC_541\Debug\tasks.o
 .text.prvAddNewTaskToReadyList
                0x10083064       0xac .\CortexM4\ARM_GCC_541\Debug\tasks.o
 .text.prvCheckTasksWaitingTermination
                0x10083110       0x44 .\CortexM4\ARM_GCC_541\Debug\tasks.o
 .text.prvIdleTask
                0x10083154       0x28 .\CortexM4\ARM_GCC_541\Debug\tasks.o
 .text.prvAddCurrentTaskToDelayedList
                0x1008317c       0x68 .\CortexM4\ARM_GCC_541\Debug\tasks.o
 .text.xTaskCreate
                0x100831e4       0x64 .\CortexM4\ARM_GCC_541\Debug\tasks.o
                0x100831e4                xTaskCreate
 .text.vTaskStartScheduler
                0x10083248       0x7c .\CortexM4\ARM_GCC_541\Debug\tasks.o
                0x10083248                vTaskStartScheduler
 .text.vTaskSuspendAll
                0x100832c4       0x14 .\CortexM4\ARM_GCC_541\Debug\tasks.o
                0x100832c4                vTaskSuspendAll
 .text.xTaskGetTickCount
                0x100832d8        0xc .\CortexM4\ARM_GCC_541\Debug\tasks.o
                0x100832d8                xTaskGetTickCount
 .text.xTaskIncrementTick
                0x100832e4       0xfc .\CortexM4\ARM_GCC_541\Debug\tasks.o
                0x100832e4                xTaskIncrementTick
 .text.xTaskResumeAll
                0x100833e0       0xf0 .\CortexM4\ARM_GCC_541\Debug\tasks.o
                0x100833e0                xTaskResumeAll
 .text.vTaskDelay
                0x100834d0       0x50 .\CortexM4\ARM_GCC_541\Debug\tasks.o
                0x100834d0                vTaskDelay
 .text.vTaskSwitchContext
                0x10083520       0xc8 .\CortexM4\ARM_GCC_541\Debug\tasks.o
                0x10083520                vTaskSwitchContext
 .text.vTaskPlaceOnEventList
                0x100835e8       0x34 .\CortexM4\ARM_GCC_541\Debug\tasks.o
                0x100835e8                vTaskPlaceOnEventList
 .text.vTaskPlaceOnEventListRestricted
                0x1008361c       0x3c .\CortexM4\ARM_GCC_541\Debug\tasks.o
                0x1008361c                vTaskPlaceOnEventListRestricted
 .text.xTaskRemoveFromEventList
                0x10083658       0x88 .\CortexM4\ARM_GCC_541\Debug\tasks.o
                0x10083658                xTaskRemoveFromEventList
 .text.vTaskInternalSetTimeOutState
                0x100836e0       0x14 .\CortexM4\ARM_GCC_541\Debug\tasks.o
                0x100836e0                vTaskInternalSetTimeOutState
 .text.xTaskCheckForTimeOut
                0x100836f4       0x80 .\CortexM4\ARM_GCC_541\Debug\tasks.o
                0x100836f4                xTaskCheckForTimeOut
 .text.vTaskMissedYield
                0x10083774       0x10 .\CortexM4\ARM_GCC_541\Debug\tasks.o
                0x10083774                vTaskMissedYield
 .text.xTaskGetSchedulerState
                0x10083784       0x20 .\CortexM4\ARM_GCC_541\Debug\tasks.o
                0x10083784                xTaskGetSchedulerState
 .text.prvGetNextExpireTime
                0x100837a4       0x20 .\CortexM4\ARM_GCC_541\Debug\timers.o
 .text.prvInsertTimerInActiveList
                0x100837c4       0x44 .\CortexM4\ARM_GCC_541\Debug\timers.o
 .text.prvCheckForValidListAndQueue
                0x10083808       0x48 .\CortexM4\ARM_GCC_541\Debug\timers.o
 .text.prvInitialiseNewTimer
                0x10083850       0x40 .\CortexM4\ARM_GCC_541\Debug\timers.o
 .text.xTimerCreateTimerTask
                0x10083890       0x50 .\CortexM4\ARM_GCC_541\Debug\timers.o
                0x10083890                xTimerCreateTimerTask
 .text.xTimerCreate
                0x100838e0       0x34 .\CortexM4\ARM_GCC_541\Debug\timers.o
                0x100838e0                xTimerCreate
 .text.xTimerGenericCommand
                0x10083914       0x6c .\CortexM4\ARM_GCC_541\Debug\timers.o
                0x10083914                xTimerGenericCommand
 .text.prvSwitchTimerLists
                0x10083980       0x74 .\CortexM4\ARM_GCC_541\Debug\timers.o
 .text.prvSampleTimeNow
                0x100839f4       0x2c .\CortexM4\ARM_GCC_541\Debug\timers.o
 .text.prvProcessExpiredTimer
                0x10083a20       0x5c .\CortexM4\ARM_GCC_541\Debug\timers.o
 .text.prvProcessTimerOrBlockTask
                0x10083a7c       0x70 .\CortexM4\ARM_GCC_541\Debug\timers.o
 .text.prvProcessReceivedCommands
                0x10083aec       0xbc .\CortexM4\ARM_GCC_541\Debug\timers.o
 .text.prvTimerTask
                0x10083ba8       0x18 .\CortexM4\ARM_GCC_541\Debug\timers.o
 .text.prvTaskExitError
                0x10083bc0       0x40 .\CortexM4\ARM_GCC_541\Debug\port.o
 .text.prvPortStartFirstTask
                0x10083c00       0x28 .\CortexM4\ARM_GCC_541\Debug\port.o
 .text.vPortEnableVFP
                0x10083c28       0x14 .\CortexM4\ARM_GCC_541\Debug\port.o
 .text.pxPortInitialiseStack
                0x10083c3c       0x2c .\CortexM4\ARM_GCC_541\Debug\port.o
                0x10083c3c                pxPortInitialiseStack
 *fill*         0x10083c68        0x8 
 .text.SVC_Handler
                0x10083c70       0x24 .\CortexM4\ARM_GCC_541\Debug\port.o
                0x10083c70                SVC_Handler
 .text.vPortEnterCritical
                0x10083c94       0x44 .\CortexM4\ARM_GCC_541\Debug\port.o
                0x10083c94                vPortEnterCritical
 .text.vPortExitCritical
                0x10083cd8       0x2c .\CortexM4\ARM_GCC_541\Debug\port.o
                0x10083cd8                vPortExitCritical
 *fill*         0x10083d04        0xc 
 .text.PendSV_Handler
                0x10083d10       0x64 .\CortexM4\ARM_GCC_541\Debug\port.o
                0x10083d10                PendSV_Handler
 .text.SysTick_Handler
                0x10083d74       0x2c .\CortexM4\ARM_GCC_541\Debug\port.o
                0x10083d74                SysTick_Handler
 .text.vPortSetupTimerInterrupt
                0x10083da0       0x38 .\CortexM4\ARM_GCC_541\Debug\port.o
                0x10083da0                vPortSetupTimerInterrupt
 .text.xPortStartScheduler
                0x10083dd8       0xc4 .\CortexM4\ARM_GCC_541\Debug\port.o
                0x10083dd8                xPortStartScheduler
 .text.vPortValidateInterruptPriority
                0x10083e9c       0x58 .\CortexM4\ARM_GCC_541\Debug\port.o
                0x10083e9c                vPortValidateInterruptPriority
 .text.vApplicationStackOverflowHook
                0x10083ef4       0x24 .\CortexM4\ARM_GCC_541\Debug\port.o
                0x10083ef4                vApplicationStackOverflowHook
 .text.pvPortMalloc
                0x10083f18       0x60 .\CortexM4\ARM_GCC_541\Debug\heap_1.o
                0x10083f18                pvPortMalloc
 .text.vPortFree
                0x10083f78       0x18 .\CortexM4\ARM_GCC_541\Debug\heap_1.o
                0x10083f78                vPortFree
 .text.Cy_BLE_Start
                0x10083f90       0x38 .\CortexM4\ARM_GCC_541\Debug\BLE.o
                0x10083f90                Cy_BLE_Start
 .text.Cy_BLE_Stop
                0x10083fc8        0x8 .\CortexM4\ARM_GCC_541\Debug\BLE.o
                0x10083fc8                Cy_BLE_Stop
 .text.memcmp   0x10083fd0       0x1e c:/program files (x86)/cypress/psoc creator/4.2/psoc creator/import/gnu/arm/5.4.1/bin/../lib/gcc/arm-none-eabi/5.4.1/../../../../arm-none-eabi/lib/armv7e-m/softfp\libg_nano.a(lib_a-memcmp.o)
                0x10083fd0                memcmp
 .text.memcpy   0x10083fee       0x16 c:/program files (x86)/cypress/psoc creator/4.2/psoc creator/import/gnu/arm/5.4.1/bin/../lib/gcc/arm-none-eabi/5.4.1/../../../../arm-none-eabi/lib/armv7e-m/softfp\libg_nano.a(lib_a-memcpy-stub.o)
                0x10083fee                memcpy
 .text.memset   0x10084004       0x10 c:/program files (x86)/cypress/psoc creator/4.2/psoc creator/import/gnu/arm/5.4.1/bin/../lib/gcc/arm-none-eabi/5.4.1/../../../../arm-none-eabi/lib/armv7e-m/softfp\libg_nano.a(lib_a-memset.o)
                0x10084004                memset
 .text._puts_r  0x10084014       0xb4 c:/program files (x86)/cypress/psoc creator/4.2/psoc creator/import/gnu/arm/5.4.1/bin/../lib/gcc/arm-none-eabi/5.4.1/../../../../arm-none-eabi/lib/armv7e-m/softfp\libg_nano.a(lib_a-puts.o)
                0x10084014                _puts_r
 .text.puts     0x100840c8       0x10 c:/program files (x86)/cypress/psoc creator/4.2/psoc creator/import/gnu/arm/5.4.1/bin/../lib/gcc/arm-none-eabi/5.4.1/../../../../arm-none-eabi/lib/armv7e-m/softfp\libg_nano.a(lib_a-puts.o)
                0x100840c8                puts
 .text.strncpy  0x100840d8       0x26 c:/program files (x86)/cypress/psoc creator/4.2/psoc creator/import/gnu/arm/5.4.1/bin/../lib/gcc/arm-none-eabi/5.4.1/../../../../arm-none-eabi/lib/armv7e-m/softfp\libg_nano.a(lib_a-strncpy.o)
                0x100840d8                strncpy
 *fill*         0x100840fe        0x2 
 .text.__swbuf_r
                0x10084100       0xa8 c:/program files (x86)/cypress/psoc creator/4.2/psoc creator/import/gnu/arm/5.4.1/bin/../lib/gcc/arm-none-eabi/5.4.1/../../../../arm-none-eabi/lib/armv7e-m/softfp\libg_nano.a(lib_a-wbuf.o)
                0x10084100                __swbuf_r
 .text.__swsetup_r
                0x100841a8       0xdc c:/program files (x86)/cypress/psoc creator/4.2/psoc creator/import/gnu/arm/5.4.1/bin/../lib/gcc/arm-none-eabi/5.4.1/../../../../arm-none-eabi/lib/armv7e-m/softfp\libg_nano.a(lib_a-wsetup.o)
                0x100841a8                __swsetup_r
 .text.__sflush_r
                0x10084284      0x110 c:/program files (x86)/cypress/psoc creator/4.2/psoc creator/import/gnu/arm/5.4.1/bin/../lib/gcc/arm-none-eabi/5.4.1/../../../../arm-none-eabi/lib/armv7e-m/softfp\libg_nano.a(lib_a-fflush.o)
                0x10084284                __sflush_r
 .text._fflush_r
                0x10084394       0x54 c:/program files (x86)/cypress/psoc creator/4.2/psoc creator/import/gnu/arm/5.4.1/bin/../lib/gcc/arm-none-eabi/5.4.1/../../../../arm-none-eabi/lib/armv7e-m/softfp\libg_nano.a(lib_a-fflush.o)
                0x10084394                _fflush_r
 .text._cleanup_r
                0x100843e8        0xc c:/program files (x86)/cypress/psoc creator/4.2/psoc creator/import/gnu/arm/5.4.1/bin/../lib/gcc/arm-none-eabi/5.4.1/../../../../arm-none-eabi/lib/armv7e-m/softfp\libg_nano.a(lib_a-findfp.o)
                0x100843e8                _cleanup_r
 .text.std.isra.0
                0x100843f4       0x48 c:/program files (x86)/cypress/psoc creator/4.2/psoc creator/import/gnu/arm/5.4.1/bin/../lib/gcc/arm-none-eabi/5.4.1/../../../../arm-none-eabi/lib/armv7e-m/softfp\libg_nano.a(lib_a-findfp.o)
 .text.__sfmoreglue
                0x1008443c       0x2c c:/program files (x86)/cypress/psoc creator/4.2/psoc creator/import/gnu/arm/5.4.1/bin/../lib/gcc/arm-none-eabi/5.4.1/../../../../arm-none-eabi/lib/armv7e-m/softfp\libg_nano.a(lib_a-findfp.o)
                0x1008443c                __sfmoreglue
 .text.__sinit  0x10084468       0x60 c:/program files (x86)/cypress/psoc creator/4.2/psoc creator/import/gnu/arm/5.4.1/bin/../lib/gcc/arm-none-eabi/5.4.1/../../../../arm-none-eabi/lib/armv7e-m/softfp\libg_nano.a(lib_a-findfp.o)
                0x10084468                __sinit
 .text.__sfp    0x100844c8       0x78 c:/program files (x86)/cypress/psoc creator/4.2/psoc creator/import/gnu/arm/5.4.1/bin/../lib/gcc/arm-none-eabi/5.4.1/../../../../arm-none-eabi/lib/armv7e-m/softfp\libg_nano.a(lib_a-findfp.o)
                0x100844c8                __sfp
 .text._fwalk_reent
                0x10084540       0x3c c:/program files (x86)/cypress/psoc creator/4.2/psoc creator/import/gnu/arm/5.4.1/bin/../lib/gcc/arm-none-eabi/5.4.1/../../../../arm-none-eabi/lib/armv7e-m/softfp\libg_nano.a(lib_a-fwalk.o)
                0x10084540                _fwalk_reent
 .text.__swhatbuf_r
                0x1008457c       0x46 c:/program files (x86)/cypress/psoc creator/4.2/psoc creator/import/gnu/arm/5.4.1/bin/../lib/gcc/arm-none-eabi/5.4.1/../../../../arm-none-eabi/lib/armv7e-m/softfp\libg_nano.a(lib_a-makebuf.o)
                0x1008457c                __swhatbuf_r
 *fill*         0x100845c2        0x2 
 .text.__smakebuf_r
                0x100845c4       0x78 c:/program files (x86)/cypress/psoc creator/4.2/psoc creator/import/gnu/arm/5.4.1/bin/../lib/gcc/arm-none-eabi/5.4.1/../../../../arm-none-eabi/lib/armv7e-m/softfp\libg_nano.a(lib_a-makebuf.o)
                0x100845c4                __smakebuf_r
 .text._free_r  0x1008463c       0x9c c:/program files (x86)/cypress/psoc creator/4.2/psoc creator/import/gnu/arm/5.4.1/bin/../lib/gcc/arm-none-eabi/5.4.1/../../../../arm-none-eabi/lib/armv7e-m/softfp\libg_nano.a(lib_a-nano-freer.o)
                0x1008463c                _free_r
 .text._malloc_r
                0x100846d8       0xbc c:/program files (x86)/cypress/psoc creator/4.2/psoc creator/import/gnu/arm/5.4.1/bin/../lib/gcc/arm-none-eabi/5.4.1/../../../../arm-none-eabi/lib/armv7e-m/softfp\libg_nano.a(lib_a-nano-mallocr.o)
                0x100846d8                _malloc_r
 .text._sbrk_r  0x10084794       0x20 c:/program files (x86)/cypress/psoc creator/4.2/psoc creator/import/gnu/arm/5.4.1/bin/../lib/gcc/arm-none-eabi/5.4.1/../../../../arm-none-eabi/lib/armv7e-m/softfp\libg_nano.a(lib_a-sbrkr.o)
                0x10084794                _sbrk_r
 .text.__sread  0x100847b4       0x22 c:/program files (x86)/cypress/psoc creator/4.2/psoc creator/import/gnu/arm/5.4.1/bin/../lib/gcc/arm-none-eabi/5.4.1/../../../../arm-none-eabi/lib/armv7e-m/softfp\libg_nano.a(lib_a-stdio.o)
                0x100847b4                __sread
 .text.__swrite
                0x100847d6       0x38 c:/program files (x86)/cypress/psoc creator/4.2/psoc creator/import/gnu/arm/5.4.1/bin/../lib/gcc/arm-none-eabi/5.4.1/../../../../arm-none-eabi/lib/armv7e-m/softfp\libg_nano.a(lib_a-stdio.o)
                0x100847d6                __swrite
 .text.__sseek  0x1008480e       0x24 c:/program files (x86)/cypress/psoc creator/4.2/psoc creator/import/gnu/arm/5.4.1/bin/../lib/gcc/arm-none-eabi/5.4.1/../../../../arm-none-eabi/lib/armv7e-m/softfp\libg_nano.a(lib_a-stdio.o)
                0x1008480e                __sseek
 .text.__sclose
                0x10084832        0x8 c:/program files (x86)/cypress/psoc creator/4.2/psoc creator/import/gnu/arm/5.4.1/bin/../lib/gcc/arm-none-eabi/5.4.1/../../../../arm-none-eabi/lib/armv7e-m/softfp\libg_nano.a(lib_a-stdio.o)
                0x10084832                __sclose
 *fill*         0x1008483a        0x2 
 .text._write_r
                0x1008483c       0x24 c:/program files (x86)/cypress/psoc creator/4.2/psoc creator/import/gnu/arm/5.4.1/bin/../lib/gcc/arm-none-eabi/5.4.1/../../../../arm-none-eabi/lib/armv7e-m/softfp\libg_nano.a(lib_a-writer.o)
                0x1008483c                _write_r
 .text._close_r
                0x10084860       0x20 c:/program files (x86)/cypress/psoc creator/4.2/psoc creator/import/gnu/arm/5.4.1/bin/../lib/gcc/arm-none-eabi/5.4.1/../../../../arm-none-eabi/lib/armv7e-m/softfp\libg_nano.a(lib_a-closer.o)
                0x10084860                _close_r
 .text._fstat_r
                0x10084880       0x24 c:/program files (x86)/cypress/psoc creator/4.2/psoc creator/import/gnu/arm/5.4.1/bin/../lib/gcc/arm-none-eabi/5.4.1/../../../../arm-none-eabi/lib/armv7e-m/softfp\libg_nano.a(lib_a-fstatr.o)
                0x10084880                _fstat_r
 .text._isatty_r
                0x100848a4       0x20 c:/program files (x86)/cypress/psoc creator/4.2/psoc creator/import/gnu/arm/5.4.1/bin/../lib/gcc/arm-none-eabi/5.4.1/../../../../arm-none-eabi/lib/armv7e-m/softfp\libg_nano.a(lib_a-isattyr.o)
                0x100848a4                _isatty_r
 .text._lseek_r
                0x100848c4       0x24 c:/program files (x86)/cypress/psoc creator/4.2/psoc creator/import/gnu/arm/5.4.1/bin/../lib/gcc/arm-none-eabi/5.4.1/../../../../arm-none-eabi/lib/armv7e-m/softfp\libg_nano.a(lib_a-lseekr.o)
                0x100848c4                _lseek_r
 .text.__malloc_lock
                0x100848e8        0x2 c:/program files (x86)/cypress/psoc creator/4.2/psoc creator/import/gnu/arm/5.4.1/bin/../lib/gcc/arm-none-eabi/5.4.1/../../../../arm-none-eabi/lib/armv7e-m/softfp\libg_nano.a(lib_a-mlock.o)
                0x100848e8                __malloc_lock
 .text.__malloc_unlock
                0x100848ea        0x2 c:/program files (x86)/cypress/psoc creator/4.2/psoc creator/import/gnu/arm/5.4.1/bin/../lib/gcc/arm-none-eabi/5.4.1/../../../../arm-none-eabi/lib/armv7e-m/softfp\libg_nano.a(lib_a-mlock.o)
                0x100848ea                __malloc_unlock
 .text._read_r  0x100848ec       0x24 c:/program files (x86)/cypress/psoc creator/4.2/psoc creator/import/gnu/arm/5.4.1/bin/../lib/gcc/arm-none-eabi/5.4.1/../../../../arm-none-eabi/lib/armv7e-m/softfp\libg_nano.a(lib_a-readr.o)
                0x100848ec                _read_r
 .text._close   0x10084910       0x10 c:/program files (x86)/cypress/psoc creator/4.2/psoc creator/import/gnu/arm/5.4.1/bin/../lib/gcc/arm-none-eabi/5.4.1/../../../../arm-none-eabi/lib/armv7e-m/softfp\libnosys.a(close.o)
                0x10084910                _close
 .text._fstat   0x10084920       0x10 c:/program files (x86)/cypress/psoc creator/4.2/psoc creator/import/gnu/arm/5.4.1/bin/../lib/gcc/arm-none-eabi/5.4.1/../../../../arm-none-eabi/lib/armv7e-m/softfp\libnosys.a(fstat.o)
                0x10084920                _fstat
 .text._isatty  0x10084930       0x10 c:/program files (x86)/cypress/psoc creator/4.2/psoc creator/import/gnu/arm/5.4.1/bin/../lib/gcc/arm-none-eabi/5.4.1/../../../../arm-none-eabi/lib/armv7e-m/softfp\libnosys.a(isatty.o)
                0x10084930                _isatty
 .text._lseek   0x10084940       0x10 c:/program files (x86)/cypress/psoc creator/4.2/psoc creator/import/gnu/arm/5.4.1/bin/../lib/gcc/arm-none-eabi/5.4.1/../../../../arm-none-eabi/lib/armv7e-m/softfp\libnosys.a(lseek.o)
                0x10084940                _lseek
 .text._read    0x10084950       0x10 c:/program files (x86)/cypress/psoc creator/4.2/psoc creator/import/gnu/arm/5.4.1/bin/../lib/gcc/arm-none-eabi/5.4.1/../../../../arm-none-eabi/lib/armv7e-m/softfp\libnosys.a(read.o)
                0x10084950                _read
 .text._sbrk    0x10084960       0x1c c:/program files (x86)/cypress/psoc creator/4.2/psoc creator/import/gnu/arm/5.4.1/bin/../lib/gcc/arm-none-eabi/5.4.1/../../../../arm-none-eabi/lib/armv7e-m/softfp\libnosys.a(sbrk.o)
                0x10084960                _sbrk
 *(.init)
 .init          0x1008497c        0x4 c:/program files (x86)/cypress/psoc creator/4.2/psoc creator/import/gnu/arm/5.4.1/bin/../lib/gcc/arm-none-eabi/5.4.1/armv7e-m/softfp/crti.o
                0x1008497c                _init
 .init          0x10084980        0x8 c:/program files (x86)/cypress/psoc creator/4.2/psoc creator/import/gnu/arm/5.4.1/bin/../lib/gcc/arm-none-eabi/5.4.1/armv7e-m/softfp/crtn.o
 *(.fini)
 .fini          0x10084988        0x4 c:/program files (x86)/cypress/psoc creator/4.2/psoc creator/import/gnu/arm/5.4.1/bin/../lib/gcc/arm-none-eabi/5.4.1/armv7e-m/softfp/crti.o
                0x10084988                _fini
 .fini          0x1008498c        0x8 c:/program files (x86)/cypress/psoc creator/4.2/psoc creator/import/gnu/arm/5.4.1/bin/../lib/gcc/arm-none-eabi/5.4.1/armv7e-m/softfp/crtn.o
 *crtbegin.o(.ctors)
 *crtbegin?.o(.ctors)
 *(EXCLUDE_FILE(*crtend.o *crtend?.o) .ctors)
 *(SORT(.ctors.*))
 *(.ctors)
 *crtbegin.o(.dtors)
 *crtbegin?.o(.dtors)
 *(EXCLUDE_FILE(*crtend.o *crtend?.o) .dtors)
 *(SORT(.dtors.*))
 *(.dtors)
 *(.rodata .rodata.* .constdata .constdata.* .conststring .conststring.*)
 .rodata.str1.4
                0x10084994       0x4d .\CortexM4\ARM_GCC_541\Debug\ble_task.o
 *fill*         0x100849e1        0x3 
 .rodata.str1.4
                0x100849e4       0x30 .\CortexM4\ARM_GCC_541\Debug\status_led_task.o
 .rodata.str1.4
                0x10084a14       0x63 .\CortexM4\ARM_GCC_541\Debug\main_cm4.o
 *fill*         0x10084a77        0x1 
 .rodata        0x10084a78       0x34 .\CortexM4\ARM_GCC_541\Debug\cy_ipc_config.o
 .rodata.str1.4
                0x10084aac       0x41 .\CortexM4\ARM_GCC_541\Debug\cy_sysint.o
 *fill*         0x10084aed        0x3 
 .rodata.str1.4
                0x10084af0       0x7f .\CortexM4\ARM_GCC_541\Debug\cy_ipc_drv.o
 *fill*         0x10084b6f        0x1 
 .rodata.str1.4
                0x10084b70       0x3f .\CortexM4\ARM_GCC_541\Debug\cy_ipc_sema.o
 *fill*         0x10084baf        0x1 
 .rodata.str1.4
                0x10084bb0       0x40 .\CortexM4\ARM_GCC_541\Debug\cy_ipc_pipe.o
                                 0x7f (size before relaxing)
 .rodata.str1.4
                0x10084bf0       0xc4 .\CortexM4\ARM_GCC_541\Debug\cy_scb_uart.o
 .rodata.str1.4
                0x10084cb4       0x3f .\CortexM4\ARM_GCC_541\Debug\cy_syspm.o
 *fill*         0x10084cf3        0x1 
 .rodata        0x10084cf4       0x10 .\CortexM4\ARM_GCC_541\Debug\cy_ble.o
 .rodata        0x10084d04      0x100 .\CortexM4\ARM_GCC_541\Debug\cy_ble_hal_pvt.o
 .rodata        0x10084e04        0xa .\CortexM4\ARM_GCC_541\Debug\cy_ble_event_handler.o
 *fill*         0x10084e0e        0x2 
 .rodata.str1.4
                0x10084e10       0x37 .\CortexM4\ARM_GCC_541\Debug\cy_ble_event_handler.o
 *fill*         0x10084e47        0x1 
 .rodata.str1.4
                0x10084e48        0x5 .\CortexM4\ARM_GCC_541\Debug\tasks.o
 *fill*         0x10084e4d        0x3 
 .rodata.str1.4
                0x10084e50       0x10 .\CortexM4\ARM_GCC_541\Debug\timers.o
 .rodata.str1.4
                0x10084e60       0x50 .\CortexM4\ARM_GCC_541\Debug\port.o
 .rodata        0x10084eb0      0x182 .\CortexM4\ARM_GCC_541\Debug\BLE_config.o
 *fill*         0x10085032        0x2 
 .rodata        0x10085034        0x4 .\CortexM4\ARM_GCC_541\Debug\BLE_ias_config.o
 .rodata        0x10085038       0x40 .\CortexM4\ARM_GCC_541\Debug\UART_DEBUG.o
                0x10085038                UART_DEBUG_config
 .constdata     0x10085078       0x18 Generated_Source\PSoC6\pdl\middleware\ble\lib\cy_ble_stack_gcc_host_ipc_cm4.a(BT_os.o)
                0x10085078                cyBleStackMemoryConfig
 .constdata     0x10085090       0x58 Generated_Source\PSoC6\pdl\middleware\ble\lib\cy_ble_stack_gcc_host_ipc_cm4.a(l2cap_init.o)
                0x10085090                l2cap_le_sig_handler
 .constdata     0x100850e8       0x3c Generated_Source\PSoC6\pdl\middleware\ble\lib\cy_ble_stack_gcc_host_ipc_cm4.a(fsm_engine_pl.o)
                0x100850e8                fsm_module_table
 .constdata     0x10085124      0x110 Generated_Source\PSoC6\pdl\middleware\ble\lib\cy_ble_stack_gcc_host_ipc_cm4.a(gap_hci_iface.o)
                0x10085124                hciCommandCompleteEventHandlers
 .constdata     0x10085234       0x20 Generated_Source\PSoC6\pdl\middleware\ble\lib\cy_ble_stack_gcc_host_ipc_cm4.a(gap_privacy.o)
 .constdata     0x10085254       0x32 Generated_Source\PSoC6\pdl\middleware\ble\lib\cy_ble_stack_gcc_host_ipc_cm4.a(smp_core.o)
                0x10085254                smp_iocap_assoc_map
                0x1008526d                smp_sc_iocap_assoc_map
 *fill*         0x10085286        0x2 
 .constdata     0x10085288        0xc Generated_Source\PSoC6\pdl\middleware\ble\lib\cy_ble_stack_gcc_host_ipc_cm4.a(smp_interface.o)
                0x10085288                smp_event_fp
 .constdata     0x10085294       0x22 Generated_Source\PSoC6\pdl\middleware\ble\lib\cy_ble_stack_gcc_host_ipc_cm4.a(smp_utils.o)
                0x10085294                smp_event_map
 *fill*         0x100852b6        0x2 
 .constdata     0x100852b8       0xb4 Generated_Source\PSoC6\pdl\middleware\ble\lib\cy_ble_stack_gcc_host_ipc_cm4.a(smp_fsm_table.o)
                0x100852b8                smp_state_event_table
 .constdata     0x1008536c      0x110 Generated_Source\PSoC6\pdl\middleware\ble\lib\cy_ble_stack_gcc_host_ipc_cm4.a(smp_fsm_table.o)
                0x1008536c                smp_event_handler_table
 .constdata     0x1008547c       0x20 Generated_Source\PSoC6\pdl\middleware\ble\lib\cy_ble_stack_gcc_host_ipc_cm4.a(aes_cmac.o)
                0x1008547c                cmac_zero_data
                0x1008548c                cmac_rb_data
 .constdata     0x1008549c       0x60 Generated_Source\PSoC6\pdl\middleware\ble\lib\cy_ble_stack_gcc_host_ipc_cm4.a(att_fsm_table.o)
                0x1008549c                att_state_event_table
 .constdata     0x100854fc       0x58 Generated_Source\PSoC6\pdl\middleware\ble\lib\cy_ble_stack_gcc_host_ipc_cm4.a(att_fsm_table.o)
                0x100854fc                att_event_handler_table
 .rodata.str1.1
                0x10085554        0x2 c:/program files (x86)/cypress/psoc creator/4.2/psoc creator/import/gnu/arm/5.4.1/bin/../lib/gcc/arm-none-eabi/5.4.1/../../../../arm-none-eabi/lib/armv7e-m/softfp\libg_nano.a(lib_a-impure.o)
 *fill*         0x10085556        0x2 
 .rodata._global_impure_ptr
                0x10085558        0x4 c:/program files (x86)/cypress/psoc creator/4.2/psoc creator/import/gnu/arm/5.4.1/bin/../lib/gcc/arm-none-eabi/5.4.1/../../../../arm-none-eabi/lib/armv7e-m/softfp\libg_nano.a(lib_a-impure.o)
                0x10085558                _global_impure_ptr
 .rodata.__sf_fake_stdin
                0x1008555c       0x20 c:/program files (x86)/cypress/psoc creator/4.2/psoc creator/import/gnu/arm/5.4.1/bin/../lib/gcc/arm-none-eabi/5.4.1/../../../../arm-none-eabi/lib/armv7e-m/softfp\libg_nano.a(lib_a-findfp.o)
                0x1008555c                __sf_fake_stdin
 .rodata.__sf_fake_stdout
                0x1008557c       0x20 c:/program files (x86)/cypress/psoc creator/4.2/psoc creator/import/gnu/arm/5.4.1/bin/../lib/gcc/arm-none-eabi/5.4.1/../../../../arm-none-eabi/lib/armv7e-m/softfp\libg_nano.a(lib_a-findfp.o)
                0x1008557c                __sf_fake_stdout
 .rodata.__sf_fake_stderr
                0x1008559c       0x20 c:/program files (x86)/cypress/psoc creator/4.2/psoc creator/import/gnu/arm/5.4.1/bin/../lib/gcc/arm-none-eabi/5.4.1/../../../../arm-none-eabi/lib/armv7e-m/softfp\libg_nano.a(lib_a-findfp.o)
                0x1008559c                __sf_fake_stderr
 *(.eh_frame*)
 .eh_frame      0x100855bc        0x0 c:/program files (x86)/cypress/psoc creator/4.2/psoc creator/import/gnu/arm/5.4.1/bin/../lib/gcc/arm-none-eabi/5.4.1/armv7e-m/softfp/crtbegin.o
 .eh_frame      0x100855bc        0x4 c:/program files (x86)/cypress/psoc creator/4.2/psoc creator/import/gnu/arm/5.4.1/bin/../lib/gcc/arm-none-eabi/5.4.1/armv7e-m/softfp/crtend.o

.glue_7         0x100855c0        0x0
 .glue_7        0x100855c0        0x0 linker stubs

.glue_7t        0x100855c0        0x0
 .glue_7t       0x100855c0        0x0 linker stubs

.vfp11_veneer   0x100855c0        0x0
 .vfp11_veneer  0x100855c0        0x0 linker stubs

.v4_bx          0x100855c0        0x0
 .v4_bx         0x100855c0        0x0 linker stubs

.iplt           0x100855c0        0x0
 .iplt          0x100855c0        0x0 c:/program files (x86)/cypress/psoc creator/4.2/psoc creator/import/gnu/arm/5.4.1/bin/../lib/gcc/arm-none-eabi/5.4.1/armv7e-m/softfp/crtbegin.o

i.CyBleStackMgr_Init
                0x100855c0       0xdc
 i.CyBleStackMgr_Init
                0x100855c0       0xdc Generated_Source\PSoC6\pdl\middleware\ble\lib\cy_ble_stack_gcc_host_ipc_cm4.a(CyBleStackMgrIP_Interface.o)
                0x100855c0                CyBleStackMgr_Init

i.CyBleStackMgr_Shutdown
                0x1008569c       0x20
 i.CyBleStackMgr_Shutdown
                0x1008569c       0x20 Generated_Source\PSoC6\pdl\middleware\ble\lib\cy_ble_stack_gcc_host_ipc_cm4.a(CyBleStackMgrIP_Interface.o)
                0x1008569c                CyBleStackMgr_Shutdown

i.CyBle_GetHeapMemory
                0x100856bc       0x3c
 i.CyBle_GetHeapMemory
                0x100856bc       0x3c Generated_Source\PSoC6\pdl\middleware\ble\lib\cy_ble_stack_gcc_host_ipc_cm4.a(CyBleStackMgrIP_Interface.o)
                0x100856bc                CyBle_GetHeapMemory

i.CyBle_GetNumAppBufferPools
                0x100856f8        0xc
 i.CyBle_GetNumAppBufferPools
                0x100856f8        0xc Generated_Source\PSoC6\pdl\middleware\ble\lib\cy_ble_stack_gcc_host_ipc_cm4.a(CyBleStackMgrIP_Interface.o)
                0x100856f8                CyBle_GetNumAppBufferPools

i.CyBle_HostStackBufferPoolInit
                0x10085704       0xc4
 i.CyBle_HostStackBufferPoolInit
                0x10085704       0xc4 Generated_Source\PSoC6\pdl\middleware\ble\lib\cy_ble_stack_gcc_host_ipc_cm4.a(CyBleStackMgrIP_Interface.o)

i.CyBle_SortBufers
                0x100857c8       0x40
 i.CyBle_SortBufers
                0x100857c8       0x40 Generated_Source\PSoC6\pdl\middleware\ble\lib\cy_ble_stack_gcc_host_ipc_cm4.a(CyBleStackMgrIP_Interface.o)
                0x100857c8                CyBle_SortBufers

i.CyBle_StackGetConfigPtr
                0x10085808        0x8
 i.CyBle_StackGetConfigPtr
                0x10085808        0x8 Generated_Source\PSoC6\pdl\middleware\ble\lib\cy_ble_stack_gcc_host_ipc_cm4.a(CyBleStackMgrIP_Interface.o)
                0x10085808                CyBle_StackGetConfigPtr

i.Cy_BLE_EnablePrivacyFeature
                0x10085810        0x4
 i.Cy_BLE_EnablePrivacyFeature
                0x10085810        0x4 Generated_Source\PSoC6\pdl\middleware\ble\lib\cy_ble_stack_gcc_host_ipc_cm4.a(CyBleStackMgrIP_Interface.o)
                0x10085810                Cy_BLE_EnablePrivacyFeature

i.Cy_BLE_StackEnterLPM
                0x10085814       0x16
 i.Cy_BLE_StackEnterLPM
                0x10085814       0x16 Generated_Source\PSoC6\pdl\middleware\ble\lib\cy_ble_stack_gcc_host_ipc_cm4.a(CyBleStackMgrIP_Interface.o)
                0x10085814                Cy_BLE_StackEnterLPM

i.Cy_BLE_StackGetBleSsState
                0x1008582a        0x4
 i.Cy_BLE_StackGetBleSsState
                0x1008582a        0x4 Generated_Source\PSoC6\pdl\middleware\ble\lib\cy_ble_stack_gcc_host_ipc_cm4.a(CyBleStackMgrIP_Interface.o)
                0x1008582a                Cy_BLE_StackGetBleSsState

i.Cy_BLE_StackGetFeatureConfig
                0x10085830       0x20
 i.Cy_BLE_StackGetFeatureConfig
                0x10085830       0x20 Generated_Source\PSoC6\pdl\middleware\ble\lib\cy_ble_stack_gcc_host_ipc_cm4.a(CyBleStackMgrIP_Interface.o)
                0x10085830                Cy_BLE_StackGetFeatureConfig

i.Cy_BLE_StackInit
                0x10085850       0x70
 i.Cy_BLE_StackInit
                0x10085850       0x70 Generated_Source\PSoC6\pdl\middleware\ble\lib\cy_ble_stack_gcc_host_ipc_cm4.a(CyBleStackMgrIP_Interface.o)
                0x10085850                Cy_BLE_StackInit

i.Cy_BLE_StackSetFeatureConfig
                0x100858c0       0x54
 i.Cy_BLE_StackSetFeatureConfig
                0x100858c0       0x54 Generated_Source\PSoC6\pdl\middleware\ble\lib\cy_ble_stack_gcc_host_ipc_cm4.a(CyBleStackMgrIP_Interface.o)
                0x100858c0                Cy_BLE_StackSetFeatureConfig

i.ble_stack_idle_task_callback
                0x10085914        0x2
 i.ble_stack_idle_task_callback
                0x10085914        0x2 Generated_Source\PSoC6\pdl\middleware\ble\lib\cy_ble_stack_gcc_host_ipc_cm4.a(CyBleStackMgrIP_Interface.o)
                0x10085914                ble_stack_idle_task_callback

i.BT_OSFreeBuf  0x10085918       0x20
 i.BT_OSFreeBuf
                0x10085918       0x20 Generated_Source\PSoC6\pdl\middleware\ble\lib\cy_ble_stack_gcc_host_ipc_cm4.a(BT_os.o)
                0x10085918                BT_OSFreeBuf

i.BT_OSGetBuF   0x10085938       0x30
 i.BT_OSGetBuF  0x10085938       0x30 Generated_Source\PSoC6\pdl\middleware\ble\lib\cy_ble_stack_gcc_host_ipc_cm4.a(BT_os.o)
                0x10085938                BT_OSGetBuF

i.BT_OSMemCreate
                0x10085968       0x3c
 i.BT_OSMemCreate
                0x10085968       0x3c Generated_Source\PSoC6\pdl\middleware\ble\lib\cy_ble_stack_gcc_host_ipc_cm4.a(BT_os.o)
                0x10085968                BT_OSMemCreate

i.BT_alloc_mem_ext
                0x100859a4       0x40
 i.BT_alloc_mem_ext
                0x100859a4       0x40 Generated_Source\PSoC6\pdl\middleware\ble\lib\cy_ble_stack_gcc_host_ipc_cm4.a(BT_os.o)
                0x100859a4                BT_alloc_mem_ext

i.BT_free_mem   0x100859e4        0xa
 i.BT_free_mem  0x100859e4        0xa Generated_Source\PSoC6\pdl\middleware\ble\lib\cy_ble_stack_gcc_host_ipc_cm4.a(BT_os.o)
                0x100859e4                BT_free_mem

i.bt_stack_create_buffer_pool
                0x100859f0       0x2c
 i.bt_stack_create_buffer_pool
                0x100859f0       0x2c Generated_Source\PSoC6\pdl\middleware\ble\lib\cy_ble_stack_gcc_host_ipc_cm4.a(BT_os.o)
                0x100859f0                bt_stack_create_buffer_pool

i.CyBle_CreateBleStackTask
                0x10085a1c       0x30
 i.CyBle_CreateBleStackTask
                0x10085a1c       0x30 Generated_Source\PSoC6\pdl\middleware\ble\lib\cy_ble_stack_gcc_host_ipc_cm4.a(CyBleStackMgr_StackTaskHandler.o)
                0x10085a1c                CyBle_CreateBleStackTask

i.CyBle_SignalBleStackTask
                0x10085a4c       0x38
 i.CyBle_SignalBleStackTask
                0x10085a4c       0x38 Generated_Source\PSoC6\pdl\middleware\ble\lib\cy_ble_stack_gcc_host_ipc_cm4.a(CyBleStackMgr_StackTaskHandler.o)
                0x10085a4c                CyBle_SignalBleStackTask

i.CyBle_StackTaskHandler
                0x10085a84       0x74
 i.CyBle_StackTaskHandler
                0x10085a84       0x74 Generated_Source\PSoC6\pdl\middleware\ble\lib\cy_ble_stack_gcc_host_ipc_cm4.a(CyBleStackMgr_StackTaskHandler.o)
                0x10085a84                CyBle_StackTaskHandler

i.IsStackTaskFree
                0x10085af8        0xc
 i.IsStackTaskFree
                0x10085af8        0xc Generated_Source\PSoC6\pdl\middleware\ble\lib\cy_ble_stack_gcc_host_ipc_cm4.a(CyBleStackMgr_StackTaskHandler.o)
                0x10085af8                IsStackTaskFree

i.storage_bt_init_pl
                0x10085b04       0x8c
 i.storage_bt_init_pl
                0x10085b04       0x8c Generated_Source\PSoC6\pdl\middleware\ble\lib\cy_ble_stack_gcc_host_ipc_cm4.a(storage_pl.o)
                0x10085b04                storage_bt_init_pl

i.storage_bt_reset_offset
                0x10085b90       0x3c
 i.storage_bt_reset_offset
                0x10085b90       0x3c Generated_Source\PSoC6\pdl\middleware\ble\lib\cy_ble_stack_gcc_host_ipc_cm4.a(storage_pl.o)
                0x10085b90                storage_bt_reset_offset

i.storage_manager_init
                0x10085bcc       0x54
 i.storage_manager_init
                0x10085bcc       0x54 Generated_Source\PSoC6\pdl\middleware\ble\lib\cy_ble_stack_gcc_host_ipc_cm4.a(storage_pl.o)
                0x10085bcc                storage_manager_init

i.storage_manager_register_module
                0x10085c20       0x68
 i.storage_manager_register_module
                0x10085c20       0x68 Generated_Source\PSoC6\pdl\middleware\ble\lib\cy_ble_stack_gcc_host_ipc_cm4.a(storage_pl.o)
                0x10085c20                storage_manager_register_module

i.storage_validate_init_params
                0x10085c88       0x98
 i.storage_validate_init_params
                0x10085c88       0x98 Generated_Source\PSoC6\pdl\middleware\ble\lib\cy_ble_stack_gcc_host_ipc_cm4.a(storage_pl.o)
                0x10085c88                storage_validate_init_params

i.OS_init       0x10085d20       0x64
 i.OS_init      0x10085d20       0x64 Generated_Source\PSoC6\pdl\middleware\ble\lib\cy_ble_stack_gcc_host_ipc_cm4.a(mint_os.o)
                0x10085d20                OS_init

i.OS_shutdown   0x10085d84        0x4
 i.OS_shutdown  0x10085d84        0x4 Generated_Source\PSoC6\pdl\middleware\ble\lib\cy_ble_stack_gcc_host_ipc_cm4.a(mint_os.o)
                0x10085d84                OS_shutdown

i.mintos_malloc
                0x10085d88       0x34
 i.mintos_malloc
                0x10085d88       0x34 Generated_Source\PSoC6\pdl\middleware\ble\lib\cy_ble_stack_gcc_host_ipc_cm4.a(mint_os.o)
                0x10085d88                mintos_malloc

i.OS_create_queue
                0x10085dbc       0x74
 i.OS_create_queue
                0x10085dbc       0x74 Generated_Source\PSoC6\pdl\middleware\ble\lib\cy_ble_stack_gcc_host_ipc_cm4.a(mint_os_queue.o)
                0x10085dbc                OS_create_queue

i.OS_enqueue_item
                0x10085e30       0x9c
 i.OS_enqueue_item
                0x10085e30       0x9c Generated_Source\PSoC6\pdl\middleware\ble\lib\cy_ble_stack_gcc_host_ipc_cm4.a(mint_os_queue.o)
                0x10085e30                OS_enqueue_item

i.OS_queue_get_num_of_items
                0x10085ecc       0x2c
 i.OS_queue_get_num_of_items
                0x10085ecc       0x2c Generated_Source\PSoC6\pdl\middleware\ble\lib\cy_ble_stack_gcc_host_ipc_cm4.a(mint_os_queue.o)
                0x10085ecc                OS_queue_get_num_of_items

i.OS_queue_mgmt_init
                0x10085ef8       0x58
 i.OS_queue_mgmt_init
                0x10085ef8       0x58 Generated_Source\PSoC6\pdl\middleware\ble\lib\cy_ble_stack_gcc_host_ipc_cm4.a(mint_os_queue.o)
                0x10085ef8                OS_queue_mgmt_init

i.OS_create_task
                0x10085f50       0x88
 i.OS_create_task
                0x10085f50       0x88 Generated_Source\PSoC6\pdl\middleware\ble\lib\cy_ble_stack_gcc_host_ipc_cm4.a(mint_os_task.o)
                0x10085f50                OS_create_task

i.OS_is_task_free
                0x10085fd8       0x30
 i.OS_is_task_free
                0x10085fd8       0x30 Generated_Source\PSoC6\pdl\middleware\ble\lib\cy_ble_stack_gcc_host_ipc_cm4.a(mint_os_task.o)
                0x10085fd8                OS_is_task_free

i.OS_send_signal_to_task
                0x10086008        0xc
 i.OS_send_signal_to_task
                0x10086008        0xc Generated_Source\PSoC6\pdl\middleware\ble\lib\cy_ble_stack_gcc_host_ipc_cm4.a(mint_os_task.o)
                0x10086008                OS_send_signal_to_task

i.OS_send_signal_to_task_context
                0x10086014       0x3c
 i.OS_send_signal_to_task_context
                0x10086014       0x3c Generated_Source\PSoC6\pdl\middleware\ble\lib\cy_ble_stack_gcc_host_ipc_cm4.a(mint_os_task.o)

i.OS_task_mgmt_init
                0x10086050       0x60
 i.OS_task_mgmt_init
                0x10086050       0x60 Generated_Source\PSoC6\pdl\middleware\ble\lib\cy_ble_stack_gcc_host_ipc_cm4.a(mint_os_task.o)
                0x10086050                OS_task_mgmt_init

i.mint_buf_mgmt_allocate_buffer
                0x100860b0       0x54
 i.mint_buf_mgmt_allocate_buffer
                0x100860b0       0x54 Generated_Source\PSoC6\pdl\middleware\ble\lib\cy_ble_stack_gcc_host_ipc_cm4.a(mint_buf_mgmt.o)
                0x100860b0                mint_buf_mgmt_allocate_buffer

i.mint_buf_mgmt_create_pool
                0x10086104       0xd4
 i.mint_buf_mgmt_create_pool
                0x10086104       0xd4 Generated_Source\PSoC6\pdl\middleware\ble\lib\cy_ble_stack_gcc_host_ipc_cm4.a(mint_buf_mgmt.o)
                0x10086104                mint_buf_mgmt_create_pool

i.mint_buf_mgmt_free_buffer
                0x100861d8       0xac
 i.mint_buf_mgmt_free_buffer
                0x100861d8       0xac Generated_Source\PSoC6\pdl\middleware\ble\lib\cy_ble_stack_gcc_host_ipc_cm4.a(mint_buf_mgmt.o)
                0x100861d8                mint_buf_mgmt_free_buffer

i.mint_buf_mgmt_init
                0x10086284       0x5c
 i.mint_buf_mgmt_init
                0x10086284       0x5c Generated_Source\PSoC6\pdl\middleware\ble\lib\cy_ble_stack_gcc_host_ipc_cm4.a(mint_buf_mgmt.o)
                0x10086284                mint_buf_mgmt_init

i.mint_buf_mgmt_malloc
                0x100862e0       0x28
 i.mint_buf_mgmt_malloc
                0x100862e0       0x28 Generated_Source\PSoC6\pdl\middleware\ble\lib\cy_ble_stack_gcc_host_ipc_cm4.a(mint_buf_mgmt.o)
                0x100862e0                mint_buf_mgmt_malloc

i.mint_buf_mgmt_pl_init
                0x10086308       0x44
 i.mint_buf_mgmt_pl_init
                0x10086308       0x44 Generated_Source\PSoC6\pdl\middleware\ble\lib\cy_ble_stack_gcc_host_ipc_cm4.a(mint_buf_mgmt.o)
                0x10086308                mint_buf_mgmt_pl_init

i.mint_buf_mgmt_stack_init
                0x1008634c       0x22
 i.mint_buf_mgmt_stack_init
                0x1008634c       0x22 Generated_Source\PSoC6\pdl\middleware\ble\lib\cy_ble_stack_gcc_host_ipc_cm4.a(mint_buf_mgmt.o)
                0x1008634c                mint_buf_mgmt_stack_init

i.mint_buf_mgmt_stack_pop
                0x1008636e       0x34
 i.mint_buf_mgmt_stack_pop
                0x1008636e       0x34 Generated_Source\PSoC6\pdl\middleware\ble\lib\cy_ble_stack_gcc_host_ipc_cm4.a(mint_buf_mgmt.o)
                0x1008636e                mint_buf_mgmt_stack_pop

i.mint_buf_mgmt_stack_push
                0x100863a2       0x34
 i.mint_buf_mgmt_stack_push
                0x100863a2       0x34 Generated_Source\PSoC6\pdl\middleware\ble\lib\cy_ble_stack_gcc_host_ipc_cm4.a(mint_buf_mgmt.o)
                0x100863a2                mint_buf_mgmt_stack_push

i.mint_buf_mgmt_stack_search_item
                0x100863d6       0x2e
 i.mint_buf_mgmt_stack_search_item
                0x100863d6       0x2e Generated_Source\PSoC6\pdl\middleware\ble\lib\cy_ble_stack_gcc_host_ipc_cm4.a(mint_buf_mgmt.o)
                0x100863d6                mint_buf_mgmt_stack_search_item

i.CyBleHost_HciIpcFreePktBuffer
                0x10086404       0x2e
 i.CyBleHost_HciIpcFreePktBuffer
                0x10086404       0x2e Generated_Source\PSoC6\pdl\middleware\ble\lib\cy_ble_stack_gcc_host_ipc_cm4.a(transport_ipc.o)
                0x10086404                CyBleHost_HciIpcFreePktBuffer

i.CyBleHost_HciIpcMsgCompleteReceive
                0x10086434       0x28
 i.CyBleHost_HciIpcMsgCompleteReceive
                0x10086434       0x28 Generated_Source\PSoC6\pdl\middleware\ble\lib\cy_ble_stack_gcc_host_ipc_cm4.a(transport_ipc.o)
                0x10086434                CyBleHost_HciIpcMsgCompleteReceive

i.CyBleHost_HciIpcMsgReceive
                0x1008645c       0x28
 i.CyBleHost_HciIpcMsgReceive
                0x1008645c       0x28 Generated_Source\PSoC6\pdl\middleware\ble\lib\cy_ble_stack_gcc_host_ipc_cm4.a(transport_ipc.o)
                0x1008645c                CyBleHost_HciIpcMsgReceive

i.hci_transport_bt_shutdown
                0x10086484        0x4
 i.hci_transport_bt_shutdown
                0x10086484        0x4 Generated_Source\PSoC6\pdl\middleware\ble\lib\cy_ble_stack_gcc_host_ipc_cm4.a(transport_ipc.o)
                0x10086484                hci_transport_bt_shutdown

i.hci_transport_init
                0x10086488       0x10
 i.hci_transport_init
                0x10086488       0x10 Generated_Source\PSoC6\pdl\middleware\ble\lib\cy_ble_stack_gcc_host_ipc_cm4.a(transport_ipc.o)
                0x10086488                hci_transport_init

i.hci_transport_write_data
                0x10086498       0x9c
 i.hci_transport_write_data
                0x10086498       0x9c Generated_Source\PSoC6\pdl\middleware\ble\lib\cy_ble_stack_gcc_host_ipc_cm4.a(transport_ipc.o)
                0x10086498                hci_transport_write_data

i.CyBleHost_IPC_HAL_Init
                0x10086534       0x40
 i.CyBleHost_IPC_HAL_Init
                0x10086534       0x40 Generated_Source\PSoC6\pdl\middleware\ble\lib\cy_ble_stack_gcc_host_ipc_cm4.a(CyBleStackMgr_PSoCIPCHal.o)
                0x10086534                CyBleHost_IPC_HAL_Init

i.CyBleHost_IPC_HAL_InitWithStaticMem
                0x10086574        0xc
 i.CyBleHost_IPC_HAL_InitWithStaticMem
                0x10086574        0xc Generated_Source\PSoC6\pdl\middleware\ble\lib\cy_ble_stack_gcc_host_ipc_cm4.a(CyBleStackMgr_PSoCIPCHal.o)
                0x10086574                CyBleHost_IPC_HAL_InitWithStaticMem

i.CyBleHost_IPC_HAL_IsQueueEmpty
                0x10086580       0x24
 i.CyBleHost_IPC_HAL_IsQueueEmpty
                0x10086580       0x24 Generated_Source\PSoC6\pdl\middleware\ble\lib\cy_ble_stack_gcc_host_ipc_cm4.a(CyBleStackMgr_PSoCIPCHal.o)
                0x10086580                CyBleHost_IPC_HAL_IsQueueEmpty

i.CyBleHost_IPC_HAL_PipeReleaseCallback
                0x100865a4       0x1c
 i.CyBleHost_IPC_HAL_PipeReleaseCallback
                0x100865a4       0x1c Generated_Source\PSoC6\pdl\middleware\ble\lib\cy_ble_stack_gcc_host_ipc_cm4.a(CyBleStackMgr_PSoCIPCHal.o)

i.CyBleHost_IPC_HAL_ProcessMsgQ
                0x100865c0       0x3c
 i.CyBleHost_IPC_HAL_ProcessMsgQ
                0x100865c0       0x3c Generated_Source\PSoC6\pdl\middleware\ble\lib\cy_ble_stack_gcc_host_ipc_cm4.a(CyBleStackMgr_PSoCIPCHal.o)
                0x100865c0                CyBleHost_IPC_HAL_ProcessMsgQ

i.CyBleHost_IPC_HAL_PushMessage
                0x100865fc       0x48
 i.CyBleHost_IPC_HAL_PushMessage
                0x100865fc       0x48 Generated_Source\PSoC6\pdl\middleware\ble\lib\cy_ble_stack_gcc_host_ipc_cm4.a(CyBleStackMgr_PSoCIPCHal.o)

i.CyBleHost_IPC_HAL_Reset
                0x10086644        0x2
 i.CyBleHost_IPC_HAL_Reset
                0x10086644        0x2 Generated_Source\PSoC6\pdl\middleware\ble\lib\cy_ble_stack_gcc_host_ipc_cm4.a(CyBleStackMgr_PSoCIPCHal.o)
                0x10086644                CyBleHost_IPC_HAL_Reset

i.CyBleHost_IPC_HAL_SendEnqueue
                0x10086646       0x10
 i.CyBleHost_IPC_HAL_SendEnqueue
                0x10086646       0x10 Generated_Source\PSoC6\pdl\middleware\ble\lib\cy_ble_stack_gcc_host_ipc_cm4.a(CyBleStackMgr_PSoCIPCHal.o)
                0x10086646                CyBleHost_IPC_HAL_SendEnqueue

i.CyBle_BluetoothOnCmptCB
                0x10086658       0x60
 i.CyBle_BluetoothOnCmptCB
                0x10086658       0x60 Generated_Source\PSoC6\pdl\middleware\ble\lib\cy_ble_stack_gcc_host_ipc_cm4.a(host_main.o)

i.CyBle_HostDisableFeatures
                0x100866b8       0x12
 i.CyBle_HostDisableFeatures
                0x100866b8       0x12 Generated_Source\PSoC6\pdl\middleware\ble\lib\cy_ble_stack_gcc_host_ipc_cm4.a(host_main.o)
                0x100866b8                CyBle_HostDisableFeatures

i.CyBle_HostInit
                0x100866cc       0x60
 i.CyBle_HostInit
                0x100866cc       0x60 Generated_Source\PSoC6\pdl\middleware\ble\lib\cy_ble_stack_gcc_host_ipc_cm4.a(host_main.o)
                0x100866cc                CyBle_HostInit

i.CyBle_HostIsStackFree
                0x1008672c       0x16
 i.CyBle_HostIsStackFree
                0x1008672c       0x16 Generated_Source\PSoC6\pdl\middleware\ble\lib\cy_ble_stack_gcc_host_ipc_cm4.a(host_main.o)
                0x1008672c                CyBle_HostIsStackFree

i.CyBle_HostSetFeatureConfig
                0x10086744       0x80
 i.CyBle_HostSetFeatureConfig
                0x10086744       0x80 Generated_Source\PSoC6\pdl\middleware\ble\lib\cy_ble_stack_gcc_host_ipc_cm4.a(host_main.o)
                0x10086744                CyBle_HostSetFeatureConfig

i.CyBle_HostStackHeapDeInit
                0x100867c4       0x1e
 i.CyBle_HostStackHeapDeInit
                0x100867c4       0x1e Generated_Source\PSoC6\pdl\middleware\ble\lib\cy_ble_stack_gcc_host_ipc_cm4.a(host_main.o)
                0x100867c4                CyBle_HostStackHeapDeInit

i.CyBle_HostStackHeapInit
                0x100867e4       0x4c
 i.CyBle_HostStackHeapInit
                0x100867e4       0x4c Generated_Source\PSoC6\pdl\middleware\ble\lib\cy_ble_stack_gcc_host_ipc_cm4.a(host_main.o)
                0x100867e4                CyBle_HostStackHeapInit

i.CyBle_HostStackInit
                0x10086830       0x30
 i.CyBle_HostStackInit
                0x10086830       0x30 Generated_Source\PSoC6\pdl\middleware\ble\lib\cy_ble_stack_gcc_host_ipc_cm4.a(host_main.o)
                0x10086830                CyBle_HostStackInit

i.CyBle_HostStackOn
                0x10086860       0x30
 i.CyBle_HostStackOn
                0x10086860       0x30 Generated_Source\PSoC6\pdl\middleware\ble\lib\cy_ble_stack_gcc_host_ipc_cm4.a(host_main.o)

i.CyBle_HostValidateAppBuffers
                0x10086890       0x4c
 i.CyBle_HostValidateAppBuffers
                0x10086890       0x4c Generated_Source\PSoC6\pdl\middleware\ble\lib\cy_ble_stack_gcc_host_ipc_cm4.a(host_main.o)
                0x10086890                CyBle_HostValidateAppBuffers

i.CyBle_HostValidateInputParams
                0x100868dc       0xb8
 i.CyBle_HostValidateInputParams
                0x100868dc       0xb8 Generated_Source\PSoC6\pdl\middleware\ble\lib\cy_ble_stack_gcc_host_ipc_cm4.a(host_main.o)
                0x100868dc                CyBle_HostValidateInputParams

i.CyBle_SendEvToApp
                0x10086994       0x14
 i.CyBle_SendEvToApp
                0x10086994       0x14 Generated_Source\PSoC6\pdl\middleware\ble\lib\cy_ble_stack_gcc_host_ipc_cm4.a(host_main.o)
                0x10086994                CyBle_SendEvToApp

i.CyBle_ShutdownResetComplete
                0x100869a8       0x68
 i.CyBle_ShutdownResetComplete
                0x100869a8       0x68 Generated_Source\PSoC6\pdl\middleware\ble\lib\cy_ble_stack_gcc_host_ipc_cm4.a(host_main.o)
                0x100869a8                CyBle_ShutdownResetComplete

i.CyBle_StackResetGlobalVariables
                0x10086a10       0x10
 i.CyBle_StackResetGlobalVariables
                0x10086a10       0x10 Generated_Source\PSoC6\pdl\middleware\ble\lib\cy_ble_stack_gcc_host_ipc_cm4.a(host_main.o)

i.CyBle_StackResetShutdown
                0x10086a20        0xa
 i.CyBle_StackResetShutdown
                0x10086a20        0xa Generated_Source\PSoC6\pdl\middleware\ble\lib\cy_ble_stack_gcc_host_ipc_cm4.a(host_main.o)

i.Cy_BLE_StackShutdown
                0x10086a2c       0x20
 i.Cy_BLE_StackShutdown
                0x10086a2c       0x20 Generated_Source\PSoC6\pdl\middleware\ble\lib\cy_ble_stack_gcc_host_ipc_cm4.a(host_main.o)
                0x10086a2c                Cy_BLE_StackShutdown

i.BT_att_access_mtu
                0x10086a4c       0x24
 i.BT_att_access_mtu
                0x10086a4c       0x24 Generated_Source\PSoC6\pdl\middleware\ble\lib\cy_ble_stack_gcc_host_ipc_cm4.a(att_api.o)
                0x10086a4c                BT_att_access_mtu

i.BT_att_check_connected_state
                0x10086a70       0x38
 i.BT_att_check_connected_state
                0x10086a70       0x38 Generated_Source\PSoC6\pdl\middleware\ble\lib\cy_ble_stack_gcc_host_ipc_cm4.a(att_api.o)
                0x10086a70                BT_att_check_connected_state

i.BT_att_get_att_handle_from_device_id
                0x10086aa8       0x34
 i.BT_att_get_att_handle_from_device_id
                0x10086aa8       0x34 Generated_Source\PSoC6\pdl\middleware\ble\lib\cy_ble_stack_gcc_host_ipc_cm4.a(att_api.o)
                0x10086aa8                BT_att_get_att_handle_from_device_id

i.BT_att_get_stop_long_procedure_state
                0x10086adc       0x10
 i.BT_att_get_stop_long_procedure_state
                0x10086adc       0x10 Generated_Source\PSoC6\pdl\middleware\ble\lib\cy_ble_stack_gcc_host_ipc_cm4.a(att_api.o)
                0x10086adc                BT_att_get_stop_long_procedure_state

i.BT_att_register
                0x10086aec       0x24
 i.BT_att_register
                0x10086aec       0x24 Generated_Source\PSoC6\pdl\middleware\ble\lib\cy_ble_stack_gcc_host_ipc_cm4.a(att_api.o)
                0x10086aec                BT_att_register

i.BT_att_send_pdu
                0x10086b10      0x5a4
 i.BT_att_send_pdu
                0x10086b10      0x5a4 Generated_Source\PSoC6\pdl\middleware\ble\lib\cy_ble_stack_gcc_host_ipc_cm4.a(att_api.o)
                0x10086b10                BT_att_send_pdu

i.BT_att_set_stop_long_procedure
                0x100870b4       0x20
 i.BT_att_set_stop_long_procedure
                0x100870b4       0x20 Generated_Source\PSoC6\pdl\middleware\ble\lib\cy_ble_stack_gcc_host_ipc_cm4.a(att_api.o)
                0x100870b4                BT_att_set_stop_long_procedure

i.att_bt_init   0x100870d4       0x48
 i.att_bt_init  0x100870d4       0x48 Generated_Source\PSoC6\pdl\middleware\ble\lib\cy_ble_stack_gcc_host_ipc_cm4.a(att_init.o)
                0x100870d4                att_bt_init

i.att_bt_shutdown
                0x1008711c        0x2
 i.att_bt_shutdown
                0x1008711c        0x2 Generated_Source\PSoC6\pdl\middleware\ble\lib\cy_ble_stack_gcc_host_ipc_cm4.a(att_init.o)
                0x1008711c                att_bt_shutdown

i.att_get_heap_req
                0x1008711e        0x4
 i.att_get_heap_req
                0x1008711e        0x4 Generated_Source\PSoC6\pdl\middleware\ble\lib\cy_ble_stack_gcc_host_ipc_cm4.a(att_init.o)
                0x1008711e                att_get_heap_req

i.att_heap_deinit
                0x10087124        0xc
 i.att_heap_deinit
                0x10087124        0xc Generated_Source\PSoC6\pdl\middleware\ble\lib\cy_ble_stack_gcc_host_ipc_cm4.a(att_init.o)
                0x10087124                att_heap_deinit

i.att_heap_init
                0x10087130        0xc
 i.att_heap_init
                0x10087130        0xc Generated_Source\PSoC6\pdl\middleware\ble\lib\cy_ble_stack_gcc_host_ipc_cm4.a(att_init.o)
                0x10087130                att_heap_init

i.att_init      0x1008713c        0x2
 i.att_init     0x1008713c        0x2 Generated_Source\PSoC6\pdl\middleware\ble\lib\cy_ble_stack_gcc_host_ipc_cm4.a(att_init.o)
                0x1008713c                att_init

i.att_access_state_handler
                0x10087140       0x18
 i.att_access_state_handler
                0x10087140       0x18 Generated_Source\PSoC6\pdl\middleware\ble\lib\cy_ble_stack_gcc_host_ipc_cm4.a(att_internal.o)
                0x10087140                att_access_state_handler

i.att_fsm_change_state
                0x10087158       0xd8
 i.att_fsm_change_state
                0x10087158       0xd8 Generated_Source\PSoC6\pdl\middleware\ble\lib\cy_ble_stack_gcc_host_ipc_cm4.a(att_internal.o)
                0x10087158                att_fsm_change_state

i.att_fsm_set_state
                0x10087230       0x48
 i.att_fsm_set_state
                0x10087230       0x48 Generated_Source\PSoC6\pdl\middleware\ble\lib\cy_ble_stack_gcc_host_ipc_cm4.a(att_internal.o)
                0x10087230                att_fsm_set_state

i.att_get_fsm_event
                0x10087278       0x1e
 i.att_get_fsm_event
                0x10087278       0x1e Generated_Source\PSoC6\pdl\middleware\ble\lib\cy_ble_stack_gcc_host_ipc_cm4.a(att_internal.o)
                0x10087278                att_get_fsm_event

i.att_l2cap_data_cb
                0x10087298      0x158
 i.att_l2cap_data_cb
                0x10087298      0x158 Generated_Source\PSoC6\pdl\middleware\ble\lib\cy_ble_stack_gcc_host_ipc_cm4.a(att_internal.o)
                0x10087298                att_l2cap_data_cb

i.att_notify_application
                0x100873f0       0x70
 i.att_notify_application