Archive member included to satisfy reference by file (symbol)

Generated_Source\PSoC6\pdl\middleware\ble\lib\cy_ble_stack_gcc_host_ipc_cm4.a(CyBleStackMgrIP_Interface.o)
                              .\CortexM4\ARM_GCC_541\Debug\cy_ble.o (Cy_BLE_EnablePrivacyFeature)
Generated_Source\PSoC6\pdl\middleware\ble\lib\cy_ble_stack_gcc_host_ipc_cm4.a(BT_os.o)
                              Generated_Source\PSoC6\pdl\middleware\ble\lib\cy_ble_stack_gcc_host_ipc_cm4.a(CyBleStackMgrIP_Interface.o) (cyBleStackMemoryConfig)
Generated_Source\PSoC6\pdl\middleware\ble\lib\cy_ble_stack_gcc_host_ipc_cm4.a(CyBleStackMgr_StackTaskHandler.o)
                              Generated_Source\PSoC6\pdl\middleware\ble\lib\cy_ble_stack_gcc_host_ipc_cm4.a(CyBleStackMgrIP_Interface.o) (CyBle_CreateBleStackTask)
Generated_Source\PSoC6\pdl\middleware\ble\lib\cy_ble_stack_gcc_host_ipc_cm4.a(storage_pl.o)
                              Generated_Source\PSoC6\pdl\middleware\ble\lib\cy_ble_stack_gcc_host_ipc_cm4.a(CyBleStackMgrIP_Interface.o) (storage_manager_init)
Generated_Source\PSoC6\pdl\middleware\ble\lib\cy_ble_stack_gcc_host_ipc_cm4.a(mint_os.o)
                              Generated_Source\PSoC6\pdl\middleware\ble\lib\cy_ble_stack_gcc_host_ipc_cm4.a(CyBleStackMgrIP_Interface.o) (OS_init)
Generated_Source\PSoC6\pdl\middleware\ble\lib\cy_ble_stack_gcc_host_ipc_cm4.a(mint_os_queue.o)
                              Generated_Source\PSoC6\pdl\middleware\ble\lib\cy_ble_stack_gcc_host_ipc_cm4.a(mint_os.o) (OS_TOTAL_QUEUES)
Generated_Source\PSoC6\pdl\middleware\ble\lib\cy_ble_stack_gcc_host_ipc_cm4.a(mint_os_task.o)
                              Generated_Source\PSoC6\pdl\middleware\ble\lib\cy_ble_stack_gcc_host_ipc_cm4.a(mint_os.o) (idle_func_handler)
Generated_Source\PSoC6\pdl\middleware\ble\lib\cy_ble_stack_gcc_host_ipc_cm4.a(mint_buf_mgmt.o)
                              Generated_Source\PSoC6\pdl\middleware\ble\lib\cy_ble_stack_gcc_host_ipc_cm4.a(BT_os.o) (mint_buf_mgmt_allocate_buffer)
Generated_Source\PSoC6\pdl\middleware\ble\lib\cy_ble_stack_gcc_host_ipc_cm4.a(transport_ipc.o)
                              Generated_Source\PSoC6\pdl\middleware\ble\lib\cy_ble_stack_gcc_host_ipc_cm4.a(CyBleStackMgr_StackTaskHandler.o) (CyBleHost_HciIpcFreePktBuffer)
Generated_Source\PSoC6\pdl\middleware\ble\lib\cy_ble_stack_gcc_host_ipc_cm4.a(CyBleStackMgr_PSoCIPCHal.o)
                              Generated_Source\PSoC6\pdl\middleware\ble\lib\cy_ble_stack_gcc_host_ipc_cm4.a(transport_ipc.o) (CyBleHost_IPC_HAL_InitWithStaticMem)
Generated_Source\PSoC6\pdl\middleware\ble\lib\cy_ble_stack_gcc_host_ipc_cm4.a(host_main.o)
                              Generated_Source\PSoC6\pdl\middleware\ble\lib\cy_ble_stack_gcc_host_ipc_cm4.a(CyBleStackMgrIP_Interface.o) (CyBle_HostInit)
Generated_Source\PSoC6\pdl\middleware\ble\lib\cy_ble_stack_gcc_host_ipc_cm4.a(att_api.o)
                              Generated_Source\PSoC6\pdl\middleware\ble\lib\cy_ble_stack_gcc_host_ipc_cm4.a(host_main.o) (BT_att_register)
Generated_Source\PSoC6\pdl\middleware\ble\lib\cy_ble_stack_gcc_host_ipc_cm4.a(att_init.o)
                              Generated_Source\PSoC6\pdl\middleware\ble\lib\cy_ble_stack_gcc_host_ipc_cm4.a(att_api.o) (att_connections)
Generated_Source\PSoC6\pdl\middleware\ble\lib\cy_ble_stack_gcc_host_ipc_cm4.a(att_internal.o)
                              Generated_Source\PSoC6\pdl\middleware\ble\lib\cy_ble_stack_gcc_host_ipc_cm4.a(att_api.o) (att_get_fsm_event)
Generated_Source\PSoC6\pdl\middleware\ble\lib\cy_ble_stack_gcc_host_ipc_cm4.a(BT_common.o)
                              Generated_Source\PSoC6\pdl\middleware\ble\lib\cy_ble_stack_gcc_host_ipc_cm4.a(host_main.o) (BT_bluetooth_off)
Generated_Source\PSoC6\pdl\middleware\ble\lib\cy_ble_stack_gcc_host_ipc_cm4.a(device_queue.o)
                              Generated_Source\PSoC6\pdl\middleware\ble\lib\cy_ble_stack_gcc_host_ipc_cm4.a(host_main.o) (CyBle_DeviceQueueHeapDeInit)
Generated_Source\PSoC6\pdl\middleware\ble\lib\cy_ble_stack_gcc_host_ipc_cm4.a(l2cap.o)
                              Generated_Source\PSoC6\pdl\middleware\ble\lib\cy_ble_stack_gcc_host_ipc_cm4.a(host_main.o) (CyBle_L2capCB)
Generated_Source\PSoC6\pdl\middleware\ble\lib\cy_ble_stack_gcc_host_ipc_cm4.a(l2cap_disconnect.o)
                              Generated_Source\PSoC6\pdl\middleware\ble\lib\cy_ble_stack_gcc_host_ipc_cm4.a(l2cap.o) (l2ca_disconnect_req)
Generated_Source\PSoC6\pdl\middleware\ble\lib\cy_ble_stack_gcc_host_ipc_cm4.a(l2cap_init.o)
                              Generated_Source\PSoC6\pdl\middleware\ble\lib\cy_ble_stack_gcc_host_ipc_cm4.a(l2cap_disconnect.o) (l2cap_fixed_channel)
Generated_Source\PSoC6\pdl\middleware\ble\lib\cy_ble_stack_gcc_host_ipc_cm4.a(l2cap_utils.o)
                              Generated_Source\PSoC6\pdl\middleware\ble\lib\cy_ble_stack_gcc_host_ipc_cm4.a(l2cap_disconnect.o) (l2cap_buffer_dequeue)
Generated_Source\PSoC6\pdl\middleware\ble\lib\cy_ble_stack_gcc_host_ipc_cm4.a(l2cap_lmp.o)
[...]
Memory Configuration

Name             Origin             Length             Attributes
ram              0x08024000         0x00023800         xrw
flash            0x10080000         0x00080000         xr
em_eeprom        0x14000000         0x00008000         xr
sflash_user_data 0x16000800         0x00000800         xr
sflash_nar       0x16001a00         0x00000200         xr
sflash_public_key 0x16005a00         0x00000c00         xr
sflash_toc_2     0x16007c00         0x00000200         xr
sflash_rtoc_2    0x16007e00         0x00000200         xr
xip              0x18000000         0x08000000         xr
efuse            0x90700000         0x00100000         r
*default*        0x00000000         0xffffffff

Linker script and memory map

LOAD c:/program files (x86)/cypress/psoc creator/4.2/psoc creator/import/gnu/arm/5.4.1/bin/../lib/gcc/arm-none-eabi/5.4.1/armv7e-m/softfp/crti.o
LOAD c:/program files (x86)/cypress/psoc creator/4.2/psoc creator/import/gnu/arm/5.4.1/bin/../lib/gcc/arm-none-eabi/5.4.1/armv7e-m/softfp/crtbegin.o
LOAD c:/program files (x86)/cypress/psoc creator/4.2/psoc creator/import/gnu/arm/5.4.1/bin/../lib/gcc/arm-none-eabi/5.4.1/../../../../arm-none-eabi/lib/armv7e-m/softfp/crt0.o
START GROUP
LOAD Generated_Source\PSoC6\pdl\middleware\ble\lib\cy_ble_stack_gcc_host_ipc_cm4.a
LOAD .\CortexM4\ARM_GCC_541\Debug\startup_psoc63_cm4.o
LOAD .\CortexM4\ARM_GCC_541\Debug\ble_task.o
LOAD .\CortexM4\ARM_GCC_541\Debug\status_led_task.o
LOAD .\CortexM4\ARM_GCC_541\Debug\debug.o
LOAD .\CortexM4\ARM_GCC_541\Debug\main_cm4.o
LOAD .\CortexM4\ARM_GCC_541\Debug\system_psoc63_cm4.o
LOAD .\CortexM4\ARM_GCC_541\Debug\ias.o
LOAD .\CortexM4\ARM_GCC_541\Debug\cy_ipc_config.o
LOAD .\CortexM4\ARM_GCC_541\Debug\cyfitter_sysint_cfg.o
LOAD .\CortexM4\ARM_GCC_541\Debug\cymetadata.o
LOAD .\CortexM4\ARM_GCC_541\Debug\cy_sysint.o
LOAD .\CortexM4\ARM_GCC_541\Debug\cy_ipc_drv.o
LOAD .\CortexM4\ARM_GCC_541\Debug\cy_ipc_sema.o
LOAD .\CortexM4\ARM_GCC_541\Debug\cy_ipc_pipe.o
LOAD .\CortexM4\ARM_GCC_541\Debug\cy_sysclk.o
LOAD .\CortexM4\ARM_GCC_541\Debug\cy_wdt.o
LOAD .\CortexM4\ARM_GCC_541\Debug\cy_scb_common.o
LOAD .\CortexM4\ARM_GCC_541\Debug\cy_scb_i2c.o
LOAD .\CortexM4\ARM_GCC_541\Debug\cy_scb_ezi2c.o
LOAD .\CortexM4\ARM_GCC_541\Debug\cy_scb_spi.o
LOAD .\CortexM4\ARM_GCC_541\Debug\cy_scb_uart.o
LOAD .\CortexM4\ARM_GCC_541\Debug\cy_efuse.o
LOAD .\CortexM4\ARM_GCC_541\Debug\cy_flash.o
LOAD .\CortexM4\ARM_GCC_541\Debug\cy_gpio.o
LOAD .\CortexM4\ARM_GCC_541\Debug\cy_sysanalog.o
LOAD .\CortexM4\ARM_GCC_541\Debug\cy_syspm.o
LOAD .\CortexM4\ARM_GCC_541\Debug\cy_syslib.o
LOAD .\CortexM4\ARM_GCC_541\Debug\cy_syslib_gcc.o
LOAD .\CortexM4\ARM_GCC_541\Debug\cy_trigmux.o
LOAD .\CortexM4\ARM_GCC_541\Debug\cy_systick.o
LOAD .\CortexM4\ARM_GCC_541\Debug\cy_profile.o
LOAD .\CortexM4\ARM_GCC_541\Debug\cy_prot.o
LOAD .\CortexM4\ARM_GCC_541\Debug\cy_lvd.o
LOAD .\CortexM4\ARM_GCC_541\Debug\cy_ble.o
LOAD .\CortexM4\ARM_GCC_541\Debug\cy_ble_hal_int.o
LOAD .\CortexM4\ARM_GCC_541\Debug\cy_ble_hal_pvt.o
LOAD .\CortexM4\ARM_GCC_541\Debug\cy_ble_gap.o
LOAD .\CortexM4\ARM_GCC_541\Debug\cy_ble_gatt.o
LOAD .\CortexM4\ARM_GCC_541\Debug\cy_ble_event_handler.o
LOAD .\CortexM4\ARM_GCC_541\Debug\cy_ble_ancs.o
LOAD .\CortexM4\ARM_GCC_541\Debug\cy_ble_ans.o
LOAD .\CortexM4\ARM_GCC_541\Debug\cy_ble_aios.o
LOAD .\CortexM4\ARM_GCC_541\Debug\cy_ble_bas.o
LOAD .\CortexM4\ARM_GCC_541\Debug\cy_ble_bcs.o
LOAD .\CortexM4\ARM_GCC_541\Debug\cy_ble_bls.o
LOAD .\CortexM4\ARM_GCC_541\Debug\cy_ble_bms.o
LOAD .\CortexM4\ARM_GCC_541\Debug\cy_ble_bts.o
LOAD .\CortexM4\ARM_GCC_541\Debug\cy_ble_cgms.o
LOAD .\CortexM4\ARM_GCC_541\Debug\cy_ble_cps.o
LOAD .\CortexM4\ARM_GCC_541\Debug\cy_ble_cscs.o
LOAD .\CortexM4\ARM_GCC_541\Debug\cy_ble_cts.o
LOAD .\CortexM4\ARM_GCC_541\Debug\cy_ble_custom.o
LOAD .\CortexM4\ARM_GCC_541\Debug\cy_ble_dis.o
LOAD .\CortexM4\ARM_GCC_541\Debug\cy_ble_ess.o
LOAD .\CortexM4\ARM_GCC_541\Debug\cy_ble_gls.o
LOAD .\CortexM4\ARM_GCC_541\Debug\cy_ble_hids.o
LOAD .\CortexM4\ARM_GCC_541\Debug\cy_ble_hps.o
LOAD .\CortexM4\ARM_GCC_541\Debug\cy_ble_hrs.o
LOAD .\CortexM4\ARM_GCC_541\Debug\cy_ble_hts.o
LOAD .\CortexM4\ARM_GCC_541\Debug\cy_ble_ias.o
LOAD .\CortexM4\ARM_GCC_541\Debug\cy_ble_ips.o
LOAD .\CortexM4\ARM_GCC_541\Debug\cy_ble_lls.o
LOAD .\CortexM4\ARM_GCC_541\Debug\cy_ble_lns.o
LOAD .\CortexM4\ARM_GCC_541\Debug\cy_ble_ndcs.o
LOAD .\CortexM4\ARM_GCC_541\Debug\cy_ble_plxs.o
LOAD .\CortexM4\ARM_GCC_541\Debug\cy_ble_pass.o
LOAD .\CortexM4\ARM_GCC_541\Debug\cy_ble_rscs.o
LOAD .\CortexM4\ARM_GCC_541\Debug\cy_ble_rtus.o
LOAD .\CortexM4\ARM_GCC_541\Debug\cy_ble_scps.o
LOAD .\CortexM4\ARM_GCC_541\Debug\cy_ble_tps.o
LOAD .\CortexM4\ARM_GCC_541\Debug\cy_ble_uds.o
LOAD .\CortexM4\ARM_GCC_541\Debug\cy_ble_wpts.o
LOAD .\CortexM4\ARM_GCC_541\Debug\cy_ble_wss.o
LOAD .\CortexM4\ARM_GCC_541\Debug\cy_ble_clk.o
LOAD .\CortexM4\ARM_GCC_541\Debug\croutine.o
LOAD .\CortexM4\ARM_GCC_541\Debug\event_groups.o
LOAD .\CortexM4\ARM_GCC_541\Debug\list.o
LOAD .\CortexM4\ARM_GCC_541\Debug\queue.o
LOAD .\CortexM4\ARM_GCC_541\Debug\tasks.o
LOAD .\CortexM4\ARM_GCC_541\Debug\timers.o
LOAD .\CortexM4\ARM_GCC_541\Debug\stream_buffer.o
LOAD .\CortexM4\ARM_GCC_541\Debug\port.o
LOAD .\CortexM4\ARM_GCC_541\Debug\heap_1.o
LOAD .\CortexM4\ARM_GCC_541\Debug\BLE.o
LOAD .\CortexM4\ARM_GCC_541\Debug\BLE_config.o
LOAD .\CortexM4\ARM_GCC_541\Debug\BLE_ias_config.o
LOAD .\CortexM4\ARM_GCC_541\Debug\UART_DEBUG.o
END GROUP
START GROUP
LOAD c:/program files (x86)/cypress/psoc creator/4.2/psoc creator/import/gnu/arm/5.4.1/bin/../lib/gcc/arm-none-eabi/5.4.1/armv7e-m/softfp\libgcc.a
LOAD c:/program files (x86)/cypress/psoc creator/4.2/psoc creator/import/gnu/arm/5.4.1/bin/../lib/gcc/arm-none-eabi/5.4.1/../../../../arm-none-eabi/lib/armv7e-m/softfp\libg_nano.a
LOAD c:/program files (x86)/cypress/psoc creator/4.2/psoc creator/import/gnu/arm/5.4.1/bin/../lib/gcc/arm-none-eabi/5.4.1/../../../../arm-none-eabi/lib/armv7e-m/softfp\libc_nano.a
END GROUP
START GROUP
LOAD c:/program files (x86)/cypress/psoc creator/4.2/psoc creator/import/gnu/arm/5.4.1/bin/../lib/gcc/arm-none-eabi/5.4.1/armv7e-m/softfp\libgcc.a
LOAD c:/program files (x86)/cypress/psoc creator/4.2/psoc creator/import/gnu/arm/5.4.1/bin/../lib/gcc/arm-none-eabi/5.4.1/../../../../arm-none-eabi/lib/armv7e-m/softfp\libc_nano.a
END GROUP
LOAD c:/program files (x86)/cypress/psoc creator/4.2/psoc creator/import/gnu/arm/5.4.1/bin/../lib/gcc/arm-none-eabi/5.4.1/armv7e-m/softfp/crtend.o
LOAD c:/program files (x86)/cypress/psoc creator/4.2/psoc creator/import/gnu/arm/5.4.1/bin/../lib/gcc/arm-none-eabi/5.4.1/armv7e-m/softfp/crtn.o
START GROUP
LOAD c:/program files (x86)/cypress/psoc creator/4.2/psoc creator/import/gnu/arm/5.4.1/bin/../lib/gcc/arm-none-eabi/5.4.1/armv7e-m/softfp\libgcc.a
LOAD c:/program files (x86)/cypress/psoc creator/4.2/psoc creator/import/gnu/arm/5.4.1/bin/../lib/gcc/arm-none-eabi/5.4.1/../../../../arm-none-eabi/lib/armv7e-m/softfp\libc.a
LOAD c:/program files (x86)/cypress/psoc creator/4.2/psoc creator/import/gnu/arm/5.4.1/bin/../lib/gcc/arm-none-eabi/5.4.1/../../../../arm-none-eabi/lib/armv7e-m/softfp\libnosys.a
END GROUP
START GROUP
LOAD c:/program files (x86)/cypress/psoc creator/4.2/psoc creator/import/gnu/arm/5.4.1/bin/../lib/gcc/arm-none-eabi/5.4.1/armv7e-m/softfp\libgcc.a
LOAD c:/program files (x86)/cypress/psoc creator/4.2/psoc creator/import/gnu/arm/5.4.1/bin/../lib/gcc/arm-none-eabi/5.4.1/../../../../arm-none-eabi/lib/armv7e-m/softfp\libc.a
LOAD c:/program files (x86)/cypress/psoc creator/4.2/psoc creator/import/gnu/arm/5.4.1/bin/../lib/gcc/arm-none-eabi/5.4.1/../../../../arm-none-eabi/lib/armv7e-m/softfp\libm.a
LOAD c:/program files (x86)/cypress/psoc creator/4.2/psoc creator/import/gnu/arm/5.4.1/bin/../lib/gcc/arm-none-eabi/5.4.1/../../../../arm-none-eabi/lib/armv7e-m/softfp\libnosys.a
END GROUP

.text           0x10080000     0x5620
                0x10080000                . = ALIGN (0x4)
                0x10080000                __Vectors = .
 *(.vectors)
 .vectors       0x10080000      0x28c .\CortexM4\ARM_GCC_541\Debug\startup_psoc63_cm4.o
                0x1008028c                . = ALIGN (0x4)
                0x1008028c                __Vectors_End = .
                0x0000028c                __Vectors_Size = (__Vectors_End - __Vectors)
                0x1008028c                __end__ = .
                0x1008028c                . = ALIGN (0x4)
 *(.text*)
 .text          0x1008028c       0x5c c:/program files (x86)/cypress/psoc creator/4.2/psoc creator/import/gnu/arm/5.4.1/bin/../lib/gcc/arm-none-eabi/5.4.1/armv7e-m/softfp/crtbegin.o
 .text          0x100802e8       0x94 .\CortexM4\ARM_GCC_541\Debug\startup_psoc63_cm4.o
                0x100802e8                Cy_OnResetUser
                0x100802ea                Cy_SaveIRQ
                0x100802f2                Cy_RestoreIRQ
                0x100802f8                Reset_Handler
                0x1008035c                tcpwm_1_interrupts_11_IRQHandler
                0x1008035c                cpuss_interrupts_ipc_0_IRQHandler
                0x1008035c                tcpwm_1_interrupts_15_IRQHandler
                0x1008035c                ioss_interrupts_gpio_13_IRQHandler
                0x1008035c                tcpwm_1_interrupts_13_IRQHandler
                0x1008035c                cpuss_interrupts_dw1_8_IRQHandler
                0x1008035c                tcpwm_0_interrupts_0_IRQHandler
                0x1008035c                cpuss_interrupt_fm_IRQHandler
                0x1008035c                cpuss_interrupts_ipc_7_IRQHandler
                0x1008035c                tcpwm_1_interrupts_14_IRQHandler
                0x1008035c                cpuss_interrupts_dw0_11_IRQHandler
                0x1008035c                tcpwm_1_interrupts_9_IRQHandler
                0x1008035c                cpuss_interrupts_cm0_cti_1_IRQHandler
                0x1008035c                tcpwm_1_interrupts_22_IRQHandler
                0x1008035c                cpuss_interrupts_dw0_4_IRQHandler
                0x1008035c                NMI_Handler
                0x1008035c                cpuss_interrupts_dw1_12_IRQHandler
                0x1008035c                tcpwm_1_interrupts_12_IRQHandler
                0x1008035c                smif_interrupt_IRQHandler
                0x1008035c                tcpwm_1_interrupts_2_IRQHandler
                0x1008035c                cpuss_interrupts_ipc_13_IRQHandler
                0x1008035c                udb_interrupts_11_IRQHandler
                0x1008035c                tcpwm_1_interrupts_18_IRQHandler
                0x1008035c                cpuss_interrupts_ipc_6_IRQHandler
                0x1008035c                tcpwm_0_interrupts_2_IRQHandler
                0x1008035c                cpuss_interrupts_dw0_13_IRQHandler
                0x1008035c                udb_interrupts_2_IRQHandler
                0x1008035c                cpuss_interrupts_dw1_7_IRQHandler
                0x1008035c                ioss_interrupts_gpio_1_IRQHandler
                0x1008035c                ioss_interrupts_gpio_7_IRQHandler
                0x1008035c                scb_5_interrupt_IRQHandler
                0x1008035c                udb_interrupts_6_IRQHandler
                0x1008035c                cpuss_interrupts_fault_1_IRQHandler
                0x1008035c                cpuss_interrupts_ipc_4_IRQHandler
                0x1008035c                cpuss_interrupts_ipc_5_IRQHandler
                0x1008035c                cpuss_interrupts_dw1_10_IRQHandler
                0x1008035c                udb_interrupts_0_IRQHandler
                0x1008035c                tcpwm_1_interrupts_6_IRQHandler
                0x1008035c                scb_4_interrupt_IRQHandler
                0x1008035c                pass_interrupt_dacs_IRQHandler
                0x1008035c                ioss_interrupts_gpio_2_IRQHandler
                0x1008035c                cpuss_interrupts_dw1_9_IRQHandler
                0x1008035c                cpuss_interrupts_dw1_13_IRQHandler
                0x1008035c                scb_2_interrupt_IRQHandler
                0x1008035c                cpuss_interrupts_cm0_cti_0_IRQHandler
                0x1008035c                udb_interrupts_5_IRQHandler
                0x1008035c                srss_interrupt_IRQHandler
                0x1008035c                udb_interrupts_12_IRQHandler
                0x1008035c                scb_0_interrupt_IRQHandler
                0x1008035c                csd_interrupt_IRQHandler
                0x1008035c                udb_interrupts_1_IRQHandler
                0x1008035c                profile_interrupt_IRQHandler
                0x1008035c                tcpwm_1_interrupts_1_IRQHandler
                0x1008035c                cpuss_interrupts_ipc_12_IRQHandler
                0x1008035c                tcpwm_1_interrupts_3_IRQHandler
                0x1008035c                tcpwm_0_interrupts_7_IRQHandler
                0x1008035c                cpuss_interrupts_dw1_1_IRQHandler
                0x1008035c                cpuss_interrupts_dw1_0_IRQHandler
                0x1008035c                cpuss_interrupts_dw0_9_IRQHandler
                0x1008035c                DebugMon_Handler
                0x1008035c                tcpwm_1_interrupts_23_IRQHandler
                0x1008035c                cpuss_interrupts_dw0_5_IRQHandler
                0x1008035c                tcpwm_1_interrupts_20_IRQHandler
                0x1008035c                ioss_interrupt_gpio_IRQHandler
                0x1008035c                tcpwm_0_interrupts_1_IRQHandler
                0x1008035c                ioss_interrupts_gpio_8_IRQHandler
                0x1008035c                tcpwm_0_interrupts_6_IRQHandler
                0x1008035c                scb_7_interrupt_IRQHandler
                0x1008035c                tcpwm_1_interrupts_7_IRQHandler
                0x1008035c                cpuss_interrupts_ipc_11_IRQHandler
                0x1008035c                udb_interrupts_13_IRQHandler
                0x1008035c                cpuss_interrupts_dw0_15_IRQHandler
                0x1008035c                udb_interrupts_7_IRQHandler
                0x1008035c                cpuss_interrupts_dw1_6_IRQHandler
                0x1008035c                cpuss_interrupt_crypto_IRQHandler
                0x1008035c                scb_1_interrupt_IRQHandler
                0x1008035c                Default_Handler
                0x1008035c                usb_interrupt_hi_IRQHandler
                0x1008035c                tcpwm_1_interrupts_0_IRQHandler
                0x1008035c                udb_interrupts_9_IRQHandler
                0x1008035c                audioss_interrupt_pdm_IRQHandler
                0x1008035c                srss_interrupt_mcwdt_0_IRQHandler
                0x1008035c                scb_3_interrupt_IRQHandler
                0x1008035c                pass_interrupt_ctbs_IRQHandler
                0x1008035c                udb_interrupts_8_IRQHandler
                0x1008035c                ioss_interrupts_gpio_3_IRQHandler
                0x1008035c                scb_6_interrupt_IRQHandler
                0x1008035c                cpuss_interrupts_cm4_cti_0_IRQHandler
                0x1008035c                cpuss_interrupts_dw1_3_IRQHandler
                0x1008035c                pass_interrupt_sar_IRQHandler
                0x1008035c                ioss_interrupts_gpio_0_IRQHandler
                0x1008035c                ioss_interrupts_gpio_14_IRQHandler
                0x1008035c                tcpwm_0_interrupts_4_IRQHandler
                0x1008035c                udb_interrupts_3_IRQHandler
                0x1008035c                tcpwm_0_interrupts_5_IRQHandler
                0x1008035c                cpuss_interrupts_ipc_15_IRQHandler
                0x1008035c                cpuss_interrupts_cm4_cti_1_IRQHandler
                0x1008035c                scb_8_interrupt_IRQHandler
                0x1008035c                srss_interrupt_mcwdt_1_IRQHandler
                0x1008035c                cpuss_interrupts_dw1_2_IRQHandler
                0x1008035c                cpuss_interrupts_dw1_5_IRQHandler
                0x1008035c                cpuss_interrupts_ipc_1_IRQHandler
                0x1008035c                cpuss_interrupts_dw0_0_IRQHandler
                0x1008035c                ioss_interrupts_gpio_12_IRQHandler
                0x1008035c                cpuss_interrupts_ipc_3_IRQHandler
                0x1008035c                tcpwm_1_interrupts_17_IRQHandler
                0x1008035c                srss_interrupt_backup_IRQHandler
                0x1008035c                bless_interrupt_IRQHandler
                0x1008035c                cpuss_interrupts_ipc_10_IRQHandler
                0x1008035c                cpuss_interrupts_ipc_9_IRQHandler
                0x1008035c                cpuss_interrupts_dw0_14_IRQHandler
                0x1008035c                tcpwm_1_interrupts_4_IRQHandler
                0x1008035c                tcpwm_0_interrupts_3_IRQHandler
                0x1008035c                cpuss_interrupts_dw1_15_IRQHandler
                0x1008035c                ioss_interrupts_gpio_10_IRQHandler
                0x1008035c                udb_interrupts_10_IRQHandler
                0x1008035c                cpuss_interrupts_dw0_8_IRQHandler
                0x1008035c                ioss_interrupts_gpio_11_IRQHandler
                0x1008035c                cpuss_interrupts_ipc_14_IRQHandler
                0x1008035c                ioss_interrupts_gpio_5_IRQHandler
                0x1008035c                ioss_interrupts_gpio_4_IRQHandler
                0x1008035c                tcpwm_1_interrupts_8_IRQHandler
                0x1008035c                cpuss_interrupts_dw1_14_IRQHandler
                0x1008035c                usb_interrupt_med_IRQHandler
                0x1008035c                cpuss_interrupts_dw0_2_IRQHandler
                0x1008035c                udb_interrupts_4_IRQHandler
                0x1008035c                tcpwm_1_interrupts_10_IRQHandler
                0x1008035c                cpuss_interrupts_fault_0_IRQHandler
                0x1008035c                cpuss_interrupts_dw0_12_IRQHandler
                0x1008035c                ioss_interrupts_gpio_6_IRQHandler
                0x1008035c                tcpwm_1_interrupts_21_IRQHandler
                0x1008035c                tcpwm_1_interrupts_16_IRQHandler
                0x1008035c                cpuss_interrupts_dw1_4_IRQHandler
                0x1008035c                udb_interrupts_15_IRQHandler
                0x1008035c                cpuss_interrupts_dw1_11_IRQHandler
                0x1008035c                cpuss_interrupts_dw0_6_IRQHandler
                0x1008035c                ioss_interrupt_vdd_IRQHandler
                0x1008035c                cpuss_interrupts_dw0_7_IRQHandler
                0x1008035c                audioss_interrupt_i2s_IRQHandler
                0x1008035c                tcpwm_1_interrupts_5_IRQHandler
                0x1008035c                cpuss_interrupts_ipc_2_IRQHandler
                0x1008035c                cpuss_interrupts_dw0_10_IRQHandler
                0x1008035c                tcpwm_1_interrupts_19_IRQHandler
                0x1008035c                cpuss_interrupts_dw0_1_IRQHandler
                0x1008035c                lpcomp_interrupt_IRQHandler
                0x1008035c                ioss_interrupts_gpio_9_IRQHandler
                0x1008035c                usb_interrupt_lo_IRQHandler
                0x1008035c                cpuss_interrupts_ipc_8_IRQHandler
                0x1008035c                udb_interrupts_14_IRQHandler
                0x1008035c                cpuss_interrupts_dw0_3_IRQHandler
                0x10080360                UsageFault_Handler
                0x10080360                HardFault_Handler
                0x10080360                MemManage_Handler
                0x10080360                BusFault_Handler
 .text.AppCallBack
                0x1008037c      0x1e8 .\CortexM4\ARM_GCC_541\Debug\ble_task.o
                0x1008037c                AppCallBack
 .text.Task_Ble
                0x10080564       0x3c .\CortexM4\ARM_GCC_541\Debug\ble_task.o
                0x10080564                Task_Ble
 .text.StatusLedGreenTimerCallback
                0x100805a0        0xc .\CortexM4\ARM_GCC_541\Debug\status_led_task.o
 .text.Task_StatusLed
                0x100805ac       0xa4 .\CortexM4\ARM_GCC_541\Debug\status_led_task.o
                0x100805ac                Task_StatusLed
 .text._write   0x10080650       0x28 .\CortexM4\ARM_GCC_541\Debug\debug.o
                0x10080650                _write
 .text.main     0x10080678       0xa8 .\CortexM4\ARM_GCC_541\Debug\main_cm4.o
                0x10080678                main
 .text.Cy_SystemInit
                0x10080720        0x4 .\CortexM4\ARM_GCC_541\Debug\system_psoc63_cm4.o
                0x10080720                Cy_SystemInit
 .text.SystemCoreClockUpdate
                0x10080724      0x190 .\CortexM4\ARM_GCC_541\Debug\system_psoc63_cm4.o
                0x10080724                SystemCoreClockUpdate
 .text.SystemInit
                0x100808b4       0x48 .\CortexM4\ARM_GCC_541\Debug\system_psoc63_cm4.o
                0x100808b4                SystemInit
 .text.Cy_SystemInitFpuEnable
                0x100808fc       0x28 .\CortexM4\ARM_GCC_541\Debug\system_psoc63_cm4.o
                0x100808fc                Cy_SystemInitFpuEnable
 .text.IasEventHandler
                0x10080924       0x3c .\CortexM4\ARM_GCC_541\Debug\ias.o
                0x10080924                IasEventHandler
 .text.IasInit  0x10080960       0x10 .\CortexM4\ARM_GCC_541\Debug\ias.o
                0x10080960                IasInit
 .text.IasSetAlertLevel
                0x10080970        0xc .\CortexM4\ARM_GCC_541\Debug\ias.o
                0x10080970                IasSetAlertLevel
 .text.Cy_IPC_SystemPipeIsr
                0x1008097c        0xc .\CortexM4\ARM_GCC_541\Debug\cy_ipc_config.o
 .text.Cy_IPC_SystemSemaInit
                0x10080988       0x10 .\CortexM4\ARM_GCC_541\Debug\cy_ipc_config.o
                0x10080988                Cy_IPC_SystemSemaInit
 .text.Cy_IPC_SystemPipeInit
                0x10080998       0x24 .\CortexM4\ARM_GCC_541\Debug\cy_ipc_config.o
                0x10080998                Cy_IPC_SystemPipeInit
 .text.Cy_SysInt_SetVector
                0x100809bc       0x44 .\CortexM4\ARM_GCC_541\Debug\cy_sysint.o
                0x100809bc                Cy_SysInt_SetVector
 .text.Cy_SysInt_Init
                0x10080a00       0x7c .\CortexM4\ARM_GCC_541\Debug\cy_sysint.o
                0x10080a00                Cy_SysInt_Init
 .text.Cy_IPC_Drv_LockRelease
                0x10080a7c       0x30 .\CortexM4\ARM_GCC_541\Debug\cy_ipc_drv.o
                0x10080a7c                Cy_IPC_Drv_LockRelease
 .text.Cy_IPC_Drv_SendMsgWord
                0x10080aac       0x3c .\CortexM4\ARM_GCC_541\Debug\cy_ipc_drv.o
                0x10080aac                Cy_IPC_Drv_SendMsgWord
 .text.Cy_IPC_Drv_ReadMsgWord
                0x10080ae8       0x2c .\CortexM4\ARM_GCC_541\Debug\cy_ipc_drv.o
                0x10080ae8                Cy_IPC_Drv_ReadMsgWord
 .text.Cy_IPC_Sema_Init
                0x10080b14       0xb0 .\CortexM4\ARM_GCC_541\Debug\cy_ipc_sema.o
                0x10080b14                Cy_IPC_Sema_Init
 .text.Cy_IPC_Sema_Clear
                0x10080bc4       0x88 .\CortexM4\ARM_GCC_541\Debug\cy_ipc_sema.o
                0x10080bc4                Cy_IPC_Sema_Clear
 .text.Cy_IPC_Sema_Status
                0x10080c4c       0x40 .\CortexM4\ARM_GCC_541\Debug\cy_ipc_sema.o
                0x10080c4c                Cy_IPC_Sema_Status
 .text.Cy_IPC_Pipe_Config
                0x10080c8c       0x10 .\CortexM4\ARM_GCC_541\Debug\cy_ipc_pipe.o
                0x10080c8c                Cy_IPC_Pipe_Config
 .text.Cy_IPC_Pipe_EndpointInit
                0x10080c9c       0xc8 .\CortexM4\ARM_GCC_541\Debug\cy_ipc_pipe.o
                0x10080c9c                Cy_IPC_Pipe_EndpointInit
 .text.Cy_IPC_Pipe_Init
                0x10080d64       0xc4 .\CortexM4\ARM_GCC_541\Debug\cy_ipc_pipe.o
                0x10080d64                Cy_IPC_Pipe_Init
 .text.Cy_IPC_Pipe_SendMessage
                0x10080e28       0xc0 .\CortexM4\ARM_GCC_541\Debug\cy_ipc_pipe.o
                0x10080e28                Cy_IPC_Pipe_SendMessage
 .text.Cy_IPC_Pipe_RegisterCallback
                0x10080ee8       0x60 .\CortexM4\ARM_GCC_541\Debug\cy_ipc_pipe.o
                0x10080ee8                Cy_IPC_Pipe_RegisterCallback
 .text.Cy_IPC_Pipe_RegisterCallbackRel
                0x10080f48       0x3c .\CortexM4\ARM_GCC_541\Debug\cy_ipc_pipe.o
                0x10080f48                Cy_IPC_Pipe_RegisterCallbackRel
 .text.Cy_IPC_Pipe_ExecCallback
                0x10080f84       0xb0 .\CortexM4\ARM_GCC_541\Debug\cy_ipc_pipe.o
                0x10080f84                Cy_IPC_Pipe_ExecCallback
 .text.Cy_IPC_Pipe_ExecuteCallback
                0x10081034       0x3c .\CortexM4\ARM_GCC_541\Debug\cy_ipc_pipe.o
                0x10081034                Cy_IPC_Pipe_ExecuteCallback
 .text.Cy_IPC_Pipe_EndpointPause
                0x10081070       0x60 .\CortexM4\ARM_GCC_541\Debug\cy_ipc_pipe.o
                0x10081070                Cy_IPC_Pipe_EndpointPause
 .text.Cy_IPC_Pipe_EndpointResume
                0x100810d0       0x58 .\CortexM4\ARM_GCC_541\Debug\cy_ipc_pipe.o
                0x100810d0                Cy_IPC_Pipe_EndpointResume
 .text.Cy_SCB_Write
                0x10081128       0x28 .\CortexM4\ARM_GCC_541\Debug\cy_scb_common.o
                0x10081128                Cy_SCB_Write
 .text.Cy_SCB_UART_Init
                0x10081150      0x370 .\CortexM4\ARM_GCC_541\Debug\cy_scb_uart.o
                0x10081150                Cy_SCB_UART_Init
 .text.Cy_Flash_ProcessOpcode
                0x100814c0       0xac .\CortexM4\ARM_GCC_541\Debug\cy_flash.o
 .text.Cy_Flash_OperationStatus
                0x1008156c       0x44 .\CortexM4\ARM_GCC_541\Debug\cy_flash.o
 .text.Cy_Flash_Init
                0x100815b0       0x4c .\CortexM4\ARM_GCC_541\Debug\cy_flash.o
                0x100815b0                Cy_Flash_Init
 .text.Cy_SysPm_RegisterCallback
                0x100815fc       0x70 .\CortexM4\ARM_GCC_541\Debug\cy_syspm.o
                0x100815fc                Cy_SysPm_RegisterCallback
 .text.Cy_SysPm_UnregisterCallback
                0x1008166c       0x60 .\CortexM4\ARM_GCC_541\Debug\cy_syspm.o
                0x1008166c                Cy_SysPm_UnregisterCallback
 .text.Cy_SysPm_ExecuteCallback
                0x100816cc       0xc0 .\CortexM4\ARM_GCC_541\Debug\cy_syspm.o
                0x100816cc                Cy_SysPm_ExecuteCallback
 .text.Cy_SysPm_IoFreeze
                0x1008178c       0x34 .\CortexM4\ARM_GCC_541\Debug\cy_syspm.o
                0x1008178c                Cy_SysPm_IoFreeze
 .text.Cy_SysPm_Hibernate
                0x100817c0       0x6c .\CortexM4\ARM_GCC_541\Debug\cy_syspm.o
                0x100817c0                Cy_SysPm_Hibernate
 .text.Cy_SysLib_Delay
                0x1008182c       0x30 .\CortexM4\ARM_GCC_541\Debug\cy_syslib.o
                0x1008182c                Cy_SysLib_Delay
 .text.Cy_SysLib_Halt
                0x1008185c        0x4 .\CortexM4\ARM_GCC_541\Debug\cy_syslib.o
                0x1008185c                Cy_SysLib_Halt
 .text.Cy_SysLib_AssertFailed
                0x10081860       0x1c .\CortexM4\ARM_GCC_541\Debug\cy_syslib.o
                0x10081860                Cy_SysLib_AssertFailed
 .text.Cy_SysLib_ProcessingFault
                0x1008187c        0x4 .\CortexM4\ARM_GCC_541\Debug\cy_syslib.o
                0x1008187c                Cy_SysLib_ProcessingFault
 .text.Cy_SysLib_FaultHandler
                0x10081880       0xa4 .\CortexM4\ARM_GCC_541\Debug\cy_syslib.o
                0x10081880                Cy_SysLib_FaultHandler
 *fill*         0x10081924        0x4 
 .text          0x10081928       0x20 .\CortexM4\ARM_GCC_541\Debug\cy_syslib_gcc.o
                0x10081928                Cy_SysLib_DelayCycles
                0x1008193a                Cy_SysLib_EnterCriticalSection
                0x10081942                Cy_SysLib_ExitCriticalSection
 .text.Cy_BLE_DeepSleepCallback
                0x10081948       0x8c .\CortexM4\ARM_GCC_541\Debug\cy_ble.o
                0x10081948                Cy_BLE_DeepSleepCallback
 .text.Cy_BLE_SleepCallback
                0x100819d4       0x68 .\CortexM4\ARM_GCC_541\Debug\cy_ble.o
                0x100819d4                Cy_BLE_SleepCallback
 .text.Cy_BLE_UnregisterHostPMCallbacks
                0x10081a3c       0x18 .\CortexM4\ARM_GCC_541\Debug\cy_ble.o
                0x10081a3c                Cy_BLE_UnregisterHostPMCallbacks
 .text.Cy_BLE_Init
                0x10081a54       0x58 .\CortexM4\ARM_GCC_541\Debug\cy_ble.o
                0x10081a54                Cy_BLE_Init
 .text.Cy_BLE_Enable
                0x10081aac      0x100 .\CortexM4\ARM_GCC_541\Debug\cy_ble.o
                0x10081aac                Cy_BLE_Enable
 .text.Cy_BLE_Disable
                0x10081bac        0x8 .\CortexM4\ARM_GCC_541\Debug\cy_ble.o
                0x10081bac                Cy_BLE_Disable
 .text.Cy_BLE_IPC_HostMsgFlushRecvCallBack
                0x10081bb4       0x1c .\CortexM4\ARM_GCC_541\Debug\cy_ble_hal_pvt.o
 .text.Cy_BLE_IPC_HostMsgRecvCallBack
                0x10081bd0       0x1c .\CortexM4\ARM_GCC_541\Debug\cy_ble_hal_pvt.o
 .text.Cy_BLE_HAL_BlockCalcCRC8
                0x10081bec       0x34 .\CortexM4\ARM_GCC_541\Debug\cy_ble_hal_pvt.o
                0x10081bec                Cy_BLE_HAL_BlockCalcCRC8
 .text.Cy_BLE_HAL_CalcCRC8
                0x10081c20        0xc .\CortexM4\ARM_GCC_541\Debug\cy_ble_hal_pvt.o
                0x10081c20                Cy_BLE_HAL_CalcCRC8
 .text.Cy_BLE_HAL_EnterCriticalSection
                0x10081c2c        0x8 .\CortexM4\ARM_GCC_541\Debug\cy_ble_hal_pvt.o
                0x10081c2c                Cy_BLE_HAL_EnterCriticalSection
 .text.Cy_BLE_HAL_ExitCriticalSection
                0x10081c34        0x8 .\CortexM4\ARM_GCC_541\Debug\cy_ble_hal_pvt.o
                0x10081c34                Cy_BLE_HAL_ExitCriticalSection
 .text.Cy_BLE_Ipc_Cypipe_Isr_Enable
                0x10081c3c        0xc .\CortexM4\ARM_GCC_541\Debug\cy_ble_hal_pvt.o
                0x10081c3c                Cy_BLE_Ipc_Cypipe_Isr_Enable
 .text.Cy_BLE_HAL_EnableGlobalInterrupts
                0x10081c48        0x8 .\CortexM4\ARM_GCC_541\Debug\cy_ble_hal_pvt.o
                0x10081c48                Cy_BLE_HAL_EnableGlobalInterrupts
 .text.Cy_BLE_Ipc_Cypipe_Isr_Disable
                0x10081c50        0xc .\CortexM4\ARM_GCC_541\Debug\cy_ble_hal_pvt.o
                0x10081c50                Cy_BLE_Ipc_Cypipe_Isr_Disable
 .text.Cy_BLE_HAL_DisableGlobalInterrupts
                0x10081c5c        0x8 .\CortexM4\ARM_GCC_541\Debug\cy_ble_hal_pvt.o
                0x10081c5c                Cy_BLE_HAL_DisableGlobalInterrupts
 .text.Cy_BLE_IPC_HostRegisterClientCallbacks
                0x10081c64       0x34 .\CortexM4\ARM_GCC_541\Debug\cy_ble_hal_pvt.o
                0x10081c64                Cy_BLE_IPC_HostRegisterClientCallbacks
 .text.Cy_BLE_IPC_SendMessageToController
                0x10081c98       0x20 .\CortexM4\ARM_GCC_541\Debug\cy_ble_hal_pvt.o
                0x10081c98                Cy_BLE_IPC_SendMessageToController
 .text.Cy_BLE_HAL_EccHeapInit
                0x10081cb8        0x4 .\CortexM4\ARM_GCC_541\Debug\cy_ble_hal_pvt.o
                0x10081cb8                Cy_BLE_HAL_EccHeapInit
 .text.Cy_BLE_HAL_EccHeapDeInit
                0x10081cbc        0x4 .\CortexM4\ARM_GCC_541\Debug\cy_ble_hal_pvt.o
                0x10081cbc                Cy_BLE_HAL_EccHeapDeInit
 .text.Cy_BLE_HAL_EccGetFeatureHeapReq
                0x10081cc0        0x4 .\CortexM4\ARM_GCC_541\Debug\cy_ble_hal_pvt.o
                0x10081cc0                Cy_BLE_HAL_EccGetFeatureHeapReq
 .text.Cy_BLE_HAL_PairingLocalPublicKeyHandler
                0x10081cc4        0x8 .\CortexM4\ARM_GCC_541\Debug\cy_ble_hal_pvt.o
                0x10081cc4                Cy_BLE_HAL_PairingLocalPublicKeyHandler
 .text.Cy_BLE_HAL_PairingRemoteKeyHandler
                0x10081ccc        0x8 .\CortexM4\ARM_GCC_541\Debug\cy_ble_hal_pvt.o
                0x10081ccc                Cy_BLE_HAL_PairingRemoteKeyHandler
 .text.Cy_BLE_HAL_PairingDhkeyHandler
                0x10081cd4        0x8 .\CortexM4\ARM_GCC_541\Debug\cy_ble_hal_pvt.o
                0x10081cd4                Cy_BLE_HAL_PairingDhkeyHandler
 .text.Cy_BLE_HAL_PairingDhkeyCheckHandler
                0x10081cdc        0x8 .\CortexM4\ARM_GCC_541\Debug\cy_ble_hal_pvt.o
                0x10081cdc                Cy_BLE_HAL_PairingDhkeyCheckHandler
 .text.Cy_BLE_HAL_PairingKeypressNotificationHandler
                0x10081ce4        0x8 .\CortexM4\ARM_GCC_541\Debug\cy_ble_hal_pvt.o
                0x10081ce4                Cy_BLE_HAL_PairingKeypressNotificationHandler
 .text.Cy_BLE_HAL_PairingRandHandler
                0x10081cec        0x8 .\CortexM4\ARM_GCC_541\Debug\cy_ble_hal_pvt.o
                0x10081cec                Cy_BLE_HAL_PairingRandHandler
 .text.Cy_BLE_HAL_PairingConfirmHandler
                0x10081cf4        0x8 .\CortexM4\ARM_GCC_541\Debug\cy_ble_hal_pvt.o
                0x10081cf4                Cy_BLE_HAL_PairingConfirmHandler
 .text.Cy_BLE_HAL_PairingLrConfirmingHandler
                0x10081cfc        0x8 .\CortexM4\ARM_GCC_541\Debug\cy_ble_hal_pvt.o
                0x10081cfc                Cy_BLE_HAL_PairingLrConfirmingHandler
 .text.Cy_BLE_HAL_PairingScTbxLocalPubkeyGenerateComplete
                0x10081d04        0x8 .\CortexM4\ARM_GCC_541\Debug\cy_ble_hal_pvt.o
                0x10081d04                Cy_BLE_HAL_PairingScTbxLocalPubkeyGenerateComplete
 .text.Cy_BLE_HAL_PairingScTbxGenerateLocalP256PublicKey
                0x10081d0c        0x8 .\CortexM4\ARM_GCC_541\Debug\cy_ble_hal_pvt.o
                0x10081d0c                Cy_BLE_HAL_PairingScTbxGenerateLocalP256PublicKey
 .text.Cy_BLE_HAL_SeSmpScUserPasskeyHandler
                0x10081d14        0x8 .\CortexM4\ARM_GCC_541\Debug\cy_ble_hal_pvt.o
                0x10081d14                Cy_BLE_HAL_SeSmpScUserPasskeyHandler
 .text.Cy_BLE_HAL_EccPointMult
                0x10081d1c        0x4 .\CortexM4\ARM_GCC_541\Debug\cy_ble_hal_pvt.o
                0x10081d1c                Cy_BLE_HAL_EccPointMult
 .text.Cy_BLE_ServiceInit
                0x10081d20       0x10 .\CortexM4\ARM_GCC_541\Debug\cy_ble_gap.o
                0x10081d20                Cy_BLE_ServiceInit
 .text.Cy_BLE_GAPP_StartAdvertisement
                0x10081d30      0x120 .\CortexM4\ARM_GCC_541\Debug\cy_ble_gap.o
                0x10081d30                Cy_BLE_GAPP_StartAdvertisement
 .text.Cy_BLE_ChangeAdDeviceAddress
                0x10081e50       0x5c .\CortexM4\ARM_GCC_541\Debug\cy_ble_gap.o
                0x10081e50                Cy_BLE_ChangeAdDeviceAddress
 .text.Cy_BLE_GATTS_WriteAttributeValueCCCD
                0x10081eac       0x6c .\CortexM4\ARM_GCC_541\Debug\cy_ble_gatt.o
                0x10081eac                Cy_BLE_GATTS_WriteAttributeValueCCCD
 .text.Cy_BLE_GATTS_WriteEventHandler
                0x10081f18       0x84 .\CortexM4\ARM_GCC_541\Debug\cy_ble_gatt.o
                0x10081f18                Cy_BLE_GATTS_WriteEventHandler
 .text.Cy_BLE_GATTS_ReadAttributeValueCCCDReqHandler
                0x10081f9c       0x58 .\CortexM4\ARM_GCC_541\Debug\cy_ble_gatt.o
                0x10081f9c                Cy_BLE_GATTS_ReadAttributeValueCCCDReqHandler
 .text.Cy_BLE_SendWriteResponse
                0x10081ff4       0x44 .\CortexM4\ARM_GCC_541\Debug\cy_ble_event_handler.o
 .text.Cy_BLE_RegisterServiceEventHandler
                0x10082038       0x5c .\CortexM4\ARM_GCC_541\Debug\cy_ble_event_handler.o
                0x10082038                Cy_BLE_RegisterServiceEventHandler
 .text.Cy_BLE_InvokeServiceEventHandler
                0x10082094       0x38 .\CortexM4\ARM_GCC_541\Debug\cy_ble_event_handler.o
                0x10082094                Cy_BLE_InvokeServiceEventHandler
 .text.Cy_BLE_IsDeviceAddressValid
                0x100820cc       0x20 .\CortexM4\ARM_GCC_541\Debug\cy_ble_event_handler.o
                0x100820cc                Cy_BLE_IsDeviceAddressValid
 .text.Cy_BLE_EventHandler
                0x100820ec      0x6e0 .\CortexM4\ARM_GCC_541\Debug\cy_ble_event_handler.o
                0x100820ec                Cy_BLE_EventHandler
 .text.Cy_BLE_IASS_WriteCmdEventHandler
                0x100827cc       0x80 .\CortexM4\ARM_GCC_541\Debug\cy_ble_ias.o
 .text.Cy_BLE_IASS_DisconnectEventHandler
                0x1008284c       0x3c .\CortexM4\ARM_GCC_541\Debug\cy_ble_ias.o
 .text.Cy_BLE_IAS_EventHandler
                0x10082888       0x30 .\CortexM4\ARM_GCC_541\Debug\cy_ble_ias.o
 .text.Cy_BLE_IAS_Init
                0x100828b8       0x2c .\CortexM4\ARM_GCC_541\Debug\cy_ble_ias.o
                0x100828b8                Cy_BLE_IAS_Init
 .text.Cy_BLE_IAS_RegisterAttrCallback
                0x100828e4       0x1c .\CortexM4\ARM_GCC_541\Debug\cy_ble_ias.o
                0x100828e4                Cy_BLE_IAS_RegisterAttrCallback
 .text.vListInitialise
                0x10082900       0x18 .\CortexM4\ARM_GCC_541\Debug\list.o
                0x10082900                vListInitialise
 .text.vListInitialiseItem
                0x10082918        0x8 .\CortexM4\ARM_GCC_541\Debug\list.o
                0x10082918                vListInitialiseItem
 .text.vListInsertEnd
                0x10082920       0x18 .\CortexM4\ARM_GCC_541\Debug\list.o
                0x10082920                vListInsertEnd
 .text.vListInsert
                0x10082938       0x34 .\CortexM4\ARM_GCC_541\Debug\list.o
                0x10082938                vListInsert
 .text.uxListRemove
                0x1008296c       0x28 .\CortexM4\ARM_GCC_541\Debug\list.o
                0x1008296c                uxListRemove
 .text.prvIsQueueFull
                0x10082994       0x20 .\CortexM4\ARM_GCC_541\Debug\queue.o
 .text.prvIsQueueEmpty
                0x100829b4       0x1c .\CortexM4\ARM_GCC_541\Debug\queue.o
 .text.prvCopyDataToQueue
                0x100829d0       0x54 .\CortexM4\ARM_GCC_541\Debug\queue.o
 .text.prvCopyDataFromQueue
                0x10082a24       0x24 .\CortexM4\ARM_GCC_541\Debug\queue.o
 .text.prvUnlockQueue
                0x10082a48       0x68 .\CortexM4\ARM_GCC_541\Debug\queue.o
 .text.xQueueGenericReset
                0x10082ab0       0x80 .\CortexM4\ARM_GCC_541\Debug\queue.o
                0x10082ab0                xQueueGenericReset
 .text.prvInitialiseNewQueue
                0x10082b30       0x1c .\CortexM4\ARM_GCC_541\Debug\queue.o
 .text.xQueueGenericCreate
                0x10082b4c       0x4c .\CortexM4\ARM_GCC_541\Debug\queue.o
                0x10082b4c                xQueueGenericCreate
 .text.xQueueGenericSend
                0x10082b98      0x190 .\CortexM4\ARM_GCC_541\Debug\queue.o
                0x10082b98                xQueueGenericSend
 .text.xQueueGenericSendFromISR
                0x10082d28       0xe4 .\CortexM4\ARM_GCC_541\Debug\queue.o
                0x10082d28                xQueueGenericSendFromISR
 .text.xQueueReceive
                0x10082e0c      0x158 .\CortexM4\ARM_GCC_541\Debug\queue.o
                0x10082e0c                xQueueReceive
 .text.vQueueAddToRegistry
                0x10082f64       0x28 .\CortexM4\ARM_GCC_541\Debug\queue.o
                0x10082f64                vQueueAddToRegistry
 .text.vQueueWaitForMessageRestricted
                0x10082f8c       0x4c .\CortexM4\ARM_GCC_541\Debug\queue.o
                0x10082f8c                vQueueWaitForMessageRestricted
 .text.prvResetNextTaskUnblockTime
                0x10082fd8       0x2c .\CortexM4\ARM_GCC_541\Debug\tasks.o
 .text.prvDeleteTCB
                0x10083004       0x14 .\CortexM4\ARM_GCC_541\Debug\tasks.o
 .text.prvInitialiseNewTask
                0x10083018       0xa0 .\CortexM4\ARM_GCC_541\Debug\tasks.o
 .text.prvInitialiseTaskLists
                0x100830b8       0x58 .\CortexM4\ARM_GCC_541\Debug\tasks.o
 .text.prvAddNewTaskToReadyList
                0x10083110       0xac .\CortexM4\ARM_GCC_541\Debug\tasks.o
 .text.prvCheckTasksWaitingTermination
                0x100831bc       0x44 .\CortexM4\ARM_GCC_541\Debug\tasks.o
 .text.prvIdleTask
                0x10083200       0x28 .\CortexM4\ARM_GCC_541\Debug\tasks.o
 .text.prvAddCurrentTaskToDelayedList
                0x10083228       0x68 .\CortexM4\ARM_GCC_541\Debug\tasks.o
 .text.xTaskCreate
                0x10083290       0x64 .\CortexM4\ARM_GCC_541\Debug\tasks.o
                0x10083290                xTaskCreate
 .text.vTaskStartScheduler
                0x100832f4       0x7c .\CortexM4\ARM_GCC_541\Debug\tasks.o
                0x100832f4                vTaskStartScheduler
 .text.vTaskSuspendAll
                0x10083370       0x14 .\CortexM4\ARM_GCC_541\Debug\tasks.o
                0x10083370                vTaskSuspendAll
 .text.xTaskGetTickCount
                0x10083384        0xc .\CortexM4\ARM_GCC_541\Debug\tasks.o
                0x10083384                xTaskGetTickCount
 .text.xTaskIncrementTick
                0x10083390       0xfc .\CortexM4\ARM_GCC_541\Debug\tasks.o
                0x10083390                xTaskIncrementTick
 .text.xTaskResumeAll
                0x1008348c       0xf0 .\CortexM4\ARM_GCC_541\Debug\tasks.o
                0x1008348c                xTaskResumeAll
 .text.vTaskSwitchContext
                0x1008357c       0xc8 .\CortexM4\ARM_GCC_541\Debug\tasks.o
                0x1008357c                vTaskSwitchContext
 .text.vTaskPlaceOnEventList
                0x10083644       0x34 .\CortexM4\ARM_GCC_541\Debug\tasks.o
                0x10083644                vTaskPlaceOnEventList
 .text.vTaskPlaceOnEventListRestricted
                0x10083678       0x3c .\CortexM4\ARM_GCC_541\Debug\tasks.o
                0x10083678                vTaskPlaceOnEventListRestricted
 .text.xTaskRemoveFromEventList
                0x100836b4       0x88 .\CortexM4\ARM_GCC_541\Debug\tasks.o
                0x100836b4                xTaskRemoveFromEventList
 .text.vTaskInternalSetTimeOutState
                0x1008373c       0x14 .\CortexM4\ARM_GCC_541\Debug\tasks.o
                0x1008373c                vTaskInternalSetTimeOutState
 .text.xTaskCheckForTimeOut
                0x10083750       0x80 .\CortexM4\ARM_GCC_541\Debug\tasks.o
                0x10083750                xTaskCheckForTimeOut
 .text.vTaskMissedYield
                0x100837d0       0x10 .\CortexM4\ARM_GCC_541\Debug\tasks.o
                0x100837d0                vTaskMissedYield
 .text.xTaskGetSchedulerState
                0x100837e0       0x20 .\CortexM4\ARM_GCC_541\Debug\tasks.o
                0x100837e0                xTaskGetSchedulerState
 .text.prvGetNextExpireTime
                0x10083800       0x20 .\CortexM4\ARM_GCC_541\Debug\timers.o
 .text.prvInsertTimerInActiveList
                0x10083820       0x44 .\CortexM4\ARM_GCC_541\Debug\timers.o
 .text.prvCheckForValidListAndQueue
                0x10083864       0x48 .\CortexM4\ARM_GCC_541\Debug\timers.o
 .text.prvInitialiseNewTimer
                0x100838ac       0x40 .\CortexM4\ARM_GCC_541\Debug\timers.o
 .text.xTimerCreateTimerTask
                0x100838ec       0x50 .\CortexM4\ARM_GCC_541\Debug\timers.o
                0x100838ec                xTimerCreateTimerTask
 .text.xTimerCreate
                0x1008393c       0x34 .\CortexM4\ARM_GCC_541\Debug\timers.o
                0x1008393c                xTimerCreate
 .text.xTimerGenericCommand
                0x10083970       0x6c .\CortexM4\ARM_GCC_541\Debug\timers.o
                0x10083970                xTimerGenericCommand
 .text.prvSwitchTimerLists
                0x100839dc       0x74 .\CortexM4\ARM_GCC_541\Debug\timers.o
 .text.prvSampleTimeNow
                0x10083a50       0x2c .\CortexM4\ARM_GCC_541\Debug\timers.o
 .text.prvProcessExpiredTimer
                0x10083a7c       0x5c .\CortexM4\ARM_GCC_541\Debug\timers.o
 .text.prvProcessTimerOrBlockTask
                0x10083ad8       0x70 .\CortexM4\ARM_GCC_541\Debug\timers.o
 .text.prvProcessReceivedCommands
                0x10083b48       0xbc .\CortexM4\ARM_GCC_541\Debug\timers.o
 .text.prvTimerTask
                0x10083c04       0x18 .\CortexM4\ARM_GCC_541\Debug\timers.o
 .text.prvTaskExitError
                0x10083c1c       0x40 .\CortexM4\ARM_GCC_541\Debug\port.o
 .text.prvPortStartFirstTask
                0x10083c5c       0x28 .\CortexM4\ARM_GCC_541\Debug\port.o
 .text.vPortEnableVFP
                0x10083c84       0x14 .\CortexM4\ARM_GCC_541\Debug\port.o
 .text.pxPortInitialiseStack
                0x10083c98       0x2c .\CortexM4\ARM_GCC_541\Debug\port.o
                0x10083c98                pxPortInitialiseStack
 *fill*         0x10083cc4        0xc 
 .text.SVC_Handler
                0x10083cd0       0x24 .\CortexM4\ARM_GCC_541\Debug\port.o
                0x10083cd0                SVC_Handler
 .text.vPortEnterCritical
                0x10083cf4       0x44 .\CortexM4\ARM_GCC_541\Debug\port.o
                0x10083cf4                vPortEnterCritical
 .text.vPortExitCritical
                0x10083d38       0x2c .\CortexM4\ARM_GCC_541\Debug\port.o
                0x10083d38                vPortExitCritical
 *fill*         0x10083d64        0xc 
 .text.PendSV_Handler
                0x10083d70       0x64 .\CortexM4\ARM_GCC_541\Debug\port.o
                0x10083d70                PendSV_Handler
 .text.SysTick_Handler
                0x10083dd4       0x2c .\CortexM4\ARM_GCC_541\Debug\port.o
                0x10083dd4                SysTick_Handler
 .text.vPortSetupTimerInterrupt
                0x10083e00       0x38 .\CortexM4\ARM_GCC_541\Debug\port.o
                0x10083e00                vPortSetupTimerInterrupt
 .text.xPortStartScheduler
                0x10083e38       0xc4 .\CortexM4\ARM_GCC_541\Debug\port.o
                0x10083e38                xPortStartScheduler
 .text.vPortValidateInterruptPriority
                0x10083efc       0x58 .\CortexM4\ARM_GCC_541\Debug\port.o
                0x10083efc                vPortValidateInterruptPriority
 .text.vApplicationStackOverflowHook
                0x10083f54       0x24 .\CortexM4\ARM_GCC_541\Debug\port.o
                0x10083f54                vApplicationStackOverflowHook
 .text.pvPortMalloc
                0x10083f78       0x60 .\CortexM4\ARM_GCC_541\Debug\heap_1.o
                0x10083f78                pvPortMalloc
 .text.vPortFree
                0x10083fd8       0x18 .\CortexM4\ARM_GCC_541\Debug\heap_1.o
                0x10083fd8                vPortFree
 .text.Cy_BLE_Start
                0x10083ff0       0x38 .\CortexM4\ARM_GCC_541\Debug\BLE.o
                0x10083ff0                Cy_BLE_Start
 .text.Cy_BLE_Stop
                0x10084028        0x8 .\CortexM4\ARM_GCC_541\Debug\BLE.o
                0x10084028                Cy_BLE_Stop
 .text.memcmp   0x10084030       0x1e c:/program files (x86)/cypress/psoc creator/4.2/psoc creator/import/gnu/arm/5.4.1/bin/../lib/gcc/arm-none-eabi/5.4.1/../../../../arm-none-eabi/lib/armv7e-m/softfp\libg_nano.a(lib_a-memcmp.o)
                0x10084030                memcmp
 .text.memcpy   0x1008404e       0x16 c:/program files (x86)/cypress/psoc creator/4.2/psoc creator/import/gnu/arm/5.4.1/bin/../lib/gcc/arm-none-eabi/5.4.1/../../../../arm-none-eabi/lib/armv7e-m/softfp\libg_nano.a(lib_a-memcpy-stub.o)
                0x1008404e                memcpy
 .text.memset   0x10084064       0x10 c:/program files (x86)/cypress/psoc creator/4.2/psoc creator/import/gnu/arm/5.4.1/bin/../lib/gcc/arm-none-eabi/5.4.1/../../../../arm-none-eabi/lib/armv7e-m/softfp\libg_nano.a(lib_a-memset.o)
                0x10084064                memset
 .text._puts_r  0x10084074       0xb4 c:/program files (x86)/cypress/psoc creator/4.2/psoc creator/import/gnu/arm/5.4.1/bin/../lib/gcc/arm-none-eabi/5.4.1/../../../../arm-none-eabi/lib/armv7e-m/softfp\libg_nano.a(lib_a-puts.o)
                0x10084074                _puts_r
 .text.puts     0x10084128       0x10 c:/program files (x86)/cypress/psoc creator/4.2/psoc creator/import/gnu/arm/5.4.1/bin/../lib/gcc/arm-none-eabi/5.4.1/../../../../arm-none-eabi/lib/armv7e-m/softfp\libg_nano.a(lib_a-puts.o)
                0x10084128                puts
 .text.strncpy  0x10084138       0x26 c:/program files (x86)/cypress/psoc creator/4.2/psoc creator/import/gnu/arm/5.4.1/bin/../lib/gcc/arm-none-eabi/5.4.1/../../../../arm-none-eabi/lib/armv7e-m/softfp\libg_nano.a(lib_a-strncpy.o)
                0x10084138                strncpy
 *fill*         0x1008415e        0x2 
 .text.__swbuf_r
                0x10084160       0xa8 c:/program files (x86)/cypress/psoc creator/4.2/psoc creator/import/gnu/arm/5.4.1/bin/../lib/gcc/arm-none-eabi/5.4.1/../../../../arm-none-eabi/lib/armv7e-m/softfp\libg_nano.a(lib_a-wbuf.o)
                0x10084160                __swbuf_r
 .text.__swsetup_r
                0x10084208       0xdc c:/program files (x86)/cypress/psoc creator/4.2/psoc creator/import/gnu/arm/5.4.1/bin/../lib/gcc/arm-none-eabi/5.4.1/../../../../arm-none-eabi/lib/armv7e-m/softfp\libg_nano.a(lib_a-wsetup.o)
                0x10084208                __swsetup_r
 .text.__sflush_r
                0x100842e4      0x110 c:/program files (x86)/cypress/psoc creator/4.2/psoc creator/import/gnu/arm/5.4.1/bin/../lib/gcc/arm-none-eabi/5.4.1/../../../../arm-none-eabi/lib/armv7e-m/softfp\libg_nano.a(lib_a-fflush.o)
                0x100842e4                __sflush_r
 .text._fflush_r
                0x100843f4       0x54 c:/program files (x86)/cypress/psoc creator/4.2/psoc creator/import/gnu/arm/5.4.1/bin/../lib/gcc/arm-none-eabi/5.4.1/../../../../arm-none-eabi/lib/armv7e-m/softfp\libg_nano.a(lib_a-fflush.o)
                0x100843f4                _fflush_r
 .text._cleanup_r
                0x10084448        0xc c:/program files (x86)/cypress/psoc creator/4.2/psoc creator/import/gnu/arm/5.4.1/bin/../lib/gcc/arm-none-eabi/5.4.1/../../../../arm-none-eabi/lib/armv7e-m/softfp\libg_nano.a(lib_a-findfp.o)
                0x10084448                _cleanup_r
 .text.std.isra.0
                0x10084454       0x48 c:/program files (x86)/cypress/psoc creator/4.2/psoc creator/import/gnu/arm/5.4.1/bin/../lib/gcc/arm-none-eabi/5.4.1/../../../../arm-none-eabi/lib/armv7e-m/softfp\libg_nano.a(lib_a-findfp.o)
 .text.__sfmoreglue
                0x1008449c       0x2c c:/program files (x86)/cypress/psoc creator/4.2/psoc creator/import/gnu/arm/5.4.1/bin/../lib/gcc/arm-none-eabi/5.4.1/../../../../arm-none-eabi/lib/armv7e-m/softfp\libg_nano.a(lib_a-findfp.o)
                0x1008449c                __sfmoreglue
 .text.__sinit  0x100844c8       0x60 c:/program files (x86)/cypress/psoc creator/4.2/psoc creator/import/gnu/arm/5.4.1/bin/../lib/gcc/arm-none-eabi/5.4.1/../../../../arm-none-eabi/lib/armv7e-m/softfp\libg_nano.a(lib_a-findfp.o)
                0x100844c8                __sinit
 .text.__sfp    0x10084528       0x78 c:/program files (x86)/cypress/psoc creator/4.2/psoc creator/import/gnu/arm/5.4.1/bin/../lib/gcc/arm-none-eabi/5.4.1/../../../../arm-none-eabi/lib/armv7e-m/softfp\libg_nano.a(lib_a-findfp.o)
                0x10084528                __sfp
 .text._fwalk_reent
                0x100845a0       0x3c c:/program files (x86)/cypress/psoc creator/4.2/psoc creator/import/gnu/arm/5.4.1/bin/../lib/gcc/arm-none-eabi/5.4.1/../../../../arm-none-eabi/lib/armv7e-m/softfp\libg_nano.a(lib_a-fwalk.o)
                0x100845a0                _fwalk_reent
 .text.__swhatbuf_r
                0x100845dc       0x46 c:/program files (x86)/cypress/psoc creator/4.2/psoc creator/import/gnu/arm/5.4.1/bin/../lib/gcc/arm-none-eabi/5.4.1/../../../../arm-none-eabi/lib/armv7e-m/softfp\libg_nano.a(lib_a-makebuf.o)
                0x100845dc                __swhatbuf_r
 *fill*         0x10084622        0x2 
 .text.__smakebuf_r
                0x10084624       0x78 c:/program files (x86)/cypress/psoc creator/4.2/psoc creator/import/gnu/arm/5.4.1/bin/../lib/gcc/arm-none-eabi/5.4.1/../../../../arm-none-eabi/lib/armv7e-m/softfp\libg_nano.a(lib_a-makebuf.o)
                0x10084624                __smakebuf_r
 .text._free_r  0x1008469c       0x9c c:/program files (x86)/cypress/psoc creator/4.2/psoc creator/import/gnu/arm/5.4.1/bin/../lib/gcc/arm-none-eabi/5.4.1/../../../../arm-none-eabi/lib/armv7e-m/softfp\libg_nano.a(lib_a-nano-freer.o)
                0x1008469c                _free_r
 .text._malloc_r
                0x10084738       0xbc c:/program files (x86)/cypress/psoc creator/4.2/psoc creator/import/gnu/arm/5.4.1/bin/../lib/gcc/arm-none-eabi/5.4.1/../../../../arm-none-eabi/lib/armv7e-m/softfp\libg_nano.a(lib_a-nano-mallocr.o)
                0x10084738                _malloc_r
 .text._sbrk_r  0x100847f4       0x20 c:/program files (x86)/cypress/psoc creator/4.2/psoc creator/import/gnu/arm/5.4.1/bin/../lib/gcc/arm-none-eabi/5.4.1/../../../../arm-none-eabi/lib/armv7e-m/softfp\libg_nano.a(lib_a-sbrkr.o)
                0x100847f4                _sbrk_r
 .text.__sread  0x10084814       0x22 c:/program files (x86)/cypress/psoc creator/4.2/psoc creator/import/gnu/arm/5.4.1/bin/../lib/gcc/arm-none-eabi/5.4.1/../../../../arm-none-eabi/lib/armv7e-m/softfp\libg_nano.a(lib_a-stdio.o)
                0x10084814                __sread
 .text.__swrite
                0x10084836       0x38 c:/program files (x86)/cypress/psoc creator/4.2/psoc creator/import/gnu/arm/5.4.1/bin/../lib/gcc/arm-none-eabi/5.4.1/../../../../arm-none-eabi/lib/armv7e-m/softfp\libg_nano.a(lib_a-stdio.o)
                0x10084836                __swrite
 .text.__sseek  0x1008486e       0x24 c:/program files (x86)/cypress/psoc creator/4.2/psoc creator/import/gnu/arm/5.4.1/bin/../lib/gcc/arm-none-eabi/5.4.1/../../../../arm-none-eabi/lib/armv7e-m/softfp\libg_nano.a(lib_a-stdio.o)
                0x1008486e                __sseek
 .text.__sclose
                0x10084892        0x8 c:/program files (x86)/cypress/psoc creator/4.2/psoc creator/import/gnu/arm/5.4.1/bin/../lib/gcc/arm-none-eabi/5.4.1/../../../../arm-none-eabi/lib/armv7e-m/softfp\libg_nano.a(lib_a-stdio.o)
                0x10084892                __sclose
 *fill*         0x1008489a        0x2 
 .text._write_r
                0x1008489c       0x24 c:/program files (x86)/cypress/psoc creator/4.2/psoc creator/import/gnu/arm/5.4.1/bin/../lib/gcc/arm-none-eabi/5.4.1/../../../../arm-none-eabi/lib/armv7e-m/softfp\libg_nano.a(lib_a-writer.o)
                0x1008489c                _write_r
 .text._close_r
                0x100848c0       0x20 c:/program files (x86)/cypress/psoc creator/4.2/psoc creator/import/gnu/arm/5.4.1/bin/../lib/gcc/arm-none-eabi/5.4.1/../../../../arm-none-eabi/lib/armv7e-m/softfp\libg_nano.a(lib_a-closer.o)
                0x100848c0                _close_r
 .text._fstat_r
                0x100848e0       0x24 c:/program files (x86)/cypress/psoc creator/4.2/psoc creator/import/gnu/arm/5.4.1/bin/../lib/gcc/arm-none-eabi/5.4.1/../../../../arm-none-eabi/lib/armv7e-m/softfp\libg_nano.a(lib_a-fstatr.o)
                0x100848e0                _fstat_r
 .text._isatty_r
                0x10084904       0x20 c:/program files (x86)/cypress/psoc creator/4.2/psoc creator/import/gnu/arm/5.4.1/bin/../lib/gcc/arm-none-eabi/5.4.1/../../../../arm-none-eabi/lib/armv7e-m/softfp\libg_nano.a(lib_a-isattyr.o)
                0x10084904                _isatty_r
 .text._lseek_r
                0x10084924       0x24 c:/program files (x86)/cypress/psoc creator/4.2/psoc creator/import/gnu/arm/5.4.1/bin/../lib/gcc/arm-none-eabi/5.4.1/../../../../arm-none-eabi/lib/armv7e-m/softfp\libg_nano.a(lib_a-lseekr.o)
                0x10084924                _lseek_r
 .text.__malloc_lock
                0x10084948        0x2 c:/program files (x86)/cypress/psoc creator/4.2/psoc creator/import/gnu/arm/5.4.1/bin/../lib/gcc/arm-none-eabi/5.4.1/../../../../arm-none-eabi/lib/armv7e-m/softfp\libg_nano.a(lib_a-mlock.o)
                0x10084948                __malloc_lock
 .text.__malloc_unlock
                0x1008494a        0x2 c:/program files (x86)/cypress/psoc creator/4.2/psoc creator/import/gnu/arm/5.4.1/bin/../lib/gcc/arm-none-eabi/5.4.1/../../../../arm-none-eabi/lib/armv7e-m/softfp\libg_nano.a(lib_a-mlock.o)
                0x1008494a                __malloc_unlock
 .text._read_r  0x1008494c       0x24 c:/program files (x86)/cypress/psoc creator/4.2/psoc creator/import/gnu/arm/5.4.1/bin/../lib/gcc/arm-none-eabi/5.4.1/../../../../arm-none-eabi/lib/armv7e-m/softfp\libg_nano.a(lib_a-readr.o)
                0x1008494c                _read_r
 .text._close   0x10084970       0x10 c:/program files (x86)/cypress/psoc creator/4.2/psoc creator/import/gnu/arm/5.4.1/bin/../lib/gcc/arm-none-eabi/5.4.1/../../../../arm-none-eabi/lib/armv7e-m/softfp\libnosys.a(close.o)
                0x10084970                _close
 .text._fstat   0x10084980       0x10 c:/program files (x86)/cypress/psoc creator/4.2/psoc creator/import/gnu/arm/5.4.1/bin/../lib/gcc/arm-none-eabi/5.4.1/../../../../arm-none-eabi/lib/armv7e-m/softfp\libnosys.a(fstat.o)
                0x10084980                _fstat
 .text._isatty  0x10084990       0x10 c:/program files (x86)/cypress/psoc creator/4.2/psoc creator/import/gnu/arm/5.4.1/bin/../lib/gcc/arm-none-eabi/5.4.1/../../../../arm-none-eabi/lib/armv7e-m/softfp\libnosys.a(isatty.o)
                0x10084990                _isatty
 .text._lseek   0x100849a0       0x10 c:/program files (x86)/cypress/psoc creator/4.2/psoc creator/import/gnu/arm/5.4.1/bin/../lib/gcc/arm-none-eabi/5.4.1/../../../../arm-none-eabi/lib/armv7e-m/softfp\libnosys.a(lseek.o)
                0x100849a0                _lseek
 .text._read    0x100849b0       0x10 c:/program files (x86)/cypress/psoc creator/4.2/psoc creator/import/gnu/arm/5.4.1/bin/../lib/gcc/arm-none-eabi/5.4.1/../../../../arm-none-eabi/lib/armv7e-m/softfp\libnosys.a(read.o)
                0x100849b0                _read
 .text._sbrk    0x100849c0       0x1c c:/program files (x86)/cypress/psoc creator/4.2/psoc creator/import/gnu/arm/5.4.1/bin/../lib/gcc/arm-none-eabi/5.4.1/../../../../arm-none-eabi/lib/armv7e-m/softfp\libnosys.a(sbrk.o)
                0x100849c0                _sbrk
 *(.init)
 .init          0x100849dc        0x4 c:/program files (x86)/cypress/psoc creator/4.2/psoc creator/import/gnu/arm/5.4.1/bin/../lib/gcc/arm-none-eabi/5.4.1/armv7e-m/softfp/crti.o
                0x100849dc                _init
 .init          0x100849e0        0x8 c:/program files (x86)/cypress/psoc creator/4.2/psoc creator/import/gnu/arm/5.4.1/bin/../lib/gcc/arm-none-eabi/5.4.1/armv7e-m/softfp/crtn.o
 *(.fini)
 .fini          0x100849e8        0x4 c:/program files (x86)/cypress/psoc creator/4.2/psoc creator/import/gnu/arm/5.4.1/bin/../lib/gcc/arm-none-eabi/5.4.1/armv7e-m/softfp/crti.o
                0x100849e8                _fini
 .fini          0x100849ec        0x8 c:/program files (x86)/cypress/psoc creator/4.2/psoc creator/import/gnu/arm/5.4.1/bin/../lib/gcc/arm-none-eabi/5.4.1/armv7e-m/softfp/crtn.o
 *crtbegin.o(.ctors)
 *crtbegin?.o(.ctors)
 *(EXCLUDE_FILE(*crtend.o *crtend?.o) .ctors)
 *(SORT(.ctors.*))
 *(.ctors)
 *crtbegin.o(.dtors)
 *crtbegin?.o(.dtors)
 *(EXCLUDE_FILE(*crtend.o *crtend?.o) .dtors)
 *(SORT(.dtors.*))
 *(.dtors)
 *(.rodata .rodata.* .constdata .constdata.* .conststring .conststring.*)
 .rodata.str1.4
                0x100849f4       0x4d .\CortexM4\ARM_GCC_541\Debug\ble_task.o
 *fill*         0x10084a41        0x3 
 .rodata.str1.4
                0x10084a44       0x30 .\CortexM4\ARM_GCC_541\Debug\status_led_task.o
 .rodata.str1.4
                0x10084a74       0x63 .\CortexM4\ARM_GCC_541\Debug\main_cm4.o
 *fill*         0x10084ad7        0x1 
 .rodata        0x10084ad8       0x34 .\CortexM4\ARM_GCC_541\Debug\cy_ipc_config.o
 .rodata.str1.4
                0x10084b0c       0x41 .\CortexM4\ARM_GCC_541\Debug\cy_sysint.o
 *fill*         0x10084b4d        0x3 
 .rodata.str1.4
                0x10084b50       0x7f .\CortexM4\ARM_GCC_541\Debug\cy_ipc_drv.o
 *fill*         0x10084bcf        0x1 
 .rodata.str1.4
                0x10084bd0       0x3f .\CortexM4\ARM_GCC_541\Debug\cy_ipc_sema.o
 *fill*         0x10084c0f        0x1 
 .rodata.str1.4
                0x10084c10       0x40 .\CortexM4\ARM_GCC_541\Debug\cy_ipc_pipe.o
                                 0x7f (size before relaxing)
 .rodata.str1.4
                0x10084c50       0xc4 .\CortexM4\ARM_GCC_541\Debug\cy_scb_uart.o
 .rodata.str1.4
                0x10084d14       0x3f .\CortexM4\ARM_GCC_541\Debug\cy_syspm.o
 *fill*         0x10084d53        0x1 
 .rodata        0x10084d54       0x10 .\CortexM4\ARM_GCC_541\Debug\cy_ble.o
 .rodata        0x10084d64      0x100 .\CortexM4\ARM_GCC_541\Debug\cy_ble_hal_pvt.o
 .rodata        0x10084e64        0xa .\CortexM4\ARM_GCC_541\Debug\cy_ble_event_handler.o
 *fill*         0x10084e6e        0x2 
 .rodata.str1.4
                0x10084e70       0x37 .\CortexM4\ARM_GCC_541\Debug\cy_ble_event_handler.o
 *fill*         0x10084ea7        0x1 
 .rodata.str1.4
                0x10084ea8        0x5 .\CortexM4\ARM_GCC_541\Debug\tasks.o
 *fill*         0x10084ead        0x3 
 .rodata.str1.4
                0x10084eb0       0x10 .\CortexM4\ARM_GCC_541\Debug\timers.o
 .rodata.str1.4
                0x10084ec0       0x50 .\CortexM4\ARM_GCC_541\Debug\port.o
 .rodata        0x10084f10      0x182 .\CortexM4\ARM_GCC_541\Debug\BLE_config.o
 *fill*         0x10085092        0x2 
 .rodata        0x10085094        0x4 .\CortexM4\ARM_GCC_541\Debug\BLE_ias_config.o
 .rodata        0x10085098       0x40 .\CortexM4\ARM_GCC_541\Debug\UART_DEBUG.o
                0x10085098                UART_DEBUG_config
 .constdata     0x100850d8       0x18 Generated_Source\PSoC6\pdl\middleware\ble\lib\cy_ble_stack_gcc_host_ipc_cm4.a(BT_os.o)
                0x100850d8                cyBleStackMemoryConfig
 .constdata     0x100850f0       0x58 Generated_Source\PSoC6\pdl\middleware\ble\lib\cy_ble_stack_gcc_host_ipc_cm4.a(l2cap_init.o)
                0x100850f0                l2cap_le_sig_handler
 .constdata     0x10085148       0x3c Generated_Source\PSoC6\pdl\middleware\ble\lib\cy_ble_stack_gcc_host_ipc_cm4.a(fsm_engine_pl.o)
                0x10085148                fsm_module_table
 .constdata     0x10085184      0x110 Generated_Source\PSoC6\pdl\middleware\ble\lib\cy_ble_stack_gcc_host_ipc_cm4.a(gap_hci_iface.o)
                0x10085184                hciCommandCompleteEventHandlers
 .constdata     0x10085294       0x20 Generated_Source\PSoC6\pdl\middleware\ble\lib\cy_ble_stack_gcc_host_ipc_cm4.a(gap_privacy.o)
 .constdata     0x100852b4       0x32 Generated_Source\PSoC6\pdl\middleware\ble\lib\cy_ble_stack_gcc_host_ipc_cm4.a(smp_core.o)
                0x100852b4                smp_iocap_assoc_map
                0x100852cd                smp_sc_iocap_assoc_map
 *fill*         0x100852e6        0x2 
 .constdata     0x100852e8        0xc Generated_Source\PSoC6\pdl\middleware\ble\lib\cy_ble_stack_gcc_host_ipc_cm4.a(smp_interface.o)
                0x100852e8                smp_event_fp
 .constdata     0x100852f4       0x22 Generated_Source\PSoC6\pdl\middleware\ble\lib\cy_ble_stack_gcc_host_ipc_cm4.a(smp_utils.o)
                0x100852f4                smp_event_map
 *fill*         0x10085316        0x2 
 .constdata     0x10085318       0xb4 Generated_Source\PSoC6\pdl\middleware\ble\lib\cy_ble_stack_gcc_host_ipc_cm4.a(smp_fsm_table.o)
                0x10085318                smp_state_event_table
 .constdata     0x100853cc      0x110 Generated_Source\PSoC6\pdl\middleware\ble\lib\cy_ble_stack_gcc_host_ipc_cm4.a(smp_fsm_table.o)
                0x100853cc                smp_event_handler_table
 .constdata     0x100854dc       0x20 Generated_Source\PSoC6\pdl\middleware\ble\lib\cy_ble_stack_gcc_host_ipc_cm4.a(aes_cmac.o)
                0x100854dc                cmac_zero_data
                0x100854ec                cmac_rb_data
 .constdata     0x100854fc       0x60 Generated_Source\PSoC6\pdl\middleware\ble\lib\cy_ble_stack_gcc_host_ipc_cm4.a(att_fsm_table.o)
                0x100854fc                att_state_event_table
 .constdata     0x1008555c       0x58 Generated_Source\PSoC6\pdl\middleware\ble\lib\cy_ble_stack_gcc_host_ipc_cm4.a(att_fsm_table.o)
                0x1008555c                att_event_handler_table
 .rodata.str1.1
                0x100855b4        0x2 c:/program files (x86)/cypress/psoc creator/4.2/psoc creator/import/gnu/arm/5.4.1/bin/../lib/gcc/arm-none-eabi/5.4.1/../../../../arm-none-eabi/lib/armv7e-m/softfp\libg_nano.a(lib_a-impure.o)
 *fill*         0x100855b6        0x2 
 .rodata._global_impure_ptr
                0x100855b8        0x4 c:/program files (x86)/cypress/psoc creator/4.2/psoc creator/import/gnu/arm/5.4.1/bin/../lib/gcc/arm-none-eabi/5.4.1/../../../../arm-none-eabi/lib/armv7e-m/softfp\libg_nano.a(lib_a-impure.o)
                0x100855b8                _global_impure_ptr
 .rodata.__sf_fake_stdin
                0x100855bc       0x20 c:/program files (x86)/cypress/psoc creator/4.2/psoc creator/import/gnu/arm/5.4.1/bin/../lib/gcc/arm-none-eabi/5.4.1/../../../../arm-none-eabi/lib/armv7e-m/softfp\libg_nano.a(lib_a-findfp.o)
                0x100855bc                __sf_fake_stdin
 .rodata.__sf_fake_stdout
                0x100855dc       0x20 c:/program files (x86)/cypress/psoc creator/4.2/psoc creator/import/gnu/arm/5.4.1/bin/../lib/gcc/arm-none-eabi/5.4.1/../../../../arm-none-eabi/lib/armv7e-m/softfp\libg_nano.a(lib_a-findfp.o)
                0x100855dc                __sf_fake_stdout
 .rodata.__sf_fake_stderr
                0x100855fc       0x20 c:/program files (x86)/cypress/psoc creator/4.2/psoc creator/import/gnu/arm/5.4.1/bin/../lib/gcc/arm-none-eabi/5.4.1/../../../../arm-none-eabi/lib/armv7e-m/softfp\libg_nano.a(lib_a-findfp.o)
                0x100855fc                __sf_fake_stderr
 *(.eh_frame*)
 .eh_frame      0x1008561c        0x0 c:/program files (x86)/cypress/psoc creator/4.2/psoc creator/import/gnu/arm/5.4.1/bin/../lib/gcc/arm-none-eabi/5.4.1/armv7e-m/softfp/crtbegin.o
 .eh_frame      0x1008561c        0x4 c:/program files (x86)/cypress/psoc creator/4.2/psoc creator/import/gnu/arm/5.4.1/bin/../lib/gcc/arm-none-eabi/5.4.1/armv7e-m/softfp/crtend.o

.glue_7         0x10085620        0x0
 .glue_7        0x10085620        0x0 linker stubs

.glue_7t        0x10085620        0x0
 .glue_7t       0x10085620        0x0 linker stubs

.vfp11_veneer   0x10085620        0x0
 .vfp11_veneer  0x10085620        0x0 linker stubs

.v4_bx          0x10085620        0x0
 .v4_bx         0x10085620        0x0 linker stubs

.iplt           0x10085620        0x0
 .iplt          0x10085620        0x0 c:/program files (x86)/cypress/psoc creator/4.2/psoc creator/import/gnu/arm/5.4.1/bin/../lib/gcc/arm-none-eabi/5.4.1/armv7e-m/softfp/crtbegin.o

i.CyBleStackMgr_Init
                0x10085620       0xdc
 i.CyBleStackMgr_Init
                0x10085620       0xdc Generated_Source\PSoC6\pdl\middleware\ble\lib\cy_ble_stack_gcc_host_ipc_cm4.a(CyBleStackMgrIP_Interface.o)
                0x10085620                CyBleStackMgr_Init

i.CyBleStackMgr_ProcessBleEvents
                0x100856fc       0x14
 i.CyBleStackMgr_ProcessBleEvents
                0x100856fc       0x14 Generated_Source\PSoC6\pdl\middleware\ble\lib\cy_ble_stack_gcc_host_ipc_cm4.a(CyBleStackMgrIP_Interface.o)
                0x100856fc                CyBleStackMgr_ProcessBleEvents

i.CyBleStackMgr_Shutdown
                0x10085710       0x20
 i.CyBleStackMgr_Shutdown
                0x10085710       0x20 Generated_Source\PSoC6\pdl\middleware\ble\lib\cy_ble_stack_gcc_host_ipc_cm4.a(CyBleStackMgrIP_Interface.o)
                0x10085710                CyBleStackMgr_Shutdown

i.CyBle_GetHeapMemory
                0x10085730       0x3c
 i.CyBle_GetHeapMemory
                0x10085730       0x3c Generated_Source\PSoC6\pdl\middleware\ble\lib\cy_ble_stack_gcc_host_ipc_cm4.a(CyBleStackMgrIP_Interface.o)
                0x10085730                CyBle_GetHeapMemory

i.CyBle_GetNumAppBufferPools
                0x1008576c        0xc
 i.CyBle_GetNumAppBufferPools
                0x1008576c        0xc Generated_Source\PSoC6\pdl\middleware\ble\lib\cy_ble_stack_gcc_host_ipc_cm4.a(CyBleStackMgrIP_Interface.o)
                0x1008576c                CyBle_GetNumAppBufferPools

i.CyBle_HostStackBufferPoolInit
                0x10085778       0xc4
 i.CyBle_HostStackBufferPoolInit
                0x10085778       0xc4 Generated_Source\PSoC6\pdl\middleware\ble\lib\cy_ble_stack_gcc_host_ipc_cm4.a(CyBleStackMgrIP_Interface.o)

i.CyBle_SortBufers
                0x1008583c       0x40
 i.CyBle_SortBufers
                0x1008583c       0x40 Generated_Source\PSoC6\pdl\middleware\ble\lib\cy_ble_stack_gcc_host_ipc_cm4.a(CyBleStackMgrIP_Interface.o)
                0x1008583c                CyBle_SortBufers

i.CyBle_StackGetConfigPtr
                0x1008587c        0x8
 i.CyBle_StackGetConfigPtr
                0x1008587c        0x8 Generated_Source\PSoC6\pdl\middleware\ble\lib\cy_ble_stack_gcc_host_ipc_cm4.a(CyBleStackMgrIP_Interface.o)
                0x1008587c                CyBle_StackGetConfigPtr

i.Cy_BLE_EnablePrivacyFeature
                0x10085884        0x4
 i.Cy_BLE_EnablePrivacyFeature
                0x10085884        0x4 Generated_Source\PSoC6\pdl\middleware\ble\lib\cy_ble_stack_gcc_host_ipc_cm4.a(CyBleStackMgrIP_Interface.o)
                0x10085884                Cy_BLE_EnablePrivacyFeature

i.Cy_BLE_ProcessEvents
                0x10085888        0x4
 i.Cy_BLE_ProcessEvents
                0x10085888        0x4 Generated_Source\PSoC6\pdl\middleware\ble\lib\cy_ble_stack_gcc_host_ipc_cm4.a(CyBleStackMgrIP_Interface.o)
                0x10085888                Cy_BLE_ProcessEvents

i.Cy_BLE_StackEnterLPM
                0x1008588c       0x16
 i.Cy_BLE_StackEnterLPM
                0x1008588c       0x16 Generated_Source\PSoC6\pdl\middleware\ble\lib\cy_ble_stack_gcc_host_ipc_cm4.a(CyBleStackMgrIP_Interface.o)
                0x1008588c                Cy_BLE_StackEnterLPM

i.Cy_BLE_StackGetBleSsState
                0x100858a2        0x4
 i.Cy_BLE_StackGetBleSsState
                0x100858a2        0x4 Generated_Source\PSoC6\pdl\middleware\ble\lib\cy_ble_stack_gcc_host_ipc_cm4.a(CyBleStackMgrIP_Interface.o)
                0x100858a2                Cy_BLE_StackGetBleSsState

i.Cy_BLE_StackGetFeatureConfig
                0x100858a8       0x20
 i.Cy_BLE_StackGetFeatureConfig
                0x100858a8       0x20 Generated_Source\PSoC6\pdl\middleware\ble\lib\cy_ble_stack_gcc_host_ipc_cm4.a(CyBleStackMgrIP_Interface.o)
                0x100858a8                Cy_BLE_StackGetFeatureConfig

i.Cy_BLE_StackInit
                0x100858c8       0x70
 i.Cy_BLE_StackInit
                0x100858c8       0x70 Generated_Source\PSoC6\pdl\middleware\ble\lib\cy_ble_stack_gcc_host_ipc_cm4.a(CyBleStackMgrIP_Interface.o)
                0x100858c8                Cy_BLE_StackInit

i.Cy_BLE_StackSetFeatureConfig
                0x10085938       0x54
 i.Cy_BLE_StackSetFeatureConfig
                0x10085938       0x54 Generated_Source\PSoC6\pdl\middleware\ble\lib\cy_ble_stack_gcc_host_ipc_cm4.a(CyBleStackMgrIP_Interface.o)
                0x10085938                Cy_BLE_StackSetFeatureConfig

i.ble_stack_idle_task_callback
                0x1008598c        0x2
 i.ble_stack_idle_task_callback
                0x1008598c        0x2 Generated_Source\PSoC6\pdl\middleware\ble\lib\cy_ble_stack_gcc_host_ipc_cm4.a(CyBleStackMgrIP_Interface.o)
                0x1008598c                ble_stack_idle_task_callback

i.BT_OSFreeBuf  0x10085990       0x20
 i.BT_OSFreeBuf
                0x10085990       0x20 Generated_Source\PSoC6\pdl\middleware\ble\lib\cy_ble_stack_gcc_host_ipc_cm4.a(BT_os.o)
                0x10085990                BT_OSFreeBuf

i.BT_OSGetBuF   0x100859b0       0x30
 i.BT_OSGetBuF  0x100859b0       0x30 Generated_Source\PSoC6\pdl\middleware\ble\lib\cy_ble_stack_gcc_host_ipc_cm4.a(BT_os.o)
                0x100859b0                BT_OSGetBuF

i.BT_OSMemCreate
                0x100859e0       0x3c
 i.BT_OSMemCreate
                0x100859e0       0x3c Generated_Source\PSoC6\pdl\middleware\ble\lib\cy_ble_stack_gcc_host_ipc_cm4.a(BT_os.o)
                0x100859e0                BT_OSMemCreate

i.BT_alloc_mem_ext
                0x10085a1c       0x40
 i.BT_alloc_mem_ext
                0x10085a1c       0x40 Generated_Source\PSoC6\pdl\middleware\ble\lib\cy_ble_stack_gcc_host_ipc_cm4.a(BT_os.o)
                0x10085a1c                BT_alloc_mem_ext

i.BT_free_mem   0x10085a5c        0xa
 i.BT_free_mem  0x10085a5c        0xa Generated_Source\PSoC6\pdl\middleware\ble\lib\cy_ble_stack_gcc_host_ipc_cm4.a(BT_os.o)
                0x10085a5c                BT_free_mem

i.bt_stack_create_buffer_pool
                0x10085a68       0x2c
 i.bt_stack_create_buffer_pool
                0x10085a68       0x2c Generated_Source\PSoC6\pdl\middleware\ble\lib\cy_ble_stack_gcc_host_ipc_cm4.a(BT_os.o)
                0x10085a68                bt_stack_create_buffer_pool

i.CyBle_CreateBleStackTask
                0x10085a94       0x30
 i.CyBle_CreateBleStackTask
                0x10085a94       0x30 Generated_Source\PSoC6\pdl\middleware\ble\lib\cy_ble_stack_gcc_host_ipc_cm4.a(CyBleStackMgr_StackTaskHandler.o)
                0x10085a94                CyBle_CreateBleStackTask

i.CyBle_SignalBleStackTask
                0x10085ac4       0x38
 i.CyBle_SignalBleStackTask
                0x10085ac4       0x38 Generated_Source\PSoC6\pdl\middleware\ble\lib\cy_ble_stack_gcc_host_ipc_cm4.a(CyBleStackMgr_StackTaskHandler.o)
                0x10085ac4                CyBle_SignalBleStackTask

i.CyBle_StackTaskHandler
                0x10085afc       0x74
 i.CyBle_StackTaskHandler
                0x10085afc       0x74 Generated_Source\PSoC6\pdl\middleware\ble\lib\cy_ble_stack_gcc_host_ipc_cm4.a(CyBleStackMgr_StackTaskHandler.o)
                0x10085afc                CyBle_StackTaskHandler

i.IsStackTaskFree
                0x10085b70        0xc
 i.IsStackTaskFree
                0x10085b70        0xc Generated_Source\PSoC6\pdl\middleware\ble\lib\cy_ble_stack_gcc_host_ipc_cm4.a(CyBleStackMgr_StackTaskHandler.o)
                0x10085b70                IsStackTaskFree

i.storage_bt_init_pl
                0x10085b7c       0x8c
 i.storage_bt_init_pl
                0x10085b7c       0x8c Generated_Source\PSoC6\pdl\middleware\ble\lib\cy_ble_stack_gcc_host_ipc_cm4.a(storage_pl.o)
                0x10085b7c                storage_bt_init_pl

i.storage_bt_reset_offset
                0x10085c08       0x3c
 i.storage_bt_reset_offset
                0x10085c08       0x3c Generated_Source\PSoC6\pdl\middleware\ble\lib\cy_ble_stack_gcc_host_ipc_cm4.a(storage_pl.o)
                0x10085c08                storage_bt_reset_offset

i.storage_manager_init
                0x10085c44       0x54
 i.storage_manager_init
                0x10085c44       0x54 Generated_Source\PSoC6\pdl\middleware\ble\lib\cy_ble_stack_gcc_host_ipc_cm4.a(storage_pl.o)
                0x10085c44                storage_manager_init

i.storage_manager_register_module
                0x10085c98       0x68
 i.storage_manager_register_module
                0x10085c98       0x68 Generated_Source\PSoC6\pdl\middleware\ble\lib\cy_ble_stack_gcc_host_ipc_cm4.a(storage_pl.o)
                0x10085c98                storage_manager_register_module

i.storage_validate_init_params
                0x10085d00       0x98
 i.storage_validate_init_params
                0x10085d00       0x98 Generated_Source\PSoC6\pdl\middleware\ble\lib\cy_ble_stack_gcc_host_ipc_cm4.a(storage_pl.o)
                0x10085d00                storage_validate_init_params

i.OS_init       0x10085d98       0x64
 i.OS_init      0x10085d98       0x64 Generated_Source\PSoC6\pdl\middleware\ble\lib\cy_ble_stack_gcc_host_ipc_cm4.a(mint_os.o)
                0x10085d98                OS_init

i.OS_shutdown   0x10085dfc        0x4
 i.OS_shutdown  0x10085dfc        0x4 Generated_Source\PSoC6\pdl\middleware\ble\lib\cy_ble_stack_gcc_host_ipc_cm4.a(mint_os.o)
                0x10085dfc                OS_shutdown

i.mintos_malloc
                0x10085e00       0x34
 i.mintos_malloc
                0x10085e00       0x34 Generated_Source\PSoC6\pdl\middleware\ble\lib\cy_ble_stack_gcc_host_ipc_cm4.a(mint_os.o)
                0x10085e00                mintos_malloc

i.OS_create_queue
                0x10085e34       0x74
 i.OS_create_queue
                0x10085e34       0x74 Generated_Source\PSoC6\pdl\middleware\ble\lib\cy_ble_stack_gcc_host_ipc_cm4.a(mint_os_queue.o)
                0x10085e34                OS_create_queue

i.OS_enqueue_item
                0x10085ea8       0x9c
 i.OS_enqueue_item
                0x10085ea8       0x9c Generated_Source\PSoC6\pdl\middleware\ble\lib\cy_ble_stack_gcc_host_ipc_cm4.a(mint_os_queue.o)
                0x10085ea8                OS_enqueue_item

i.OS_queue_get_num_of_items
                0x10085f44       0x2c
 i.OS_queue_get_num_of_items
                0x10085f44       0x2c Generated_Source\PSoC6\pdl\middleware\ble\lib\cy_ble_stack_gcc_host_ipc_cm4.a(mint_os_queue.o)
                0x10085f44                OS_queue_get_num_of_items

i.OS_queue_mgmt_init
                0x10085f70       0x58
 i.OS_queue_mgmt_init
                0x10085f70       0x58 Generated_Source\PSoC6\pdl\middleware\ble\lib\cy_ble_stack_gcc_host_ipc_cm4.a(mint_os_queue.o)
                0x10085f70                OS_queue_mgmt_init

i.OS_remove_item
                0x10085fc8       0xb8
 i.OS_remove_item
                0x10085fc8       0xb8 Generated_Source\PSoC6\pdl\middleware\ble\lib\cy_ble_stack_gcc_host_ipc_cm4.a(mint_os_queue.o)
                0x10085fc8                OS_remove_item

i.OS_create_task
                0x10086080       0x88
 i.OS_create_task
                0x10086080       0x88 Generated_Source\PSoC6\pdl\middleware\ble\lib\cy_ble_stack_gcc_host_ipc_cm4.a(mint_os_task.o)
                0x10086080                OS_create_task

i.OS_is_task_free
                0x10086108       0x30
 i.OS_is_task_free
                0x10086108       0x30 Generated_Source\PSoC6\pdl\middleware\ble\lib\cy_ble_stack_gcc_host_ipc_cm4.a(mint_os_task.o)
                0x10086108                OS_is_task_free

i.OS_scheduler  0x10086138       0x64
 i.OS_scheduler
                0x10086138       0x64 Generated_Source\PSoC6\pdl\middleware\ble\lib\cy_ble_stack_gcc_host_ipc_cm4.a(mint_os_task.o)
                0x10086138                OS_scheduler

i.OS_send_signal_to_task
                0x1008619c        0xc
 i.OS_send_signal_to_task
                0x1008619c        0xc Generated_Source\PSoC6\pdl\middleware\ble\lib\cy_ble_stack_gcc_host_ipc_cm4.a(mint_os_task.o)
                0x1008619c                OS_send_signal_to_task

i.OS_send_signal_to_task_context
                0x100861a8       0x3c
 i.OS_send_signal_to_task_context
                0x100861a8       0x3c Generated_Source\PSoC6\pdl\middleware\ble\lib\cy_ble_stack_gcc_host_ipc_cm4.a(mint_os_task.o)

i.OS_task_mgmt_init
                0x100861e4       0x60
 i.OS_task_mgmt_init
                0x100861e4       0x60 Generated_Source\PSoC6\pdl\middleware\ble\lib\cy_ble_stack_gcc_host_ipc_cm4.a(mint_os_task.o)
                0x100861e4                OS_task_mgmt_init

i.mint_buf_mgmt_allocate_buffer
                0x10086244       0x54
 i.mint_buf_mgmt_allocate_buffer
                0x10086244       0x54 Generated_Source\PSoC6\pdl\middleware\ble\lib\cy_ble_stack_gcc_host_ipc_cm4.a(mint_buf_mgmt.o)
                0x10086244                mint_buf_mgmt_allocate_buffer

i.mint_buf_mgmt_create_pool
                0x10086298       0xd4
 i.mint_buf_mgmt_create_pool
                0x10086298       0xd4 Generated_Source\PSoC6\pdl\middleware\ble\lib\cy_ble_stack_gcc_host_ipc_cm4.a(mint_buf_mgmt.o)
                0x10086298                mint_buf_mgmt_create_pool

i.mint_buf_mgmt_free_buffer
                0x1008636c       0xac
 i.mint_buf_mgmt_free_buffer
                0x1008636c       0xac Generated_Source\PSoC6\pdl\middleware\ble\lib\cy_ble_stack_gcc_host_ipc_cm4.a(mint_buf_mgmt.o)
                0x1008636c                mint_buf_mgmt_free_buffer

i.mint_buf_mgmt_init
                0x10086418       0x5c
 i.mint_buf_mgmt_init
                0x10086418       0x5c Generated_Source\PSoC6\pdl\middleware\ble\lib\cy_ble_stack_gcc_host_ipc_cm4.a(mint_buf_mgmt.o)
                0x10086418                mint_buf_mgmt_init

i.mint_buf_mgmt_malloc
                0x10086474       0x28
 i.mint_buf_mgmt_malloc
                0x10086474       0x28 Generated_Source\PSoC6\pdl\middleware\ble\lib\cy_ble_stack_gcc_host_ipc_cm4.a(mint_buf_mgmt.o)
                0x10086474                mint_buf_mgmt_malloc

i.mint_buf_mgmt_pl_init
                0x1008649c       0x44
 i.mint_buf_mgmt_pl_init
                0x1008649c       0x44 Generated_Source\PSoC6\pdl\middleware\ble\lib\cy_ble_stack_gcc_host_ipc_cm4.a(mint_buf_mgmt.o)
                0x1008649c                mint_buf_mgmt_pl_init

i.mint_buf_mgmt_stack_init
                0x100864e0       0x22
 i.mint_buf_mgmt_stack_init
                0x100864e0       0x22 Generated_Source\PSoC6\pdl\middleware\ble\lib\cy_ble_stack_gcc_host_ipc_cm4.a(mint_buf_mgmt.o)
                0x100864e0                mint_buf_mgmt_stack_init

i.mint_buf_mgmt_stack_pop
                0x10086502       0x34
 i.mint_buf_mgmt_stack_pop
                0x10086502       0x34 Generated_Source\PSoC6\pdl\middleware\ble\lib\cy_ble_stack_gcc_host_ipc_cm4.a(mint_buf_mgmt.o)
                0x10086502                mint_buf_mgmt_stack_pop

i.mint_buf_mgmt_stack_push
                0x10086536       0x34
 i.mint_buf_mgmt_stack_push
                0x10086536       0x34 Generated_Source\PSoC6\pdl\middleware\ble\lib\cy_ble_stack_gcc_host_ipc_cm4.a(mint_buf_mgmt.o)
                0x10086536                mint_buf_mgmt_stack_push

i.mint_buf_mgmt_stack_search_item
                0x1008656a       0x2e
 i.mint_buf_mgmt_stack_search_item
                0x1008656a       0x2e Generated_Source\PSoC6\pdl\middleware\ble\lib\cy_ble_stack_gcc_host_ipc_cm4.a(mint_buf_mgmt.o)
                0x1008656a                mint_buf_mgmt_stack_search_item

i.CyBleHost_HciIpcFreePktBuffer
                0x10086598       0x2e
 i.CyBleHost_HciIpcFreePktBuffer
                0x10086598       0x2e Generated_Source\PSoC6\pdl\middleware\ble\lib\cy_ble_stack_gcc_host_ipc_cm4.a(transport_ipc.o)
                0x10086598                CyBleHost_HciIpcFreePktBuffer

i.CyBleHost_HciIpcMsgCompleteReceive
                0x100865c8       0x28
 i.CyBleHost_HciIpcMsgCompleteReceive
                0x100865c8       0x28 Generated_Source\PSoC6\pdl\middleware\ble\lib\cy_ble_stack_gcc_host_ipc_cm4.a(transport_ipc.o)
                0x100865c8                CyBleHost_HciIpcMsgCompleteReceive

i.CyBleHost_HciIpcMsgReceive
                0x100865f0       0x28
 i.CyBleHost_HciIpcMsgReceive
                0x100865f0       0x28 Generated_Source\PSoC6\pdl\middleware\ble\lib\cy_ble_stack_gcc_host_ipc_cm4.a(transport_ipc.o)
                0x100865f0                CyBleHost_HciIpcMsgReceive

i.hci_transport_bt_shutdown
                0x10086618        0x4
 i.hci_transport_bt_shutdown
                0x10086618        0x4 Generated_Source\PSoC6\pdl\middleware\ble\lib\cy_ble_stack_gcc_host_ipc_cm4.a(transport_ipc.o)
                0x10086618                hci_transport_bt_shutdown

i.hci_transport_init
                0x1008661c       0x10
 i.hci_transport_init
                0x1008661c       0x10 Generated_Source\PSoC6\pdl\middleware\ble\lib\cy_ble_stack_gcc_host_ipc_cm4.a(transport_ipc.o)
                0x1008661c                hci_transport_init

i.hci_transport_write_data
                0x1008662c       0x9c
 i.hci_transport_write_data
                0x1008662c       0x9c Generated_Source\PSoC6\pdl\middleware\ble\lib\cy_ble_stack_gcc_host_ipc_cm4.a(transport_ipc.o)
                0x1008662c                hci_transport_write_data

i.CyBleHost_IPC_HAL_Init
                0x100866c8       0x40
 i.CyBleHost_IPC_HAL_Init
                0x100866c8       0x40 Generated_Source\PSoC6\pdl\middleware\ble\lib\cy_ble_stack_gcc_host_ipc_cm4.a(CyBleStackMgr_PSoCIPCHal.o)
                0x100866c8                CyBleHost_IPC_HAL_Init

i.CyBleHost_IPC_HAL_InitWithStaticMem
                0x10086708        0xc
 i.CyBleHost_IPC_HAL_InitWithStaticMem
                0x10086708        0xc Generated_Source\PSoC6\pdl\middleware\ble\lib\cy_ble_stack_gcc_host_ipc_cm4.a(CyBleStackMgr_PSoCIPCHal.o)
                0x10086708                CyBleHost_IPC_HAL_InitWithStaticMem

i.CyBleHost_IPC_HAL_IsQueueEmpty
                0x10086714       0x24
 i.CyBleHost_IPC_HAL_IsQueueEmpty
                0x10086714       0x24 Generated_Source\PSoC6\pdl\middleware\ble\lib\cy_ble_stack_gcc_host_ipc_cm4.a(CyBleStackMgr_PSoCIPCHal.o)
                0x10086714                CyBleHost_IPC_HAL_IsQueueEmpty

i.CyBleHost_IPC_HAL_PipeReleaseCallback
                0x10086738       0x1c
 i.CyBleHost_IPC_HAL_PipeReleaseCallback
                0x10086738       0x1c Generated_Source\PSoC6\pdl\middleware\ble\lib\cy_ble_stack_gcc_host_ipc_cm4.a(CyBleStackMgr_PSoCIPCHal.o)

i.CyBleHost_IPC_HAL_ProcessMsgQ
                0x10086754       0x3c
 i.CyBleHost_IPC_HAL_ProcessMsgQ
                0x10086754       0x3c Generated_Source\PSoC6\pdl\middleware\ble\lib\cy_ble_stack_gcc_host_ipc_cm4.a(CyBleStackMgr_PSoCIPCHal.o)
                0x10086754                CyBleHost_IPC_HAL_ProcessMsgQ

i.CyBleHost_IPC_HAL_PushMessage
                0x10086790       0x48
 i.CyBleHost_IPC_HAL_PushMessage
                0x10086790       0x48 Generated_Source\PSoC6\pdl\middleware\ble\lib\cy_ble_stack_gcc_host_ipc_cm4.a(CyBleStackMgr_PSoCIPCHal.o)

i.CyBleHost_IPC_HAL_Reset
                0x100867d8        0x2
 i.CyBleHost_IPC_HAL_Reset
                0x100867d8        0x2 Generated_Source\PSoC6\pdl\middleware\ble\lib\cy_ble_stack_gcc_host_ipc_cm4.a(CyBleStackMgr_PSoCIPCHal.o)
                0x100867d8                CyBleHost_IPC_HAL_Reset

i.CyBleHost_IPC_HAL_SendEnqueue
                0x100867da       0x10
 i.CyBleHost_IPC_HAL_SendEnqueue
                0x100867da       0x10 Generated_Source\PSoC6\pdl\middleware\ble\lib\cy_ble_stack_gcc_host_ipc_cm4.a(CyBleStackMgr_PSoCIPCHal.o)
                0x100867da                CyBleHost_IPC_HAL_SendEnqueue

i.CyBle_BluetoothOnCmptCB
                0x100867ec       0x60
 i.CyBle_BluetoothOnCmptCB
                0x100867ec       0x60 Generated_Source\PSoC6\pdl\middleware\ble\lib\cy_ble_stack_gcc_host_ipc_cm4.a(host_main.o)

i.CyBle_HostDisableFeatures
                0x1008684c       0x12
 i.CyBle_HostDisableFeatures
                0x1008684c       0x12 Generated_Source\PSoC6\pdl\middleware\ble\lib\cy_ble_stack_gcc_host_ipc_cm4.a(host_main.o)
                0x1008684c                CyBle_HostDisableFeatures

i.CyBle_HostInit
                0x10086860       0x60
 i.CyBle_HostInit
                0x10086860       0x60 Generated_Source\PSoC6\pdl\middleware\ble\lib\cy_ble_stack_gcc_host_ipc_cm4.a(host_main.o)
                0x10086860                CyBle_HostInit

i.CyBle_HostIsStackFree
                0x100868c0       0x16
 i.CyBle_HostIsStackFree
                0x100868c0       0x16 Generated_Source\PSoC6\pdl\middleware\ble\lib\cy_ble_stack_gcc_host_ipc_cm4.a(host_main.o)
                0x100868c0                CyBle_HostIsStackFree

i.CyBle_HostSetFeatureConfig
                0x100868d8       0x80
 i.CyBle_HostSetFeatureConfig
                0x100868d8       0x80 Generated_Source\PSoC6\pdl\middleware\ble\lib\cy_ble_stack_gcc_host_ipc_cm4.a(host_main.o)
                0x100868d8                CyBle_HostSetFeatureConfig

i.CyBle_HostStackHeapDeInit
                0x10086958       0x1e
 i.CyBle_HostStackHeapDeInit
                0x10086958       0x1e Generated_Source\PSoC6\pdl\middleware\ble\lib\cy_ble_stack_gcc_host_ipc_cm4.a(host_main.o)
                0x10086958                CyBle_HostStackHeapDeInit

i.CyBle_HostStackHeapInit
                0x10086978       0x4c
 i.CyBle_HostStackHeapInit
                0x10086978       0x4c Generated_Source\PSoC6\pdl\middleware\ble\lib\cy_ble_stack_gcc_host_ipc_cm4.a(host_main.o)
                0x10086978                CyBle_HostStackHeapInit

i.CyBle_HostStackInit
                0x100869c4       0x30
 i.CyBle_HostStackInit
                0x100869c4       0x30 Generated_Source\PSoC6\pdl\middleware\ble\lib\cy_ble_stack_gcc_host_ipc_cm4.a(host_main.o)
                0x100869c4                CyBle_HostStackInit

i.CyBle_HostStackOn
                0x100869f4       0x30
 i.CyBle_HostStackOn
                0x100869f4       0x30 Generated_Source\PSoC6\pdl\middleware\ble\lib\cy_ble_stack_gcc_host_ipc_cm4.a(host_main.o)

i.CyBle_HostValidateAppBuffers
                0x10086a24       0x4c
 i.CyBle_HostValidateAppBuffers
                0x10086a24       0x4c Generated_Source\PSoC6\pdl\middleware\ble\lib\cy_ble_stack_gcc_host_ipc_cm4.a(host_main.o)
                0x10086a24                CyBle_HostValidateAppBuffers

i.CyBle_HostValidateInputParams
                0x10086a70       0xb8
 i.CyBle_HostValidateInputParams
                0x10086a70       0xb8 Generated_Source\PSoC6\pdl\middleware\ble\lib\cy_ble_stack_gcc_host_ipc_cm4.a(host_main.o)
                0x10086a70                CyBle_HostValidateInputParams

i.CyBle_SendEvToApp
                0x10086b28       0x14
 i.CyBle_SendEvToApp
                0x10086b28       0x14 Generated_Source\PSoC6\pdl\middleware\ble\lib\cy_ble_stack_gcc_host_ipc_cm4.a(host_main.o)
                0x10086b28                CyBle_SendEvToApp

i.CyBle_ShutdownResetComplete
                0x10086b3c       0x68
 i.CyBle_ShutdownResetComplete
                0x10086b3c       0x68 Generated_Source\PSoC6\pdl\middleware\ble\lib\cy_ble_stack_gcc_host_ipc_cm4.a(host_main.o)
                0x10086b3c                CyBle_ShutdownResetComplete

i.CyBle_StackResetGlobalVariables
                0x10086ba4       0x10
 i.CyBle_StackResetGlobalVariables
                0x10086ba4       0x10 Generated_Source\PSoC6\pdl\middleware\ble\lib\cy_ble_stack_gcc_host_ipc_cm4.a(host_main.o)

i.CyBle_StackResetShutdown
                0x10086bb4        0xa
 i.CyBle_StackResetShutdown
                0x10086bb4        0xa Generated_Source\PSoC6\pdl\middleware\ble\lib\cy_ble_stack_gcc_host_ipc_cm4.a(host_main.o)

i.Cy_BLE_StackShutdown
                0x10086bc0       0x20
 i.Cy_BLE_StackShutdown
                0x10086bc0       0x20 Generated_Source\PSoC6\pdl\middleware\ble\lib\cy_ble_stack_gcc_host_ipc_cm4.a(host_main.o)
                0x10086bc0                Cy_BLE_StackShutdown

i.BT_att_access_mtu
                0x10086be0       0x24
 i.BT_att_access_mtu
                0x10086be0       0x24 Generated_Source\PSoC6\pdl\middleware\ble\lib\cy_ble_stack_gcc_host_ipc_cm4.a(att_api.o)
                0x10086be0                BT_att_access_mtu

i.BT_att_check_connected_state
                0x10086c04       0x38
 i.BT_att_check_connected_state
                0x10086c04       0x38 Generated_Source\PSoC6\pdl\middleware\ble\lib\cy_ble_stack_gcc_host_ipc_cm4.a(att_api.o)
                0x10086c04                BT_att_check_connected_state

i.BT_att_get_att_handle_from_device_id
                0x10086c3c       0x34
 i.BT_att_get_att_handle_from_device_id
                0x10086c3c       0x34 Generated_Source\PSoC6\pdl\middleware\ble\lib\cy_ble_stack_gcc_host_ipc_cm4.a(att_api.o)
                0x10086c3c                BT_att_get_att_handle_from_device_id

i.BT_att_get_stop_long_procedure_state
                0x10086c70       0x10
 i.BT_att_get_stop_long_procedure_state
                0x10086c70       0x10 Generated_Source\PSoC6\pdl\middleware\ble\lib\cy_ble_stack_gcc_host_ipc_cm4.a(att_api.o)
                0x10086c70                BT_att_get_stop_long_procedure_state

i.BT_att_register
                0x10086c80       0x24
 i.BT_att_register
                0x10086c80       0x24 Generated_Source\PSoC6\pdl\middleware\ble\lib\cy_ble_stack_gcc_host_ipc_cm4.a(att_api.o)
                0x10086c80                BT_att_register

i.BT_att_send_pdu
                0x10086ca4      0x5a4
 i.BT_att_send_pdu
                0x10086ca4      0x5a4 Generated_Source\PSoC6\pdl\middleware\ble\lib\cy_ble_stack_gcc_host_ipc_cm4.a(att_api.o)
                0x10086ca4                BT_att_send_pdu

i.BT_att_set_stop_long_procedure
                0x10087248       0x20
 i.BT_att_set_stop_long_procedure
                0x10087248       0x20 Generated_Source\PSoC6\pdl\middleware\ble\lib\cy_ble_stack_gcc_host_ipc_cm4.a(att_api.o)
                0x10087248                BT_att_set_stop_long_procedure

i.att_bt_init   0x10087268       0x48
 i.att_bt_init  0x10087268       0x48 Generated_Source\PSoC6\pdl\middleware\ble\lib\cy_ble_stack_gcc_host_ipc_cm4.a(att_init.o)
                0x10087268                att_bt_init

i.att_bt_shutdown
                0x100872b0        0x2
 i.att_bt_shutdown
                0x100872b0        0x2 Generated_Source\PSoC6\pdl\middleware\ble\lib\cy_ble_stack_gcc_host_ipc_cm4.a(att_init.o)
                0x100872b0                att_bt_shutdown

i.att_get_heap_req
                0x100872b2        0x4
 i.att_get_heap_req
                0x100872b2        0x4 Generated_Source\PSoC6\pdl\middleware\ble\lib\cy_ble_stack_gcc_host_ipc_cm4.a(att_init.o)
                0x100872b2                att_get_heap_req

i.att_heap_deinit
                0x100872b8        0xc
 i.att_heap_deinit
                0x100872b8        0xc Generated_Source\PSoC6\pdl\middleware\ble\lib\cy_ble_stack_gcc_host_ipc_cm4.a(att_init.o)
                0x100872b8                att_heap_deinit

i.att_heap_init
                0x100872c4        0xc
 i.att_heap_init
                0x100872c4        0xc Generated_Source\PSoC6\pdl\middleware\ble\lib\cy_ble_stack_gcc_host_ipc_cm4.a(att_init.o)
                0x100872c4                att_heap_init

i.att_init      0x100872d0        0x2
 i.att_init     0x100872d0        0x2 Generated_Source\PSoC6\pdl\middleware\ble\lib\cy_ble_stack_gcc_host_ipc_cm4.a(att_init.o)
                0x100872d0                att_init

i.att_access_state_handler
                0x100872d4       0x18
 i.att_access_state_handler